<!DOCTYPE html PUBLIC "-//W3C//DTD HTML 4.01 Transitional//EN">
<html>
<head>
<meta name="generator" content="Source Insight Version 4.00.0084 Built on 2017-02-26">
<meta charset='UTF-8' />
<style type='text/css'><!--
TD {background-color: #C0C0C0; font-family: 'Verdana', 'Arial', 'Helvetica', Sans-Serif; font-size: 70%; }
.blurb {font-family: 'Verdana', 'Arial', 'Helvetica', Sans-Serif; font-size: 70%; }
.filename {font-family: 'Verdana', 'Arial', 'Helvetica', Sans-Serif; font-size: 120%; font-weight: bold; }
.dirname {font-family: 'Verdana', 'Arial', 'Helvetica', Sans-Serif; font-size: 100%; font-weight: bold; margin-top: 2.5em;}
--></style>
<title>src\interfaces\ecpg\test\expected\compat_informix-rfmtlong.c</title>
<LINK REL=StyleSheet HREF="../../../../../C_Cpp_Source_File.css" TYPE='text/css' MEDIA=screen>
</head>
<body bgcolor=#ffffff>
<table bgcolor='#c0c0c0' width='100%'>
<tr><td><p class='filename'><b>src\interfaces\ecpg\test\expected\compat_informix-rfmtlong.c</b></p></td>
<td align='right'>
Wed Jun 14 08:26:10 2017
</td></tr>
<tr><td><a href='../../../../../Contents.html'>Contents</a></td></tr>
</table>
<pre>
<span class='Comment_Multi_Line'>/* Processed by ecpg (regression mode) */ 
/* These include files are added by the preprocessor */ 
</span><span class='Keyword'>#include </span><span class='String'>&LT;ecpglib.h&GT;</span> 
<span class='Keyword'>#include </span><span class='String'>&LT;ecpgerrno.h&GT;</span> 
<span class='Keyword'>#include </span><span class='String'>&LT;sqlca.h&GT;</span> 
<span class='Comment_Multi_Line'>/* Needed for informix compatibility */ 
</span><span class='Keyword'>#include </span><span class='String'>&LT;ecpg_informix.h&GT;</span> 
<span class='Comment_Multi_Line'>/* End of automatic include section */ 
</span><a name="LN8"></a><span class='Keyword'>#define </span><span class='Declare_Macro'>ECPGdebug</span><span class='Parentheses'>(</span><span class='Declare_Parameter'>X</span><span class='Delimiter'>,</span><span class='Declare_Parameter'>Y</span><span class='Parentheses'>) </span><a href="preproc-define.c.html#LN6"><span class='Ref_to_Macro'>ECPGdebug</span></a><span class='Parentheses'>((</span><a href="compat_informix-rfmtlong.c.html#LN8"><span class='Ref_to_Parameter'>X</span></a><span class='Parentheses'>)</span><span class='Operator'>+</span><span class='Number'>100</span><span class='Delimiter'>,</span><span class='Parentheses'>(</span><a href="compat_informix-rfmtlong.c.html#LN8"><span class='Ref_to_Parameter'>Y</span></a><span class='Parentheses'>))</span> 
 
#line <span class='Number'>1</span> <span class='String'>"rfmtlong.pgc"</span> 
<span class='Keyword'>#include </span><span class='String'>&LT;stdio.h&GT;</span> 
<span class='Keyword'>#include </span><span class='String'>&LT;stdlib.h&GT;</span> 
<span class='Keyword'>#include </span><span class='String'>&LT;pgtypes_error.h&GT;</span> 
<span class='Keyword'>#include </span><span class='String'>&LT;sqltypes.h&GT;</span> 
 
<span class='Comment_Multi_Line'>/* 
 * This file tests various forms of long-input/output by means of 
 * rfmtlong 
 */ 
</span> 
 
<span class='Keyword'>static void 
</span><a name="LN23"></a><span class='Declare_Prototype'>check_return</span><span class='Parentheses'>(</span><span class='Keyword'>int </span><span class='Declare_Parameter'>ret</span><span class='Parentheses'>)</span><span class='Delimiter'>; 
</span> 
<span class='Keyword'>static void 
</span><a name="LN26"></a><span class='Declare_Function'>fmtlong</span><span class='Parentheses'>(</span><span class='Keyword'>long </span><span class='Declare_Parameter'>lng</span><span class='Delimiter'>, </span><span class='Keyword'>char </span><span class='Operator'>*</span><span class='Declare_Parameter'>fmt</span><span class='Parentheses'>) 
</span><span class='Delimiter'>{ 
</span><a name="LN28"></a>    <span class='Keyword'>static int </span><span class='Declare_Local'>i</span><span class='Delimiter'>; 
</span><a name="LN29"></a>    <span class='Keyword'>int </span><span class='Declare_Local'>r</span><span class='Delimiter'>; 
</span><a name="LN30"></a>    <span class='Keyword'>char </span><span class='Declare_Local'>buf</span><span class='Delimiter'>[</span><span class='Number'>30</span><span class='Delimiter'>]; 
</span> 
    <a href="compat_informix-rfmtlong.c.html#LN29"><span class='Ref_To_Local'>r</span></a> <span class='Operator'>= </span><a href="../../include/ecpg_informix.h.html#LN44"><span class='Ref_to_Proto'>rfmtlong</span></a><span class='Parentheses'>(</span><a href="compat_informix-rfmtlong.c.html#LN26"><span class='Ref_to_Parameter'>lng</span></a><span class='Delimiter'>, </span><a href="compat_informix-rfmtlong.c.html#LN26"><span class='Ref_to_Parameter'>fmt</span></a><span class='Delimiter'>, </span><a href="compat_informix-rfmtlong.c.html#LN30"><span class='Ref_To_Local'>buf</span></a><span class='Parentheses'>)</span><span class='Delimiter'>; 
</span>    <a href="../../../../include/port.h.html#LN173"><span class='Ref_to_Macro'>printf</span></a><span class='Parentheses'>(</span><span class='String'>"r: %d "</span><span class='Delimiter'>, </span><a href="compat_informix-rfmtlong.c.html#LN29"><span class='Ref_To_Local'>r</span></a><span class='Parentheses'>)</span><span class='Delimiter'>; 
</span>    <span class='Control'>if</span> <span class='Parentheses'>(</span><a href="compat_informix-rfmtlong.c.html#LN29"><span class='Ref_To_Local'>r</span></a> <span class='Operator'>== </span><span class='Number'>0</span><span class='Parentheses'>) 
</span>    <span class='Delimiter'>{ 
</span>        <a href="../../../../include/port.h.html#LN173"><span class='Ref_to_Macro'>printf</span></a><span class='Parentheses'>(</span><span class='String'>"%d: %s (fmt was: %s)\n"</span><span class='Delimiter'>, </span><a href="compat_informix-rfmtlong.c.html#LN28"><span class='Ref_To_Local'>i</span></a><span class='Operator'>++</span><span class='Delimiter'>, </span><a href="compat_informix-rfmtlong.c.html#LN30"><span class='Ref_To_Local'>buf</span></a><span class='Delimiter'>, </span><a href="compat_informix-rfmtlong.c.html#LN26"><span class='Ref_to_Parameter'>fmt</span></a><span class='Parentheses'>)</span><span class='Delimiter'>; 
</span>    <span class='Delimiter'>} 
</span>    <span class='Control'>else</span> 
        <a href="compat_informix-rfmtdate.c.html#LN22"><span class='Ref_to_Proto'>check_return</span></a><span class='Parentheses'>(</span><a href="compat_informix-rfmtlong.c.html#LN29"><span class='Ref_To_Local'>r</span></a><span class='Parentheses'>)</span><span class='Delimiter'>; 
} 
</span> 
<span class='Keyword'>int 
</span><a name="LN43"></a><span class='Declare_Function'>main</span><span class='Parentheses'>(</span><span class='Keyword'>void</span><span class='Parentheses'>) 
</span><span class='Delimiter'>{ 
</span>    <a href="preproc-define.c.html#LN6"><span class='Ref_to_Macro'>ECPGdebug</span></a><span class='Parentheses'>(</span><span class='Number'>1</span><span class='Delimiter'>, </span>stderr<span class='Parentheses'>)</span><span class='Delimiter'>; 
</span> 
    <a href="compat_informix-rfmtlong.c.html#LN25"><span class='Ref_to_Func'>fmtlong</span></a><span class='Parentheses'>(</span><span class='Operator'>-</span><span class='Number'>8494493</span><span class='Delimiter'>, </span><span class='String'>"-&LT;&LT;&LT;&LT;,&LT;&LT;&LT;,&LT;&LT;&LT;,&LT;&LT;&LT;"</span><span class='Parentheses'>)</span><span class='Delimiter'>; 
</span>    <a href="compat_informix-rfmtlong.c.html#LN25"><span class='Ref_to_Func'>fmtlong</span></a><span class='Parentheses'>(</span><span class='Operator'>-</span><span class='Number'>8494493</span><span class='Delimiter'>, </span><span class='String'>"################"</span><span class='Parentheses'>)</span><span class='Delimiter'>; 
</span>    <a href="compat_informix-rfmtlong.c.html#LN25"><span class='Ref_to_Func'>fmtlong</span></a><span class='Parentheses'>(</span><span class='Operator'>-</span><span class='Number'>8494493</span><span class='Delimiter'>, </span><span class='String'>"+++$$$$$$$$$$$$$.##"</span><span class='Parentheses'>)</span><span class='Delimiter'>; 
</span>    <a href="compat_informix-rfmtlong.c.html#LN25"><span class='Ref_to_Func'>fmtlong</span></a><span class='Parentheses'>(</span><span class='Operator'>-</span><span class='Number'>8494493</span><span class='Delimiter'>, </span><span class='String'>"(&,&&&,&&&,&&&.)"</span><span class='Parentheses'>)</span><span class='Delimiter'>; 
</span>    <a href="compat_informix-rfmtlong.c.html#LN25"><span class='Ref_to_Func'>fmtlong</span></a><span class='Parentheses'>(</span><span class='Operator'>-</span><span class='Number'>8494493</span><span class='Delimiter'>, </span><span class='String'>"&LT;&LT;&LT;&LT;,&LT;&LT;&LT;,&LT;&LT;&LT;,&LT;&LT;&LT;"</span><span class='Parentheses'>)</span><span class='Delimiter'>; 
</span>    <a href="compat_informix-rfmtlong.c.html#LN25"><span class='Ref_to_Func'>fmtlong</span></a><span class='Parentheses'>(</span><span class='Operator'>-</span><span class='Number'>8494493</span><span class='Delimiter'>, </span><span class='String'>"$************.**"</span><span class='Parentheses'>)</span><span class='Delimiter'>; 
</span>    <a href="compat_informix-rfmtlong.c.html#LN25"><span class='Ref_to_Func'>fmtlong</span></a><span class='Parentheses'>(</span><span class='Operator'>-</span><span class='Number'>8494493</span><span class='Delimiter'>, </span><span class='String'>"---$************.**"</span><span class='Parentheses'>)</span><span class='Delimiter'>; 
</span>    <a href="compat_informix-rfmtlong.c.html#LN25"><span class='Ref_to_Func'>fmtlong</span></a><span class='Parentheses'>(</span><span class='Operator'>-</span><span class='Number'>8494493</span><span class='Delimiter'>, </span><span class='String'>"+-+################"</span><span class='Parentheses'>)</span><span class='Delimiter'>; 
</span>    <a href="compat_informix-rfmtlong.c.html#LN25"><span class='Ref_to_Func'>fmtlong</span></a><span class='Parentheses'>(</span><span class='Operator'>-</span><span class='Number'>8494493</span><span class='Delimiter'>, </span><span class='String'>"abc: ################+-+"</span><span class='Parentheses'>)</span><span class='Delimiter'>; 
</span>    <a href="compat_informix-rfmtlong.c.html#LN25"><span class='Ref_to_Func'>fmtlong</span></a><span class='Parentheses'>(</span><span class='Operator'>-</span><span class='Number'>8494493</span><span class='Delimiter'>, </span><span class='String'>"+&LT;&LT;&LT;&LT;,&LT;&LT;&LT;,&LT;&LT;&LT;,&LT;&LT;&LT;"</span><span class='Parentheses'>)</span><span class='Delimiter'>; 
</span> 
    <span class='Control'>return</span> <span class='Parentheses'>(</span><span class='Number'>0</span><span class='Parentheses'>)</span><span class='Delimiter'>; 
} 
</span> 
<span class='Keyword'>static void 
</span><a name="LN62"></a><span class='Declare_Function'>check_return</span><span class='Parentheses'>(</span><span class='Keyword'>int </span><span class='Declare_Parameter'>ret</span><span class='Parentheses'>) 
</span><span class='Delimiter'>{ 
</span>    <span class='Control'>switch</span><span class='Parentheses'>(</span><a href="compat_informix-rfmtlong.c.html#LN62"><span class='Ref_to_Parameter'>ret</span></a><span class='Parentheses'>) 
</span>    <span class='Delimiter'>{ 
</span>        <span class='Control'>case</span> <a href="../../include/ecpg_informix.h.html#LN24"><span class='Ref_to_Const'>ECPG_INFORMIX_ENOTDMY</span></a><span class='Operator'>: 
</span>            <a href="../../../../include/port.h.html#LN173"><span class='Ref_to_Macro'>printf</span></a><span class='Parentheses'>(</span><span class='String'>"(ECPG_INFORMIX_ENOTDMY)"</span><span class='Parentheses'>)</span><span class='Delimiter'>; 
</span>            <span class='Control'>break</span><span class='Delimiter'>; 
</span>        <span class='Control'>case</span> <a href="../../include/ecpg_informix.h.html#LN21"><span class='Ref_to_Const'>ECPG_INFORMIX_ENOSHORTDATE</span></a><span class='Operator'>: 
</span>            <a href="../../../../include/port.h.html#LN173"><span class='Ref_to_Macro'>printf</span></a><span class='Parentheses'>(</span><span class='String'>"(ECPG_INFORMIX_ENOSHORTDATE)"</span><span class='Parentheses'>)</span><span class='Delimiter'>; 
</span>            <span class='Control'>break</span><span class='Delimiter'>; 
</span>        <span class='Control'>case</span> <a href="../../include/ecpg_informix.h.html#LN20"><span class='Ref_to_Const'>ECPG_INFORMIX_BAD_DAY</span></a><span class='Operator'>: 
</span>            <a href="../../../../include/port.h.html#LN173"><span class='Ref_to_Macro'>printf</span></a><span class='Parentheses'>(</span><span class='String'>"(ECPG_INFORMIX_BAD_DAY)"</span><span class='Parentheses'>)</span><span class='Delimiter'>; 
</span>            <span class='Control'>break</span><span class='Delimiter'>; 
</span>        <span class='Control'>case</span> <a href="../../include/ecpg_informix.h.html#LN19"><span class='Ref_to_Const'>ECPG_INFORMIX_BAD_MONTH</span></a><span class='Operator'>: 
</span>            <a href="../../../../include/port.h.html#LN173"><span class='Ref_to_Macro'>printf</span></a><span class='Parentheses'>(</span><span class='String'>"(ECPG_INFORMIX_BAD_MONTH)"</span><span class='Parentheses'>)</span><span class='Delimiter'>; 
</span>            <span class='Control'>break</span><span class='Delimiter'>; 
</span>        <span class='Control'>default</span><span class='Operator'>: 
</span>            <a href="../../../../include/port.h.html#LN173"><span class='Ref_to_Macro'>printf</span></a><span class='Parentheses'>(</span><span class='String'>"(unknown ret: %d)"</span><span class='Delimiter'>, </span><a href="compat_informix-rfmtlong.c.html#LN62"><span class='Ref_to_Parameter'>ret</span></a><span class='Parentheses'>)</span><span class='Delimiter'>; 
</span>            <span class='Control'>break</span><span class='Delimiter'>; 
</span>    <span class='Delimiter'>} 
</span>    <a href="../../../../include/port.h.html#LN173"><span class='Ref_to_Macro'>printf</span></a><span class='Parentheses'>(</span><span class='String'>"\n"</span><span class='Parentheses'>)</span><span class='Delimiter'>; 
}</span><span class='Auto_Annotations'> &laquo; end check_return &raquo; </span> 
</pre>
<table bgcolor='#c0c0c0' width='100%'><tr><td><a href='../../../../../Contents.html'>Contents</a></td></tr>
</table><hr><p class='blurb' align='center'><a href='http://www.sourceinsight.com'>HTML Created by Source Insight Version 4.00.0084 Built on 2017-02-26</a></p>
</body></html>