<!DOCTYPE html PUBLIC "-//W3C//DTD HTML 4.01 Transitional//EN">
<html>
<head>
<meta name="generator" content="Source Insight Version 4.00.0084 Built on 2017-02-26">
<meta charset='UTF-8' />
<style type='text/css'><!--
TD {background-color: #C0C0C0; font-family: 'Verdana', 'Arial', 'Helvetica', Sans-Serif; font-size: 70%; }
.blurb {font-family: 'Verdana', 'Arial', 'Helvetica', Sans-Serif; font-size: 70%; }
.filename {font-family: 'Verdana', 'Arial', 'Helvetica', Sans-Serif; font-size: 120%; font-weight: bold; }
.dirname {font-family: 'Verdana', 'Arial', 'Helvetica', Sans-Serif; font-size: 100%; font-weight: bold; margin-top: 2.5em;}
--></style>
<title>src\interfaces\ecpg\test\expected\compat_informix-rfmtdate.c</title>
<LINK REL=StyleSheet HREF="../../../../../C_Cpp_Source_File.css" TYPE='text/css' MEDIA=screen>
</head>
<body bgcolor=#ffffff>
<table bgcolor='#c0c0c0' width='100%'>
<tr><td><p class='filename'><b>src\interfaces\ecpg\test\expected\compat_informix-rfmtdate.c</b></p></td>
<td align='right'>
Wed Jun 14 08:26:10 2017
</td></tr>
<tr><td><a href='../../../../../Contents.html'>Contents</a></td></tr>
</table>
<pre>
<span class='Comment_Multi_Line'>/* Processed by ecpg (regression mode) */ 
/* These include files are added by the preprocessor */ 
</span><span class='Keyword'>#include </span><span class='String'>&LT;ecpglib.h&GT;</span> 
<span class='Keyword'>#include </span><span class='String'>&LT;ecpgerrno.h&GT;</span> 
<span class='Keyword'>#include </span><span class='String'>&LT;sqlca.h&GT;</span> 
<span class='Comment_Multi_Line'>/* Needed for informix compatibility */ 
</span><span class='Keyword'>#include </span><span class='String'>&LT;ecpg_informix.h&GT;</span> 
<span class='Comment_Multi_Line'>/* End of automatic include section */ 
</span><a name="LN8"></a><span class='Keyword'>#define </span><span class='Declare_Macro'>ECPGdebug</span><span class='Parentheses'>(</span><span class='Declare_Parameter'>X</span><span class='Delimiter'>,</span><span class='Declare_Parameter'>Y</span><span class='Parentheses'>) </span><a href="preproc-define.c.html#LN6"><span class='Ref_to_Macro'>ECPGdebug</span></a><span class='Parentheses'>((</span><a href="compat_informix-rfmtdate.c.html#LN8"><span class='Ref_to_Parameter'>X</span></a><span class='Parentheses'>)</span><span class='Operator'>+</span><span class='Number'>100</span><span class='Delimiter'>,</span><span class='Parentheses'>(</span><a href="compat_informix-rfmtdate.c.html#LN8"><span class='Ref_to_Parameter'>Y</span></a><span class='Parentheses'>))</span> 
 
#line <span class='Number'>1</span> <span class='String'>"rfmtdate.pgc"</span> 
<span class='Keyword'>#include </span><span class='String'>&LT;stdio.h&GT;</span> 
<span class='Keyword'>#include </span><span class='String'>&LT;stdlib.h&GT;</span> 
<span class='Keyword'>#include </span><span class='String'>&LT;pgtypes_error.h&GT;</span> 
<span class='Keyword'>#include </span><span class='String'>&LT;sqltypes.h&GT;</span> 
 
<span class='Comment_Multi_Line'>/* 
 * This file tests various forms of date-input/output by means of 
 * rfmtdate / rdefmtdate / rstrdate 
 */ 
</span> 
 
<span class='Keyword'>static void 
</span><a name="LN23"></a><span class='Declare_Prototype'>check_return</span><span class='Parentheses'>(</span><span class='Keyword'>int </span><span class='Declare_Parameter'>ret</span><span class='Parentheses'>)</span><span class='Delimiter'>; 
</span> 
<span class='Keyword'>static void 
</span><a name="LN26"></a><span class='Declare_Function'>date_test_strdate</span><span class='Parentheses'>(</span><span class='Keyword'>char </span><span class='Operator'>*</span><span class='Declare_Parameter'>input</span><span class='Parentheses'>) 
</span><span class='Delimiter'>{ 
</span><a name="LN28"></a>    <span class='Keyword'>static int </span><span class='Declare_Local'>i</span><span class='Delimiter'>; 
</span><a name="LN29"></a>    <a href="../../include/pgtypes_date.h.html#LN7"><span class='Ref_to_Typedef'>date</span></a> <span class='Declare_Local'>d</span><span class='Delimiter'>; 
</span><a name="LN30"></a>    <span class='Keyword'>int </span><span class='Declare_Local'>r</span><span class='Delimiter'>, </span><span class='Declare_Local'>q</span><span class='Delimiter'>; 
</span><a name="LN31"></a>    <span class='Keyword'>char </span><span class='Declare_Local'>dbuf</span><span class='Delimiter'>[</span><span class='Number'>11</span><span class='Delimiter'>]; 
</span> 
    <a href="compat_informix-rfmtdate.c.html#LN30"><span class='Ref_To_Local'>r</span></a> <span class='Operator'>= </span><a href="../../include/ecpg_informix.h.html#LN41"><span class='Ref_to_Proto'>rstrdate</span></a><span class='Parentheses'>(</span><a href="compat_informix-rfmtdate.c.html#LN26"><span class='Ref_to_Parameter'>input</span></a><span class='Delimiter'>, </span><span class='Operator'>&</span><a href="compat_informix-rfmtdate.c.html#LN29"><span class='Ref_To_Local'>d</span></a><span class='Parentheses'>)</span><span class='Delimiter'>; 
</span>    <a href="../../../../include/port.h.html#LN173"><span class='Ref_to_Macro'>printf</span></a><span class='Parentheses'>(</span><span class='String'>"r: %d "</span><span class='Delimiter'>, </span><a href="compat_informix-rfmtdate.c.html#LN30"><span class='Ref_To_Local'>r</span></a><span class='Parentheses'>)</span><span class='Delimiter'>; 
</span>    <span class='Control'>if</span> <span class='Parentheses'>(</span><a href="compat_informix-rfmtdate.c.html#LN30"><span class='Ref_To_Local'>r</span></a> <span class='Operator'>== </span><span class='Number'>0</span><span class='Parentheses'>) 
</span>    <span class='Delimiter'>{ 
</span>        <a href="compat_informix-rfmtdate.c.html#LN30"><span class='Ref_To_Local'>q</span></a> <span class='Operator'>= </span><a href="../../include/ecpg_informix.h.html#LN35"><span class='Ref_to_Proto'>rdatestr</span></a><span class='Parentheses'>(</span><a href="compat_informix-rfmtdate.c.html#LN29"><span class='Ref_To_Local'>d</span></a><span class='Delimiter'>, </span><a href="compat_informix-rfmtdate.c.html#LN31"><span class='Ref_To_Local'>dbuf</span></a><span class='Parentheses'>)</span><span class='Delimiter'>; 
</span>        <a href="../../../../include/port.h.html#LN173"><span class='Ref_to_Macro'>printf</span></a><span class='Parentheses'>(</span><span class='String'>"q: %d "</span><span class='Delimiter'>, </span><a href="compat_informix-rfmtdate.c.html#LN30"><span class='Ref_To_Local'>q</span></a><span class='Parentheses'>)</span><span class='Delimiter'>; 
</span>        <span class='Control'>if</span> <span class='Parentheses'>(</span><a href="compat_informix-rfmtdate.c.html#LN30"><span class='Ref_To_Local'>q</span></a> <span class='Operator'>== </span><span class='Number'>0</span><span class='Parentheses'>) 
</span>        <span class='Delimiter'>{ 
</span>            <a href="../../../../include/port.h.html#LN173"><span class='Ref_to_Macro'>printf</span></a><span class='Parentheses'>(</span><span class='String'>"date %d: %s\n"</span><span class='Delimiter'>, </span><a href="compat_informix-rfmtdate.c.html#LN28"><span class='Ref_To_Local'>i</span></a><span class='Operator'>++</span><span class='Delimiter'>, </span><a href="compat_informix-rfmtdate.c.html#LN31"><span class='Ref_To_Local'>dbuf</span></a><span class='Parentheses'>)</span><span class='Delimiter'>; 
</span>        <span class='Delimiter'>} 
</span>        <span class='Control'>else</span> 
            <a href="../../../../include/port.h.html#LN173"><span class='Ref_to_Macro'>printf</span></a><span class='Parentheses'>(</span><span class='String'>"\n"</span><span class='Parentheses'>)</span><span class='Delimiter'>; 
</span>    <span class='Delimiter'>} 
</span>    <span class='Control'>else</span> 
        <a href="compat_informix-rfmtlong.c.html#LN22"><span class='Ref_to_Proto'>check_return</span></a><span class='Parentheses'>(</span><a href="compat_informix-rfmtdate.c.html#LN30"><span class='Ref_To_Local'>r</span></a><span class='Parentheses'>)</span><span class='Delimiter'>; 
}</span><span class='Auto_Annotations'> &laquo; end date_test_strdate &raquo; </span> 
 
<span class='Keyword'>static void 
</span><a name="LN51"></a><span class='Declare_Function'>date_test_defmt</span><span class='Parentheses'>(</span><span class='Keyword'>char </span><span class='Operator'>*</span><span class='Declare_Parameter'>fmt</span><span class='Delimiter'>, </span><span class='Keyword'>char </span><span class='Operator'>*</span><span class='Declare_Parameter'>input</span><span class='Parentheses'>) 
</span><span class='Delimiter'>{ 
</span><a name="LN53"></a>    <span class='Keyword'>static int </span><span class='Declare_Local'>i</span><span class='Delimiter'>; 
</span><a name="LN54"></a>    <span class='Keyword'>char </span><span class='Declare_Local'>dbuf</span><span class='Delimiter'>[</span><span class='Number'>11</span><span class='Delimiter'>]; 
</span><a name="LN55"></a>    <a href="../../include/pgtypes_date.h.html#LN7"><span class='Ref_to_Typedef'>date</span></a> <span class='Declare_Local'>d</span><span class='Delimiter'>; 
</span><a name="LN56"></a>    <span class='Keyword'>int </span><span class='Declare_Local'>q</span><span class='Delimiter'>, </span><span class='Declare_Local'>r</span><span class='Delimiter'>; 
</span> 
    <a href="compat_informix-rfmtdate.c.html#LN56"><span class='Ref_To_Local'>r</span></a> <span class='Operator'>= </span><a href="../../include/ecpg_informix.h.html#LN38"><span class='Ref_to_Proto'>rdefmtdate</span></a><span class='Parentheses'>(</span><span class='Operator'>&</span><a href="compat_informix-rfmtdate.c.html#LN55"><span class='Ref_To_Local'>d</span></a><span class='Delimiter'>, </span><a href="compat_informix-rfmtdate.c.html#LN51"><span class='Ref_to_Parameter'>fmt</span></a><span class='Delimiter'>, </span><a href="compat_informix-rfmtdate.c.html#LN51"><span class='Ref_to_Parameter'>input</span></a><span class='Parentheses'>)</span><span class='Delimiter'>; 
</span>    <a href="../../../../include/port.h.html#LN173"><span class='Ref_to_Macro'>printf</span></a><span class='Parentheses'>(</span><span class='String'>"r: %d "</span><span class='Delimiter'>, </span><a href="compat_informix-rfmtdate.c.html#LN56"><span class='Ref_To_Local'>r</span></a><span class='Parentheses'>)</span><span class='Delimiter'>; 
</span>    <span class='Control'>if</span> <span class='Parentheses'>(</span><a href="compat_informix-rfmtdate.c.html#LN56"><span class='Ref_To_Local'>r</span></a> <span class='Operator'>== </span><span class='Number'>0</span><span class='Parentheses'>) 
</span>    <span class='Delimiter'>{ 
</span>        <a href="compat_informix-rfmtdate.c.html#LN56"><span class='Ref_To_Local'>q</span></a> <span class='Operator'>= </span><a href="../../include/ecpg_informix.h.html#LN35"><span class='Ref_to_Proto'>rdatestr</span></a><span class='Parentheses'>(</span><a href="compat_informix-rfmtdate.c.html#LN55"><span class='Ref_To_Local'>d</span></a><span class='Delimiter'>, </span><a href="compat_informix-rfmtdate.c.html#LN54"><span class='Ref_To_Local'>dbuf</span></a><span class='Parentheses'>)</span><span class='Delimiter'>; 
</span>        <a href="../../../../include/port.h.html#LN173"><span class='Ref_to_Macro'>printf</span></a><span class='Parentheses'>(</span><span class='String'>"q: %d "</span><span class='Delimiter'>, </span><a href="compat_informix-rfmtdate.c.html#LN56"><span class='Ref_To_Local'>q</span></a><span class='Parentheses'>)</span><span class='Delimiter'>; 
</span>        <span class='Control'>if</span> <span class='Parentheses'>(</span><a href="compat_informix-rfmtdate.c.html#LN56"><span class='Ref_To_Local'>q</span></a> <span class='Operator'>== </span><span class='Number'>0</span><span class='Parentheses'>) 
</span>        <span class='Delimiter'>{ 
</span>            <a href="../../../../include/port.h.html#LN173"><span class='Ref_to_Macro'>printf</span></a><span class='Parentheses'>(</span><span class='String'>"date %d: %s\n"</span><span class='Delimiter'>, </span><a href="compat_informix-rfmtdate.c.html#LN53"><span class='Ref_To_Local'>i</span></a><span class='Operator'>++</span><span class='Delimiter'>, </span><a href="compat_informix-rfmtdate.c.html#LN54"><span class='Ref_To_Local'>dbuf</span></a><span class='Parentheses'>)</span><span class='Delimiter'>; 
</span>        <span class='Delimiter'>} 
</span>        <span class='Control'>else</span> 
            <a href="../../../../include/port.h.html#LN173"><span class='Ref_to_Macro'>printf</span></a><span class='Parentheses'>(</span><span class='String'>"\n"</span><span class='Parentheses'>)</span><span class='Delimiter'>; 
</span>    <span class='Delimiter'>} 
</span>    <span class='Control'>else</span> 
        <a href="compat_informix-rfmtlong.c.html#LN22"><span class='Ref_to_Proto'>check_return</span></a><span class='Parentheses'>(</span><a href="compat_informix-rfmtdate.c.html#LN56"><span class='Ref_To_Local'>r</span></a><span class='Parentheses'>)</span><span class='Delimiter'>; 
}</span><span class='Auto_Annotations'> &laquo; end date_test_defmt &raquo; </span> 
 
<span class='Keyword'>static void 
</span><a name="LN76"></a><span class='Declare_Function'>date_test_fmt</span><span class='Parentheses'>(</span><a href="../../include/pgtypes_date.h.html#LN7"><span class='Ref_to_Typedef'>date</span></a> <span class='Declare_Parameter'>d</span><span class='Delimiter'>, </span><span class='Keyword'>char </span><span class='Operator'>*</span><span class='Declare_Parameter'>fmt</span><span class='Parentheses'>) 
</span><span class='Delimiter'>{ 
</span><a name="LN78"></a>    <span class='Keyword'>static int </span><span class='Declare_Local'>i</span><span class='Delimiter'>; 
</span><a name="LN79"></a>    <span class='Keyword'>char </span><span class='Declare_Local'>buf</span><span class='Delimiter'>[</span><span class='Number'>200</span><span class='Delimiter'>]; 
</span><a name="LN80"></a>    <span class='Keyword'>int </span><span class='Declare_Local'>r</span><span class='Delimiter'>; 
</span> 
    <a href="compat_informix-rfmtdate.c.html#LN80"><span class='Ref_To_Local'>r</span></a> <span class='Operator'>= </span><a href="../../include/ecpg_informix.h.html#LN39"><span class='Ref_to_Proto'>rfmtdate</span></a><span class='Parentheses'>(</span><a href="compat_informix-rfmtdate.c.html#LN76"><span class='Ref_to_Parameter'>d</span></a><span class='Delimiter'>, </span><a href="compat_informix-rfmtdate.c.html#LN76"><span class='Ref_to_Parameter'>fmt</span></a><span class='Delimiter'>, </span><a href="compat_informix-rfmtdate.c.html#LN79"><span class='Ref_To_Local'>buf</span></a><span class='Parentheses'>)</span><span class='Delimiter'>; 
</span>    <a href="../../../../include/port.h.html#LN173"><span class='Ref_to_Macro'>printf</span></a><span class='Parentheses'>(</span><span class='String'>"r: %d "</span><span class='Delimiter'>, </span><a href="compat_informix-rfmtdate.c.html#LN80"><span class='Ref_To_Local'>r</span></a><span class='Parentheses'>)</span><span class='Delimiter'>; 
</span>    <span class='Control'>if</span> <span class='Parentheses'>(</span><a href="compat_informix-rfmtdate.c.html#LN80"><span class='Ref_To_Local'>r</span></a> <span class='Operator'>!= </span><span class='Number'>0</span><span class='Parentheses'>) 
</span>        <a href="compat_informix-rfmtlong.c.html#LN22"><span class='Ref_to_Proto'>check_return</span></a><span class='Parentheses'>(</span><a href="compat_informix-rfmtdate.c.html#LN80"><span class='Ref_To_Local'>r</span></a><span class='Parentheses'>)</span><span class='Delimiter'>; 
</span>    <span class='Control'>else</span> 
        <a href="../../../../include/port.h.html#LN173"><span class='Ref_to_Macro'>printf</span></a><span class='Parentheses'>(</span><span class='String'>"date: %d: %s\n"</span><span class='Delimiter'>, </span><a href="compat_informix-rfmtdate.c.html#LN78"><span class='Ref_To_Local'>i</span></a><span class='Operator'>++</span><span class='Delimiter'>, </span><a href="compat_informix-rfmtdate.c.html#LN79"><span class='Ref_To_Local'>buf</span></a><span class='Parentheses'>)</span><span class='Delimiter'>; 
} 
</span> 
 
<span class='Keyword'>int 
</span><a name="LN92"></a><span class='Declare_Function'>main</span><span class='Parentheses'>(</span><span class='Keyword'>void</span><span class='Parentheses'>) 
</span><span class='Delimiter'>{ 
</span><a name="LN94"></a>    <span class='Keyword'>short </span><span class='Declare_Local'>mdy</span><span class='Delimiter'>[</span><span class='Number'>3</span><span class='Delimiter'>] </span><span class='Operator'>= </span><span class='Delimiter'>{ </span><span class='Number'>11</span><span class='Delimiter'>, </span><span class='Number'>23</span><span class='Delimiter'>, </span><span class='Number'>1959</span> <span class='Delimiter'>}; 
</span><a name="LN95"></a>    <span class='Keyword'>char </span><span class='Declare_Local'>dbuf</span><span class='Delimiter'>[</span><span class='Number'>11</span><span class='Delimiter'>]; 
</span><a name="LN96"></a>    <a href="../../include/pgtypes_date.h.html#LN7"><span class='Ref_to_Typedef'>date</span></a> <span class='Declare_Local'>d</span><span class='Delimiter'>; 
</span><a name="LN97"></a>    <span class='Keyword'>int </span><span class='Declare_Local'>r</span><span class='Delimiter'>; 
</span> 
    <a href="preproc-define.c.html#LN6"><span class='Ref_to_Macro'>ECPGdebug</span></a><span class='Parentheses'>(</span><span class='Number'>1</span><span class='Delimiter'>, </span>stderr<span class='Parentheses'>)</span><span class='Delimiter'>; 
</span> 
    <a href="compat_informix-rfmtdate.c.html#LN97"><span class='Ref_To_Local'>r</span></a> <span class='Operator'>= </span><a href="../../include/ecpg_informix.h.html#LN40"><span class='Ref_to_Proto'>rmdyjul</span></a><span class='Parentheses'>(</span><a href="compat_informix-rfmtdate.c.html#LN94"><span class='Ref_To_Local'>mdy</span></a><span class='Delimiter'>, </span><span class='Operator'>&</span><a href="compat_informix-rfmtdate.c.html#LN96"><span class='Ref_To_Local'>d</span></a><span class='Parentheses'>)</span><span class='Delimiter'>; 
</span>    <a href="../../../../include/port.h.html#LN173"><span class='Ref_to_Macro'>printf</span></a><span class='Parentheses'>(</span><span class='String'>"create: r: %d\n"</span><span class='Delimiter'>, </span><a href="compat_informix-rfmtdate.c.html#LN97"><span class='Ref_To_Local'>r</span></a><span class='Parentheses'>)</span><span class='Delimiter'>; 
</span>    <span class='Control'>if</span> <span class='Parentheses'>(</span><a href="compat_informix-rfmtdate.c.html#LN97"><span class='Ref_To_Local'>r</span></a> <span class='Operator'>== </span><span class='Number'>0</span><span class='Parentheses'>) 
</span>    <span class='Delimiter'>{ 
</span>        <a href="../../include/ecpg_informix.h.html#LN35"><span class='Ref_to_Proto'>rdatestr</span></a><span class='Parentheses'>(</span><a href="compat_informix-rfmtdate.c.html#LN96"><span class='Ref_To_Local'>d</span></a><span class='Delimiter'>, </span><a href="compat_informix-rfmtdate.c.html#LN95"><span class='Ref_To_Local'>dbuf</span></a><span class='Parentheses'>)</span><span class='Delimiter'>; 
</span>        <a href="../../../../include/port.h.html#LN173"><span class='Ref_to_Macro'>printf</span></a><span class='Parentheses'>(</span><span class='String'>"date: %s\n"</span><span class='Delimiter'>, </span><a href="compat_informix-rfmtdate.c.html#LN95"><span class='Ref_To_Local'>dbuf</span></a><span class='Parentheses'>)</span><span class='Delimiter'>; 
</span>    <span class='Delimiter'>} 
</span> 
    <span class='Comment_Multi_Line'>/* input mask is mmddyyyy */ 
</span>    <a href="compat_informix-rfmtdate.c.html#LN25"><span class='Ref_to_Func'>date_test_strdate</span></a><span class='Parentheses'>(</span><span class='String'>"12031994"</span><span class='Parentheses'>)</span><span class='Delimiter'>; 
</span>    <a href="compat_informix-rfmtdate.c.html#LN25"><span class='Ref_to_Func'>date_test_strdate</span></a><span class='Parentheses'>(</span><span class='String'>"9.6.1994"</span><span class='Parentheses'>)</span><span class='Delimiter'>; 
</span> 
    <a href="compat_informix-rfmtdate.c.html#LN75"><span class='Ref_to_Func'>date_test_fmt</span></a><span class='Parentheses'>(</span><a href="compat_informix-rfmtdate.c.html#LN96"><span class='Ref_To_Local'>d</span></a><span class='Delimiter'>, </span><span class='String'>"mmddyy"</span><span class='Parentheses'>)</span><span class='Delimiter'>; 
</span>    <a href="compat_informix-rfmtdate.c.html#LN75"><span class='Ref_to_Func'>date_test_fmt</span></a><span class='Parentheses'>(</span><a href="compat_informix-rfmtdate.c.html#LN96"><span class='Ref_To_Local'>d</span></a><span class='Delimiter'>, </span><span class='String'>"ddmmyy"</span><span class='Parentheses'>)</span><span class='Delimiter'>; 
</span>    <a href="compat_informix-rfmtdate.c.html#LN75"><span class='Ref_to_Func'>date_test_fmt</span></a><span class='Parentheses'>(</span><a href="compat_informix-rfmtdate.c.html#LN96"><span class='Ref_To_Local'>d</span></a><span class='Delimiter'>, </span><span class='String'>"yymmdd"</span><span class='Parentheses'>)</span><span class='Delimiter'>; 
</span>    <a href="compat_informix-rfmtdate.c.html#LN75"><span class='Ref_to_Func'>date_test_fmt</span></a><span class='Parentheses'>(</span><a href="compat_informix-rfmtdate.c.html#LN96"><span class='Ref_To_Local'>d</span></a><span class='Delimiter'>, </span><span class='String'>"yy/mm/dd"</span><span class='Parentheses'>)</span><span class='Delimiter'>; 
</span>    <a href="compat_informix-rfmtdate.c.html#LN75"><span class='Ref_to_Func'>date_test_fmt</span></a><span class='Parentheses'>(</span><a href="compat_informix-rfmtdate.c.html#LN96"><span class='Ref_To_Local'>d</span></a><span class='Delimiter'>, </span><span class='String'>"yy mm dd"</span><span class='Parentheses'>)</span><span class='Delimiter'>; 
</span>    <a href="compat_informix-rfmtdate.c.html#LN75"><span class='Ref_to_Func'>date_test_fmt</span></a><span class='Parentheses'>(</span><a href="compat_informix-rfmtdate.c.html#LN96"><span class='Ref_To_Local'>d</span></a><span class='Delimiter'>, </span><span class='String'>"yy.mm.dd"</span><span class='Parentheses'>)</span><span class='Delimiter'>; 
</span>    <a href="compat_informix-rfmtdate.c.html#LN75"><span class='Ref_to_Func'>date_test_fmt</span></a><span class='Parentheses'>(</span><a href="compat_informix-rfmtdate.c.html#LN96"><span class='Ref_To_Local'>d</span></a><span class='Delimiter'>, </span><span class='String'>".mm.yyyy.dd."</span><span class='Parentheses'>)</span><span class='Delimiter'>; 
</span>    <a href="compat_informix-rfmtdate.c.html#LN75"><span class='Ref_to_Func'>date_test_fmt</span></a><span class='Parentheses'>(</span><a href="compat_informix-rfmtdate.c.html#LN96"><span class='Ref_To_Local'>d</span></a><span class='Delimiter'>, </span><span class='String'>"mmm. dd, yyyy"</span><span class='Parentheses'>)</span><span class='Delimiter'>; 
</span>    <a href="compat_informix-rfmtdate.c.html#LN75"><span class='Ref_to_Func'>date_test_fmt</span></a><span class='Parentheses'>(</span><a href="compat_informix-rfmtdate.c.html#LN96"><span class='Ref_To_Local'>d</span></a><span class='Delimiter'>, </span><span class='String'>"mmm dd yyyy"</span><span class='Parentheses'>)</span><span class='Delimiter'>; 
</span>    <a href="compat_informix-rfmtdate.c.html#LN75"><span class='Ref_to_Func'>date_test_fmt</span></a><span class='Parentheses'>(</span><a href="compat_informix-rfmtdate.c.html#LN96"><span class='Ref_To_Local'>d</span></a><span class='Delimiter'>, </span><span class='String'>"yyyy dd mm"</span><span class='Parentheses'>)</span><span class='Delimiter'>; 
</span>    <a href="compat_informix-rfmtdate.c.html#LN75"><span class='Ref_to_Func'>date_test_fmt</span></a><span class='Parentheses'>(</span><a href="compat_informix-rfmtdate.c.html#LN96"><span class='Ref_To_Local'>d</span></a><span class='Delimiter'>, </span><span class='String'>"ddd, mmm. dd, yyyy"</span><span class='Parentheses'>)</span><span class='Delimiter'>; 
</span>    <a href="compat_informix-rfmtdate.c.html#LN75"><span class='Ref_to_Func'>date_test_fmt</span></a><span class='Parentheses'>(</span><a href="compat_informix-rfmtdate.c.html#LN96"><span class='Ref_To_Local'>d</span></a><span class='Delimiter'>, </span><span class='String'>"(ddd) mmm. dd, yyyy"</span><span class='Parentheses'>)</span><span class='Delimiter'>; 
</span> 
    <a href="compat_informix-rfmtdate.c.html#LN50"><span class='Ref_to_Func'>date_test_defmt</span></a><span class='Parentheses'>(</span><span class='String'>"ddmmyy"</span><span class='Delimiter'>, </span><span class='String'>"21-2-54"</span><span class='Parentheses'>)</span><span class='Delimiter'>; 
</span>    <a href="compat_informix-rfmtdate.c.html#LN50"><span class='Ref_to_Func'>date_test_defmt</span></a><span class='Parentheses'>(</span><span class='String'>"ddmmyy"</span><span class='Delimiter'>, </span><span class='String'>"2-12-54"</span><span class='Parentheses'>)</span><span class='Delimiter'>; 
</span>    <a href="compat_informix-rfmtdate.c.html#LN50"><span class='Ref_to_Func'>date_test_defmt</span></a><span class='Parentheses'>(</span><span class='String'>"ddmmyy"</span><span class='Delimiter'>, </span><span class='String'>"20111954"</span><span class='Parentheses'>)</span><span class='Delimiter'>; 
</span>    <a href="compat_informix-rfmtdate.c.html#LN50"><span class='Ref_to_Func'>date_test_defmt</span></a><span class='Parentheses'>(</span><span class='String'>"ddmmyy"</span><span class='Delimiter'>, </span><span class='String'>"130464"</span><span class='Parentheses'>)</span><span class='Delimiter'>; 
</span>    <a href="compat_informix-rfmtdate.c.html#LN50"><span class='Ref_to_Func'>date_test_defmt</span></a><span class='Parentheses'>(</span><span class='String'>"mmm.dd.yyyy"</span><span class='Delimiter'>, </span><span class='String'>"MAR-12-1967"</span><span class='Parentheses'>)</span><span class='Delimiter'>; 
</span>    <a href="compat_informix-rfmtdate.c.html#LN50"><span class='Ref_to_Func'>date_test_defmt</span></a><span class='Parentheses'>(</span><span class='String'>"yy/mm/dd"</span><span class='Delimiter'>, </span><span class='String'>"1954, February 3rd"</span><span class='Parentheses'>)</span><span class='Delimiter'>; 
</span>    <a href="compat_informix-rfmtdate.c.html#LN50"><span class='Ref_to_Func'>date_test_defmt</span></a><span class='Parentheses'>(</span><span class='String'>"mmm.dd.yyyy"</span><span class='Delimiter'>, </span><span class='String'>"041269"</span><span class='Parentheses'>)</span><span class='Delimiter'>; 
</span>    <a href="compat_informix-rfmtdate.c.html#LN50"><span class='Ref_to_Func'>date_test_defmt</span></a><span class='Parentheses'>(</span><span class='String'>"yy/mm/dd"</span><span class='Delimiter'>, </span><span class='String'>"In the year 2525, in the month of July, mankind will be alive on the 28th day"</span><span class='Parentheses'>)</span><span class='Delimiter'>; 
</span>    <a href="compat_informix-rfmtdate.c.html#LN50"><span class='Ref_to_Func'>date_test_defmt</span></a><span class='Parentheses'>(</span><span class='String'>"dd-mm-yy"</span><span class='Delimiter'>, </span><span class='String'>"I said on the 28th of July in the year 2525"</span><span class='Parentheses'>)</span><span class='Delimiter'>; 
</span>    <a href="compat_informix-rfmtdate.c.html#LN50"><span class='Ref_to_Func'>date_test_defmt</span></a><span class='Parentheses'>(</span><span class='String'>"mmm.dd.yyyy"</span><span class='Delimiter'>, </span><span class='String'>"9/14/58"</span><span class='Parentheses'>)</span><span class='Delimiter'>; 
</span>    <a href="compat_informix-rfmtdate.c.html#LN50"><span class='Ref_to_Func'>date_test_defmt</span></a><span class='Parentheses'>(</span><span class='String'>"yy/mm/dd"</span><span class='Delimiter'>, </span><span class='String'>"47/03/29"</span><span class='Parentheses'>)</span><span class='Delimiter'>; 
</span>    <a href="compat_informix-rfmtdate.c.html#LN50"><span class='Ref_to_Func'>date_test_defmt</span></a><span class='Parentheses'>(</span><span class='String'>"mmm.dd.yyyy"</span><span class='Delimiter'>, </span><span class='String'>"oct 28 1975"</span><span class='Parentheses'>)</span><span class='Delimiter'>; 
</span>    <a href="compat_informix-rfmtdate.c.html#LN50"><span class='Ref_to_Func'>date_test_defmt</span></a><span class='Parentheses'>(</span><span class='String'>"mmddyy"</span><span class='Delimiter'>, </span><span class='String'>"Nov 14th, 1985"</span><span class='Parentheses'>)</span><span class='Delimiter'>; 
</span>    <span class='Comment_Multi_Line'>/* ok: still contains dd mm yy */ 
</span>    <a href="compat_informix-rfmtdate.c.html#LN50"><span class='Ref_to_Func'>date_test_defmt</span></a><span class='Parentheses'>(</span><span class='String'>"bladdfoommbaryybong"</span><span class='Delimiter'>, </span><span class='String'>"20/11/1954"</span><span class='Parentheses'>)</span><span class='Delimiter'>; 
</span>    <span class='Comment_Multi_Line'>/* 1994 is not a leap year, it accepts the date as 01-03-1994 */ 
</span>    <a href="compat_informix-rfmtdate.c.html#LN50"><span class='Ref_to_Func'>date_test_defmt</span></a><span class='Parentheses'>(</span><span class='String'>"ddmmyy"</span><span class='Delimiter'>, </span><span class='String'>"29-02-1994"</span><span class='Parentheses'>)</span><span class='Delimiter'>; 
</span> 
    <span class='Comment_Multi_Line'>/* ECPG_INFORMIX_ENOTDMY, need "dd", "mm" and "yy" */ 
</span>    <a href="compat_informix-rfmtdate.c.html#LN50"><span class='Ref_to_Func'>date_test_defmt</span></a><span class='Parentheses'>(</span><span class='String'>"dmy"</span><span class='Delimiter'>, </span><span class='String'>"20/11/1954"</span><span class='Parentheses'>)</span><span class='Delimiter'>; 
</span> 
    <span class='Comment_Multi_Line'>/* ECPG_INFORMIX_ENOSHORTDATE */ 
</span>    <a href="compat_informix-rfmtdate.c.html#LN50"><span class='Ref_to_Func'>date_test_defmt</span></a><span class='Parentheses'>(</span><span class='String'>"ddmmyy"</span><span class='Delimiter'>, </span><span class='String'>"21254"</span><span class='Parentheses'>)</span><span class='Delimiter'>; 
</span>    <a href="compat_informix-rfmtdate.c.html#LN50"><span class='Ref_to_Func'>date_test_defmt</span></a><span class='Parentheses'>(</span><span class='String'>"ddmmyy"</span><span class='Delimiter'>, </span><span class='String'>"    21254    "</span><span class='Parentheses'>)</span><span class='Delimiter'>; 
</span> 
    <span class='Comment_Multi_Line'>/* ECPG_INFORMIX_BAD_DAY */ 
</span>    <a href="compat_informix-rfmtdate.c.html#LN50"><span class='Ref_to_Func'>date_test_defmt</span></a><span class='Parentheses'>(</span><span class='String'>"ddmmyy"</span><span class='Delimiter'>, </span><span class='String'>"320494"</span><span class='Parentheses'>)</span><span class='Delimiter'>; 
</span> 
    <span class='Comment_Multi_Line'>/* ECPG_INFORMIX_BAD_MONTH */ 
</span>    <a href="compat_informix-rfmtdate.c.html#LN50"><span class='Ref_to_Func'>date_test_defmt</span></a><span class='Parentheses'>(</span><span class='String'>"mm-yyyy-dd"</span><span class='Delimiter'>, </span><span class='String'>"13-1993-21"</span><span class='Parentheses'>)</span><span class='Delimiter'>; 
</span> 
    <span class='Comment_Multi_Line'>/* ECPG_INFORMIX_BAD_YEAR */ 
</span>    <span class='Comment_Multi_Line'>/* ??? */ 
</span> 
    <span class='Control'>return</span> <span class='Parentheses'>(</span><span class='Number'>0</span><span class='Parentheses'>)</span><span class='Delimiter'>; 
}</span><span class='Auto_Annotations'> &laquo; end main &raquo; </span> 
 
<span class='Keyword'>static void 
</span><a name="LN164"></a><span class='Declare_Function'>check_return</span><span class='Parentheses'>(</span><span class='Keyword'>int </span><span class='Declare_Parameter'>ret</span><span class='Parentheses'>) 
</span><span class='Delimiter'>{ 
</span>    <span class='Control'>switch</span><span class='Parentheses'>(</span><a href="compat_informix-rfmtdate.c.html#LN164"><span class='Ref_to_Parameter'>ret</span></a><span class='Parentheses'>) 
</span>    <span class='Delimiter'>{ 
</span>        <span class='Control'>case</span> <a href="../../include/ecpg_informix.h.html#LN24"><span class='Ref_to_Const'>ECPG_INFORMIX_ENOTDMY</span></a><span class='Operator'>: 
</span>            <a href="../../../../include/port.h.html#LN173"><span class='Ref_to_Macro'>printf</span></a><span class='Parentheses'>(</span><span class='String'>"(ECPG_INFORMIX_ENOTDMY)"</span><span class='Parentheses'>)</span><span class='Delimiter'>; 
</span>            <span class='Control'>break</span><span class='Delimiter'>; 
</span>        <span class='Control'>case</span> <a href="../../include/ecpg_informix.h.html#LN21"><span class='Ref_to_Const'>ECPG_INFORMIX_ENOSHORTDATE</span></a><span class='Operator'>: 
</span>            <a href="../../../../include/port.h.html#LN173"><span class='Ref_to_Macro'>printf</span></a><span class='Parentheses'>(</span><span class='String'>"(ECPG_INFORMIX_ENOSHORTDATE)"</span><span class='Parentheses'>)</span><span class='Delimiter'>; 
</span>            <span class='Control'>break</span><span class='Delimiter'>; 
</span>        <span class='Control'>case</span> <a href="../../include/ecpg_informix.h.html#LN20"><span class='Ref_to_Const'>ECPG_INFORMIX_BAD_DAY</span></a><span class='Operator'>: 
</span>            <a href="../../../../include/port.h.html#LN173"><span class='Ref_to_Macro'>printf</span></a><span class='Parentheses'>(</span><span class='String'>"(ECPG_INFORMIX_BAD_DAY)"</span><span class='Parentheses'>)</span><span class='Delimiter'>; 
</span>            <span class='Control'>break</span><span class='Delimiter'>; 
</span>        <span class='Control'>case</span> <a href="../../include/ecpg_informix.h.html#LN19"><span class='Ref_to_Const'>ECPG_INFORMIX_BAD_MONTH</span></a><span class='Operator'>: 
</span>            <a href="../../../../include/port.h.html#LN173"><span class='Ref_to_Macro'>printf</span></a><span class='Parentheses'>(</span><span class='String'>"(ECPG_INFORMIX_BAD_MONTH)"</span><span class='Parentheses'>)</span><span class='Delimiter'>; 
</span>            <span class='Control'>break</span><span class='Delimiter'>; 
</span>        <span class='Control'>default</span><span class='Operator'>: 
</span>            <a href="../../../../include/port.h.html#LN173"><span class='Ref_to_Macro'>printf</span></a><span class='Parentheses'>(</span><span class='String'>"(unknown ret: %d)"</span><span class='Delimiter'>, </span><a href="compat_informix-rfmtdate.c.html#LN164"><span class='Ref_to_Parameter'>ret</span></a><span class='Parentheses'>)</span><span class='Delimiter'>; 
</span>            <span class='Control'>break</span><span class='Delimiter'>; 
</span>    <span class='Delimiter'>} 
</span>    <a href="../../../../include/port.h.html#LN173"><span class='Ref_to_Macro'>printf</span></a><span class='Parentheses'>(</span><span class='String'>"\n"</span><span class='Parentheses'>)</span><span class='Delimiter'>; 
}</span><span class='Auto_Annotations'> &laquo; end check_return &raquo; </span> 
</pre>
<table bgcolor='#c0c0c0' width='100%'><tr><td><a href='../../../../../Contents.html'>Contents</a></td></tr>
</table><hr><p class='blurb' align='center'><a href='http://www.sourceinsight.com'>HTML Created by Source Insight Version 4.00.0084 Built on 2017-02-26</a></p>
</body></html>