<!DOCTYPE html PUBLIC "-//W3C//DTD HTML 4.01 Transitional//EN">
<html>
<head>
<meta name="generator" content="Source Insight Version 4.00.0084 Built on 2017-02-26">
<meta charset='UTF-8' />
<style type='text/css'><!--
TD {background-color: #C0C0C0; font-family: 'Verdana', 'Arial', 'Helvetica', Sans-Serif; font-size: 70%; }
.blurb {font-family: 'Verdana', 'Arial', 'Helvetica', Sans-Serif; font-size: 70%; }
.filename {font-family: 'Verdana', 'Arial', 'Helvetica', Sans-Serif; font-size: 120%; font-weight: bold; }
.dirname {font-family: 'Verdana', 'Arial', 'Helvetica', Sans-Serif; font-size: 100%; font-weight: bold; margin-top: 2.5em;}
--></style>
<title>src\interfaces\ecpg\test\expected\compat_informix-charfuncs.c</title>
<LINK REL=StyleSheet HREF="../../../../../C_Cpp_Source_File.css" TYPE='text/css' MEDIA=screen>
</head>
<body bgcolor=#ffffff>
<table bgcolor='#c0c0c0' width='100%'>
<tr><td><p class='filename'><b>src\interfaces\ecpg\test\expected\compat_informix-charfuncs.c</b></p></td>
<td align='right'>
Wed Jun 14 08:26:10 2017
</td></tr>
<tr><td><a href='../../../../../Contents.html'>Contents</a></td></tr>
</table>
<pre>
</span><span class='Comment_Multi_Line'>/* Processed by ecpg (regression mode) */ 
/* These include files are added by the preprocessor */ 
</span><span class='Keyword'>#include </span><span class='String'>&LT;ecpglib.h&GT;</span> 
<span class='Keyword'>#include </span><span class='String'>&LT;ecpgerrno.h&GT;</span> 
<span class='Keyword'>#include </span><span class='String'>&LT;sqlca.h&GT;</span> 
<span class='Comment_Multi_Line'>/* Needed for informix compatibility */ 
</span><span class='Keyword'>#include </span><span class='String'>&LT;ecpg_informix.h&GT;</span> 
<span class='Comment_Multi_Line'>/* End of automatic include section */ 
</span><a name="LN8"></a><span class='Keyword'>#define </span><span class='Declare_Macro'>ECPGdebug</span><span class='Parentheses'>(</span><span class='Declare_Parameter'>X</span><span class='Delimiter'>,</span><span class='Declare_Parameter'>Y</span><span class='Parentheses'>) </span><a href="preproc-define.c.html#LN6"><span class='Ref_to_Macro'>ECPGdebug</span></a><span class='Parentheses'>((</span><a href="compat_informix-charfuncs.c.html#LN8"><span class='Ref_to_Parameter'>X</span></a><span class='Parentheses'>)</span><span class='Operator'>+</span><span class='Number'>100</span><span class='Delimiter'>,</span><span class='Parentheses'>(</span><a href="compat_informix-charfuncs.c.html#LN8"><span class='Ref_to_Parameter'>Y</span></a><span class='Parentheses'>))</span> 
 
#line <span class='Number'>1</span> <span class='String'>"charfuncs.pgc"</span> 
<span class='Keyword'>#include </span><span class='String'>&LT;stdio.h&GT;</span> 
<span class='Keyword'>#include </span><span class='String'>&LT;stdlib.h&GT;</span> 
<span class='Keyword'>#include </span><span class='String'>&LT;sqltypes.h&GT;</span> 
 
<a name="LN15"></a><span class='Keyword'>int </span><span class='Declare_Function'>main</span><span class='Parentheses'>(</span><span class='Keyword'>void</span><span class='Parentheses'>) 
</span><span class='Delimiter'>{ 
</span><a name="LN17"></a>    <span class='Keyword'>char </span><span class='Declare_Local'>t1</span><span class='Delimiter'>[] </span><span class='Operator'>= </span><span class='String'>"abc  def  ghi  "</span><span class='Delimiter'>; 
</span>              <span class='Comment_Multi_Line'>/* 123456789012345 */ 
</span><a name="LN19"></a>    <span class='Keyword'>char </span><span class='Declare_Local'>buf</span><span class='Delimiter'>[</span><span class='Number'>50</span><span class='Delimiter'>]; 
</span><a name="LN20"></a>    <span class='Keyword'>int </span><span class='Declare_Local'>k</span><span class='Delimiter'>; 
</span> 
    <a href="../../../../include/port.h.html#LN173"><span class='Ref_to_Macro'>printf</span></a><span class='Parentheses'>(</span><span class='String'>"t1: _%s_\n"</span><span class='Delimiter'>, </span><a href="compat_informix-charfuncs.c.html#LN17"><span class='Ref_To_Local'>t1</span></a><span class='Parentheses'>)</span><span class='Delimiter'>; 
</span>    <a href="../../include/ecpg_informix.h.html#LN51"><span class='Ref_to_Proto'>rupshift</span></a><span class='Parentheses'>(</span><a href="compat_informix-charfuncs.c.html#LN17"><span class='Ref_To_Local'>t1</span></a><span class='Parentheses'>)</span><span class='Delimiter'>; 
</span>    <a href="../../../../include/port.h.html#LN173"><span class='Ref_to_Macro'>printf</span></a><span class='Parentheses'>(</span><span class='String'>"t1: _%s_\n"</span><span class='Delimiter'>, </span><a href="compat_informix-charfuncs.c.html#LN17"><span class='Ref_To_Local'>t1</span></a><span class='Parentheses'>)</span><span class='Delimiter'>; 
</span> 
    <a href="compat_informix-charfuncs.c.html#LN20"><span class='Ref_To_Local'>k</span></a> <span class='Operator'>= </span><span class='Number'>2</span><span class='Delimiter'>; 
</span>    <a href="../../include/ecpg_informix.h.html#LN54"><span class='Ref_to_Proto'>ldchar</span></a><span class='Parentheses'>(</span><a href="compat_informix-charfuncs.c.html#LN17"><span class='Ref_To_Local'>t1</span></a><span class='Delimiter'>, </span><a href="compat_informix-charfuncs.c.html#LN20"><span class='Ref_To_Local'>k</span></a><span class='Delimiter'>, </span><a href="compat_informix-charfuncs.c.html#LN19"><span class='Ref_To_Local'>buf</span></a><span class='Parentheses'>)</span><span class='Delimiter'>; 
</span>    <a href="../../../../include/port.h.html#LN173"><span class='Ref_to_Macro'>printf</span></a><span class='Parentheses'>(</span><span class='String'>"byleng(t1, %d): %d, ldchar: _%s_\n"</span><span class='Delimiter'>, </span><a href="compat_informix-charfuncs.c.html#LN20"><span class='Ref_To_Local'>k</span></a><span class='Delimiter'>, </span><a href="../../include/ecpg_informix.h.html#LN53"><span class='Ref_to_Proto'>byleng</span></a><span class='Parentheses'>(</span><a href="compat_informix-charfuncs.c.html#LN17"><span class='Ref_To_Local'>t1</span></a><span class='Delimiter'>, </span><a href="compat_informix-charfuncs.c.html#LN20"><span class='Ref_To_Local'>k</span></a><span class='Parentheses'>)</span><span class='Delimiter'>, </span><a href="compat_informix-charfuncs.c.html#LN19"><span class='Ref_To_Local'>buf</span></a><span class='Parentheses'>)</span><span class='Delimiter'>; 
</span>    <a href="compat_informix-charfuncs.c.html#LN20"><span class='Ref_To_Local'>k</span></a> <span class='Operator'>= </span><span class='Number'>5</span><span class='Delimiter'>; 
</span>    <a href="../../include/ecpg_informix.h.html#LN54"><span class='Ref_to_Proto'>ldchar</span></a><span class='Parentheses'>(</span><a href="compat_informix-charfuncs.c.html#LN17"><span class='Ref_To_Local'>t1</span></a><span class='Delimiter'>, </span><a href="compat_informix-charfuncs.c.html#LN20"><span class='Ref_To_Local'>k</span></a><span class='Delimiter'>, </span><a href="compat_informix-charfuncs.c.html#LN19"><span class='Ref_To_Local'>buf</span></a><span class='Parentheses'>)</span><span class='Delimiter'>; 
</span>    <a href="../../../../include/port.h.html#LN173"><span class='Ref_to_Macro'>printf</span></a><span class='Parentheses'>(</span><span class='String'>"byleng(t1, %d): %d, ldchar: _%s_\n"</span><span class='Delimiter'>, </span><a href="compat_informix-charfuncs.c.html#LN20"><span class='Ref_To_Local'>k</span></a><span class='Delimiter'>, </span><a href="../../include/ecpg_informix.h.html#LN53"><span class='Ref_to_Proto'>byleng</span></a><span class='Parentheses'>(</span><a href="compat_informix-charfuncs.c.html#LN17"><span class='Ref_To_Local'>t1</span></a><span class='Delimiter'>, </span><a href="compat_informix-charfuncs.c.html#LN20"><span class='Ref_To_Local'>k</span></a><span class='Parentheses'>)</span><span class='Delimiter'>, </span><a href="compat_informix-charfuncs.c.html#LN19"><span class='Ref_To_Local'>buf</span></a><span class='Parentheses'>)</span><span class='Delimiter'>; 
</span>    <a href="compat_informix-charfuncs.c.html#LN20"><span class='Ref_To_Local'>k</span></a> <span class='Operator'>= </span><span class='Number'>9</span><span class='Delimiter'>; 
</span>    <a href="../../include/ecpg_informix.h.html#LN54"><span class='Ref_to_Proto'>ldchar</span></a><span class='Parentheses'>(</span><a href="compat_informix-charfuncs.c.html#LN17"><span class='Ref_To_Local'>t1</span></a><span class='Delimiter'>, </span><a href="compat_informix-charfuncs.c.html#LN20"><span class='Ref_To_Local'>k</span></a><span class='Delimiter'>, </span><a href="compat_informix-charfuncs.c.html#LN19"><span class='Ref_To_Local'>buf</span></a><span class='Parentheses'>)</span><span class='Delimiter'>; 
</span>    <a href="../../../../include/port.h.html#LN173"><span class='Ref_to_Macro'>printf</span></a><span class='Parentheses'>(</span><span class='String'>"byleng(t1, %d): %d, ldchar: _%s_\n"</span><span class='Delimiter'>, </span><a href="compat_informix-charfuncs.c.html#LN20"><span class='Ref_To_Local'>k</span></a><span class='Delimiter'>, </span><a href="../../include/ecpg_informix.h.html#LN53"><span class='Ref_to_Proto'>byleng</span></a><span class='Parentheses'>(</span><a href="compat_informix-charfuncs.c.html#LN17"><span class='Ref_To_Local'>t1</span></a><span class='Delimiter'>, </span><a href="compat_informix-charfuncs.c.html#LN20"><span class='Ref_To_Local'>k</span></a><span class='Parentheses'>)</span><span class='Delimiter'>, </span><a href="compat_informix-charfuncs.c.html#LN19"><span class='Ref_To_Local'>buf</span></a><span class='Parentheses'>)</span><span class='Delimiter'>; 
</span>    <a href="compat_informix-charfuncs.c.html#LN20"><span class='Ref_To_Local'>k</span></a> <span class='Operator'>= </span><span class='Number'>15</span><span class='Delimiter'>; 
</span>    <a href="../../include/ecpg_informix.h.html#LN54"><span class='Ref_to_Proto'>ldchar</span></a><span class='Parentheses'>(</span><a href="compat_informix-charfuncs.c.html#LN17"><span class='Ref_To_Local'>t1</span></a><span class='Delimiter'>, </span><a href="compat_informix-charfuncs.c.html#LN20"><span class='Ref_To_Local'>k</span></a><span class='Delimiter'>, </span><a href="compat_informix-charfuncs.c.html#LN19"><span class='Ref_To_Local'>buf</span></a><span class='Parentheses'>)</span><span class='Delimiter'>; 
</span>    <a href="../../../../include/port.h.html#LN173"><span class='Ref_to_Macro'>printf</span></a><span class='Parentheses'>(</span><span class='String'>"byleng(t1, %d): %d, ldchar: _%s_\n"</span><span class='Delimiter'>, </span><a href="compat_informix-charfuncs.c.html#LN20"><span class='Ref_To_Local'>k</span></a><span class='Delimiter'>, </span><a href="../../include/ecpg_informix.h.html#LN53"><span class='Ref_to_Proto'>byleng</span></a><span class='Parentheses'>(</span><a href="compat_informix-charfuncs.c.html#LN17"><span class='Ref_To_Local'>t1</span></a><span class='Delimiter'>, </span><a href="compat_informix-charfuncs.c.html#LN20"><span class='Ref_To_Local'>k</span></a><span class='Parentheses'>)</span><span class='Delimiter'>, </span><a href="compat_informix-charfuncs.c.html#LN19"><span class='Ref_To_Local'>buf</span></a><span class='Parentheses'>)</span><span class='Delimiter'>; 
</span> 
 
    <span class='Control'>return</span> <span class='Number'>0</span><span class='Delimiter'>; 
}</span><span class='Auto_Annotations'> &laquo; end main &raquo; </span> 
</pre>
<table bgcolor='#c0c0c0' width='100%'><tr><td><a href='../../../../../Contents.html'>Contents</a></td></tr>
</table><hr><p class='blurb' align='center'><a href='http://www.sourceinsight.com'>HTML Created by Source Insight Version 4.00.0084 Built on 2017-02-26</a></p>
</body></html>