<!DOCTYPE html PUBLIC "-//W3C//DTD HTML 4.01 Transitional//EN">
<html>
<head>
<meta name="generator" content="Source Insight Version 4.00.0084 Built on 2017-02-26">
<meta charset='UTF-8' />
<style type='text/css'><!--
TD {background-color: #C0C0C0; font-family: 'Verdana', 'Arial', 'Helvetica', Sans-Serif; font-size: 70%; }
.blurb {font-family: 'Verdana', 'Arial', 'Helvetica', Sans-Serif; font-size: 70%; }
.filename {font-family: 'Verdana', 'Arial', 'Helvetica', Sans-Serif; font-size: 120%; font-weight: bold; }
.dirname {font-family: 'Verdana', 'Arial', 'Helvetica', Sans-Serif; font-size: 100%; font-weight: bold; margin-top: 2.5em;}
--></style>
<title>src\interfaces\ecpg\test\expected\connect-test4.c</title>
<LINK REL=StyleSheet HREF="../../../../../C_Cpp_Source_File.css" TYPE='text/css' MEDIA=screen>
</head>
<body bgcolor=#ffffff>
<table bgcolor='#c0c0c0' width='100%'>
<tr><td><p class='filename'><b>src\interfaces\ecpg\test\expected\connect-test4.c</b></p></td>
<td align='right'>
Wed Jun 14 08:26:10 2017
</td></tr>
<tr><td><a href='../../../../../Contents.html'>Contents</a></td></tr>
</table>
<pre>
<span class='Comment_Multi_Line'>/* Processed by ecpg (regression mode) */ 
/* These include files are added by the preprocessor */ 
</span><span class='Keyword'>#include </span><span class='String'>&LT;ecpglib.h&GT;</span> 
<span class='Keyword'>#include </span><span class='String'>&LT;ecpgerrno.h&GT;</span> 
<span class='Keyword'>#include </span><span class='String'>&LT;sqlca.h&GT;</span> 
<span class='Comment_Multi_Line'>/* End of automatic include section */ 
</span><a name="LN6"></a><span class='Keyword'>#define </span><span class='Declare_Macro'>ECPGdebug</span><span class='Parentheses'>(</span><span class='Declare_Parameter'>X</span><span class='Delimiter'>,</span><span class='Declare_Parameter'>Y</span><span class='Parentheses'>) </span><a href="connect-test4.c.html#LN6"><span class='Ref_to_Macro'>ECPGdebug</span></a><span class='Parentheses'>((</span><a href="connect-test4.c.html#LN6"><span class='Ref_to_Parameter'>X</span></a><span class='Parentheses'>)</span><span class='Operator'>+</span><span class='Number'>100</span><span class='Delimiter'>,</span><span class='Parentheses'>(</span><a href="connect-test4.c.html#LN6"><span class='Ref_to_Parameter'>Y</span></a><span class='Parentheses'>))</span> 
 
#line <span class='Number'>1</span> <span class='String'>"test4.pgc"</span> 
<span class='Keyword'>#include </span><span class='String'>&LT;stdlib.h&GT;</span> 
<span class='Keyword'>#include </span><span class='String'>&LT;string.h&GT;</span> 
<span class='Keyword'>#include </span><span class='String'>&LT;stdlib.h&GT;</span> 
<span class='Keyword'>#include </span><span class='String'>&LT;stdio.h&GT;</span> 
 
 
#line <span class='Number'>1</span> <span class='String'>"regression.h"</span> 
 
 
 
 
 
 
#line <span class='Number'>6</span> <span class='String'>"test4.pgc"</span> 
 
 
<span class='Keyword'>int 
</span><a name="LN26"></a><span class='Declare_Function'>main</span><span class='Parentheses'>(</span><span class='Keyword'>void</span><span class='Parentheses'>) 
</span><span class='Delimiter'>{ 
</span>    <a href="connect-test4.c.html#LN6"><span class='Ref_to_Macro'>ECPGdebug</span></a><span class='Parentheses'>(</span><span class='Number'>1</span><span class='Delimiter'>, </span>stderr<span class='Parentheses'>)</span><span class='Delimiter'>; 
</span> 
    <span class='Delimiter'>{ </span><a href="../../include/ecpglib.h.html#LN50"><span class='Ref_to_Proto'>ECPGconnect</span></a><span class='Parentheses'>(</span>__LINE__<span class='Delimiter'>, </span><span class='Number'>0</span><span class='Delimiter'>, </span><span class='String'>"ecpg1_regression"</span> <span class='Delimiter'>, </span><span class='Null_Value'>NULL</span><span class='Delimiter'>, </span><span class='Null_Value'>NULL </span><span class='Delimiter'>, </span><span class='String'>"main"</span><span class='Delimiter'>, </span><span class='Number'>0</span><span class='Parentheses'>)</span><span class='Delimiter'>; } 
</span>#line <span class='Number'>13</span> <span class='String'>"test4.pgc"</span> 
 
 
    <span class='Delimiter'>{ </span><a href="../../include/ecpglib.h.html#LN49"><span class='Ref_to_Proto'>ECPGsetconn</span></a><span class='Parentheses'>(</span>__LINE__<span class='Delimiter'>, </span><span class='String'>"main"</span><span class='Parentheses'>)</span><span class='Delimiter'>;} 
</span>#line <span class='Number'>15</span> <span class='String'>"test4.pgc"</span> 
 
 
    <span class='Delimiter'>{ </span><a href="../../include/ecpglib.h.html#LN53"><span class='Ref_to_Proto'>ECPGdisconnect</span></a><span class='Parentheses'>(</span>__LINE__<span class='Delimiter'>, </span><span class='String'>"DEFAULT"</span><span class='Parentheses'>)</span><span class='Delimiter'>;} 
</span>#line <span class='Number'>17</span> <span class='String'>"test4.pgc"</span> 
 
 
    <span class='Control'>return</span> <span class='Parentheses'>(</span><span class='Number'>0</span><span class='Parentheses'>)</span><span class='Delimiter'>; 
} 
</span></pre>
<table bgcolor='#c0c0c0' width='100%'><tr><td><a href='../../../../../Contents.html'>Contents</a></td></tr>
</table><hr><p class='blurb' align='center'><a href='http://www.sourceinsight.com'>HTML Created by Source Insight Version 4.00.0084 Built on 2017-02-26</a></p>
</body></html>