<!DOCTYPE html PUBLIC "-//W3C//DTD HTML 4.01 Transitional//EN">
<html>
<head>
<meta name="generator" content="Source Insight Version 4.00.0084 Built on 2017-02-26">
<meta charset='UTF-8' />
<style type='text/css'><!--
TD {background-color: #C0C0C0; font-family: 'Verdana', 'Arial', 'Helvetica', Sans-Serif; font-size: 70%; }
.blurb {font-family: 'Verdana', 'Arial', 'Helvetica', Sans-Serif; font-size: 70%; }
.filename {font-family: 'Verdana', 'Arial', 'Helvetica', Sans-Serif; font-size: 120%; font-weight: bold; }
.dirname {font-family: 'Verdana', 'Arial', 'Helvetica', Sans-Serif; font-size: 100%; font-weight: bold; margin-top: 2.5em;}
--></style>
<title>src\interfaces\ecpg\test\expected\pgtypeslib-num_test.c</title>
<LINK REL=StyleSheet HREF="../../../../../C_Cpp_Source_File.css" TYPE='text/css' MEDIA=screen>
</head>
<body bgcolor=#ffffff>
<table bgcolor='#c0c0c0' width='100%'>
<tr><td><p class='filename'><b>src\interfaces\ecpg\test\expected\pgtypeslib-num_test.c</b></p></td>
<td align='right'>
Wed Jun 14 08:26:10 2017
</td></tr>
<tr><td><a href='../../../../../Contents.html'>Contents</a></td></tr>
</table>
<pre>
<span class='Comment_Multi_Line'>/* Processed by ecpg (regression mode) */ 
/* These include files are added by the preprocessor */ 
</span><span class='Keyword'>#include </span><span class='String'>&LT;ecpglib.h&GT;</span> 
<span class='Keyword'>#include </span><span class='String'>&LT;ecpgerrno.h&GT;</span> 
<span class='Keyword'>#include </span><span class='String'>&LT;sqlca.h&GT;</span> 
<span class='Comment_Multi_Line'>/* End of automatic include section */ 
</span><a name="LN6"></a><span class='Keyword'>#define </span><span class='Declare_Macro'>ECPGdebug</span><span class='Parentheses'>(</span><span class='Declare_Parameter'>X</span><span class='Delimiter'>,</span><span class='Declare_Parameter'>Y</span><span class='Parentheses'>) </span><a href="pgtypeslib-num_test.c.html#LN6"><span class='Ref_to_Macro'>ECPGdebug</span></a><span class='Parentheses'>((</span><a href="pgtypeslib-num_test.c.html#LN6"><span class='Ref_to_Parameter'>X</span></a><span class='Parentheses'>)</span><span class='Operator'>+</span><span class='Number'>100</span><span class='Delimiter'>,</span><span class='Parentheses'>(</span><a href="pgtypeslib-num_test.c.html#LN6"><span class='Ref_to_Parameter'>Y</span></a><span class='Parentheses'>))</span> 
 
#line <span class='Number'>1</span> <span class='String'>"num_test.pgc"</span> 
<span class='Keyword'>#include </span><span class='String'>&LT;stdio.h&GT;</span> 
<span class='Keyword'>#include </span><span class='String'>&LT;stdlib.h&GT;</span> 
<span class='Keyword'>#include </span><span class='String'>&LT;pgtypes_numeric.h&GT;</span> 
<span class='Keyword'>#include </span><span class='String'>&LT;decimal.h&GT;</span> 
 
 
#line <span class='Number'>1</span> <span class='String'>"regression.h"</span> 
 
 
 
 
 
 
#line <span class='Number'>6</span> <span class='String'>"num_test.pgc"</span> 
 
 
 
<span class='Comment_Multi_Line'>/* 
 
NOTE: This file has a different expect file for regression tests on MinGW32 
 
*/ 
</span> 
 
<span class='Keyword'>int 
</span><a name="LN34"></a><span class='Declare_Function'>main</span><span class='Parentheses'>(</span><span class='Keyword'>void</span><span class='Parentheses'>) 
</span><span class='Delimiter'>{ 
</span><a name="LN36"></a>    <span class='Keyword'>char </span><span class='Operator'>*</span><span class='Declare_Local'>text</span><span class='Operator'>=</span><span class='String'>"error\n"</span><span class='Delimiter'>; 
</span><a name="LN37"></a>    <a href="../../include/pgtypes_numeric.h.html#LN15"><span class='Ref_to_Typedef'>numeric</span></a> <span class='Operator'>*</span><span class='Declare_Local'>value1</span><span class='Delimiter'>, </span><span class='Operator'>*</span><span class='Declare_Local'>value2</span><span class='Delimiter'>, </span><span class='Operator'>*</span><span class='Declare_Local'>res</span><span class='Delimiter'>; 
</span>    <span class='Comment_Multi_Line'>/* exec sql begin declare section */ 
</span>          
        <span class='Comment_Multi_Line'>/* = {0, 0, 0, 0, 0, NULL, NULL} ; */ 
</span>     
#line <span class='Number'>22</span> <span class='String'>"num_test.pgc"</span> 
<a name="LN43"></a> <a href="../../include/pgtypes_numeric.h.html#LN15"><span class='Ref_to_Typedef'>numeric</span></a> <span class='Operator'>* </span><span class='Declare_Local'>des</span> <span class='Delimiter'>; 
</span><span class='Comment_Multi_Line'>/* exec sql end declare section */ 
</span>#line <span class='Number'>24</span> <span class='String'>"num_test.pgc"</span> 
 
<a name="LN47"></a>    <span class='Keyword'>double </span><span class='Declare_Local'>d</span><span class='Delimiter'>; 
</span><a name="LN48"></a>    <span class='Keyword'>long </span><span class='Declare_Local'>l1</span><span class='Delimiter'>, </span><span class='Declare_Local'>l2</span><span class='Delimiter'>; 
</span><a name="LN49"></a>    <span class='Keyword'>int </span><span class='Declare_Local'>i</span><span class='Delimiter'>; 
</span> 
    <a href="pgtypeslib-num_test.c.html#LN6"><span class='Ref_to_Macro'>ECPGdebug</span></a><span class='Parentheses'>(</span><span class='Number'>1</span><span class='Delimiter'>, </span>stderr<span class='Parentheses'>)</span><span class='Delimiter'>; 
</span>    <span class='Comment_Multi_Line'>/* exec sql whenever sqlerror  do sqlprint ( ) ; */ 
</span>#line <span class='Number'>30</span> <span class='String'>"num_test.pgc"</span> 
 
 
    <span class='Delimiter'>{ </span><a href="../../include/ecpglib.h.html#LN50"><span class='Ref_to_Proto'>ECPGconnect</span></a><span class='Parentheses'>(</span>__LINE__<span class='Delimiter'>, </span><span class='Number'>0</span><span class='Delimiter'>, </span><span class='String'>"ecpg1_regression"</span> <span class='Delimiter'>, </span><span class='Null_Value'>NULL</span><span class='Delimiter'>, </span><span class='Null_Value'>NULL </span><span class='Delimiter'>, </span><span class='Null_Value'>NULL</span><span class='Delimiter'>, </span><span class='Number'>0</span><span class='Parentheses'>)</span><span class='Delimiter'>;</span>  
#line <span class='Number'>32</span> <span class='String'>"num_test.pgc"</span> 
 
<span class='Control'>if</span> <span class='Parentheses'>(</span><a href="../../include/sqlca.h.html#LN58"><span class='Ref_to_Const'>sqlca</span></a><span class='Operator'>.</span><a href="../../include/sqlca.h.html#LN22"><span class='Ref_to_Member'>sqlcode</span></a> <span class='Operator'>&LT; </span><span class='Number'>0</span><span class='Parentheses'>) </span><a href="../../include/ecpglib.h.html#LN64"><span class='Ref_to_Proto'>sqlprint</span></a> <span class='Parentheses'>( )</span><span class='Delimiter'>;} 
</span>#line <span class='Number'>32</span> <span class='String'>"num_test.pgc"</span> 
 
 
    <span class='Delimiter'>{ </span><a href="../../include/ecpglib.h.html#LN48"><span class='Ref_to_Proto'>ECPGsetcommit</span></a><span class='Parentheses'>(</span>__LINE__<span class='Delimiter'>, </span><span class='String'>"off"</span><span class='Delimiter'>, </span><span class='Null_Value'>NULL</span><span class='Parentheses'>)</span><span class='Delimiter'>; 
</span>#line <span class='Number'>34</span> <span class='String'>"num_test.pgc"</span> 
 
<span class='Control'>if</span> <span class='Parentheses'>(</span><a href="../../include/sqlca.h.html#LN58"><span class='Ref_to_Const'>sqlca</span></a><span class='Operator'>.</span><a href="../../include/sqlca.h.html#LN22"><span class='Ref_to_Member'>sqlcode</span></a> <span class='Operator'>&LT; </span><span class='Number'>0</span><span class='Parentheses'>) </span><a href="../../include/ecpglib.h.html#LN64"><span class='Ref_to_Proto'>sqlprint</span></a> <span class='Parentheses'>( )</span><span class='Delimiter'>;} 
</span>#line <span class='Number'>34</span> <span class='String'>"num_test.pgc"</span> 
 
    <span class='Delimiter'>{ </span><a href="../../include/ecpglib.h.html#LN51"><span class='Ref_to_Proto'>ECPGdo</span></a><span class='Parentheses'>(</span>__LINE__<span class='Delimiter'>, </span><span class='Number'>0</span><span class='Delimiter'>, </span><span class='Number'>1</span><span class='Delimiter'>, </span><span class='Null_Value'>NULL</span><span class='Delimiter'>, </span><span class='Number'>0</span><span class='Delimiter'>, </span><a href="../../include/ecpgtype.h.html#LN95"><span class='Ref_to_EnumConst'>ECPGst_normal</span></a><span class='Delimiter'>, </span><span class='String'>"create table test ( text char ( 5 ) , num numeric ( 14 , 7 ) )"</span><span class='Delimiter'>, </span><a href="../../include/ecpgtype.h.html#LN61"><span class='Ref_to_EnumConst'>ECPGt_EOIT</span></a><span class='Delimiter'>, </span><a href="../../include/ecpgtype.h.html#LN62"><span class='Ref_to_EnumConst'>ECPGt_EORT</span></a><span class='Parentheses'>)</span><span class='Delimiter'>; 
</span>#line <span class='Number'>35</span> <span class='String'>"num_test.pgc"</span> 
 
<span class='Control'>if</span> <span class='Parentheses'>(</span><a href="../../include/sqlca.h.html#LN58"><span class='Ref_to_Const'>sqlca</span></a><span class='Operator'>.</span><a href="../../include/sqlca.h.html#LN22"><span class='Ref_to_Member'>sqlcode</span></a> <span class='Operator'>&LT; </span><span class='Number'>0</span><span class='Parentheses'>) </span><a href="../../include/ecpglib.h.html#LN64"><span class='Ref_to_Proto'>sqlprint</span></a> <span class='Parentheses'>( )</span><span class='Delimiter'>;} 
</span>#line <span class='Number'>35</span> <span class='String'>"num_test.pgc"</span> 
 
 
    <a href="pgtypeslib-num_test.c.html#LN37"><span class='Ref_To_Local'>value1</span></a> <span class='Operator'>= </span><a href="../../include/pgtypes_numeric.h.html#LN41"><span class='Ref_to_Proto'>PGTYPESnumeric_new</span></a><span class='Parentheses'>()</span><span class='Delimiter'>; 
</span>    <a href="../../include/pgtypes_numeric.h.html#LN52"><span class='Ref_to_Proto'>PGTYPESnumeric_from_int</span></a><span class='Parentheses'>(</span><span class='Number'>1407</span><span class='Delimiter'>, </span><a href="pgtypeslib-num_test.c.html#LN37"><span class='Ref_To_Local'>value1</span></a><span class='Parentheses'>)</span><span class='Delimiter'>; 
</span>    <a href="pgtypeslib-num_test.c.html#LN36"><span class='Ref_To_Local'>text</span></a> <span class='Operator'>= </span><a href="../../include/pgtypes_numeric.h.html#LN46"><span class='Ref_to_Proto'>PGTYPESnumeric_to_asc</span></a><span class='Parentheses'>(</span><a href="pgtypeslib-num_test.c.html#LN37"><span class='Ref_To_Local'>value1</span></a><span class='Delimiter'>, </span><span class='Operator'>-</span><span class='Number'>1</span><span class='Parentheses'>)</span><span class='Delimiter'>; 
</span>    <a href="../../../../include/port.h.html#LN173"><span class='Ref_to_Macro'>printf</span></a><span class='Parentheses'>(</span><span class='String'>"from int = %s\n"</span><span class='Delimiter'>, </span><a href="pgtypeslib-num_test.c.html#LN36"><span class='Ref_To_Local'>text</span></a><span class='Parentheses'>)</span><span class='Delimiter'>; 
</span>    <a href="../../../../include/snowball/header.h.html#LN64"><span class='Ref_to_Macro'>free</span></a><span class='Parentheses'>(</span><a href="pgtypeslib-num_test.c.html#LN36"><span class='Ref_To_Local'>text</span></a><span class='Parentheses'>)</span><span class='Delimiter'>; 
</span>    <a href="../../include/pgtypes_numeric.h.html#LN43"><span class='Ref_to_Proto'>PGTYPESnumeric_free</span></a><span class='Parentheses'>(</span><a href="pgtypeslib-num_test.c.html#LN37"><span class='Ref_To_Local'>value1</span></a><span class='Parentheses'>)</span><span class='Delimiter'>; 
</span> 
    <a href="pgtypeslib-num_test.c.html#LN37"><span class='Ref_To_Local'>value1</span></a> <span class='Operator'>= </span><a href="../../include/pgtypes_numeric.h.html#LN45"><span class='Ref_to_Proto'>PGTYPESnumeric_from_asc</span></a><span class='Parentheses'>(</span><span class='String'>"2369.7"</span><span class='Delimiter'>, </span><span class='Null_Value'>NULL</span><span class='Parentheses'>)</span><span class='Delimiter'>; 
</span>    <a href="pgtypeslib-num_test.c.html#LN37"><span class='Ref_To_Local'>value2</span></a> <span class='Operator'>= </span><a href="../../include/pgtypes_numeric.h.html#LN45"><span class='Ref_to_Proto'>PGTYPESnumeric_from_asc</span></a><span class='Parentheses'>(</span><span class='String'>"10.0"</span><span class='Delimiter'>, </span><span class='Null_Value'>NULL</span><span class='Parentheses'>)</span><span class='Delimiter'>; 
</span>    <a href="pgtypeslib-num_test.c.html#LN37"><span class='Ref_To_Local'>res</span></a> <span class='Operator'>= </span><a href="../../include/pgtypes_numeric.h.html#LN41"><span class='Ref_to_Proto'>PGTYPESnumeric_new</span></a><span class='Parentheses'>()</span><span class='Delimiter'>; 
</span>    <a href="../../include/pgtypes_numeric.h.html#LN47"><span class='Ref_to_Proto'>PGTYPESnumeric_add</span></a><span class='Parentheses'>(</span><a href="pgtypeslib-num_test.c.html#LN37"><span class='Ref_To_Local'>value1</span></a><span class='Delimiter'>, </span><a href="pgtypeslib-num_test.c.html#LN37"><span class='Ref_To_Local'>value2</span></a><span class='Delimiter'>, </span><a href="pgtypeslib-num_test.c.html#LN37"><span class='Ref_To_Local'>res</span></a><span class='Parentheses'>)</span><span class='Delimiter'>; 
</span>    <a href="pgtypeslib-num_test.c.html#LN36"><span class='Ref_To_Local'>text</span></a> <span class='Operator'>= </span><a href="../../include/pgtypes_numeric.h.html#LN46"><span class='Ref_to_Proto'>PGTYPESnumeric_to_asc</span></a><span class='Parentheses'>(</span><a href="pgtypeslib-num_test.c.html#LN37"><span class='Ref_To_Local'>res</span></a><span class='Delimiter'>, </span><span class='Operator'>-</span><span class='Number'>1</span><span class='Parentheses'>)</span><span class='Delimiter'>; 
</span>    <a href="../../../../include/port.h.html#LN173"><span class='Ref_to_Macro'>printf</span></a><span class='Parentheses'>(</span><span class='String'>"add = %s\n"</span><span class='Delimiter'>, </span><a href="pgtypeslib-num_test.c.html#LN36"><span class='Ref_To_Local'>text</span></a><span class='Parentheses'>)</span><span class='Delimiter'>; 
</span>    <a href="../../../../include/snowball/header.h.html#LN64"><span class='Ref_to_Macro'>free</span></a><span class='Parentheses'>(</span><a href="pgtypeslib-num_test.c.html#LN36"><span class='Ref_To_Local'>text</span></a><span class='Parentheses'>)</span><span class='Delimiter'>; 
</span> 
    <a href="../../include/pgtypes_numeric.h.html#LN48"><span class='Ref_to_Proto'>PGTYPESnumeric_sub</span></a><span class='Parentheses'>(</span><a href="pgtypeslib-num_test.c.html#LN37"><span class='Ref_To_Local'>res</span></a><span class='Delimiter'>, </span><a href="pgtypeslib-num_test.c.html#LN37"><span class='Ref_To_Local'>value2</span></a><span class='Delimiter'>, </span><a href="pgtypeslib-num_test.c.html#LN37"><span class='Ref_To_Local'>res</span></a><span class='Parentheses'>)</span><span class='Delimiter'>; 
</span>    <a href="pgtypeslib-num_test.c.html#LN36"><span class='Ref_To_Local'>text</span></a> <span class='Operator'>= </span><a href="../../include/pgtypes_numeric.h.html#LN46"><span class='Ref_to_Proto'>PGTYPESnumeric_to_asc</span></a><span class='Parentheses'>(</span><a href="pgtypeslib-num_test.c.html#LN37"><span class='Ref_To_Local'>res</span></a><span class='Delimiter'>, </span><span class='Operator'>-</span><span class='Number'>1</span><span class='Parentheses'>)</span><span class='Delimiter'>; 
</span>    <a href="../../../../include/port.h.html#LN173"><span class='Ref_to_Macro'>printf</span></a><span class='Parentheses'>(</span><span class='String'>"sub = %s\n"</span><span class='Delimiter'>, </span><a href="pgtypeslib-num_test.c.html#LN36"><span class='Ref_To_Local'>text</span></a><span class='Parentheses'>)</span><span class='Delimiter'>; 
</span>    <a href="../../../../include/snowball/header.h.html#LN64"><span class='Ref_to_Macro'>free</span></a><span class='Parentheses'>(</span><a href="pgtypeslib-num_test.c.html#LN36"><span class='Ref_To_Local'>text</span></a><span class='Parentheses'>)</span><span class='Delimiter'>; 
</span>    <a href="../../include/pgtypes_numeric.h.html#LN43"><span class='Ref_to_Proto'>PGTYPESnumeric_free</span></a><span class='Parentheses'>(</span><a href="pgtypeslib-num_test.c.html#LN37"><span class='Ref_To_Local'>value2</span></a><span class='Parentheses'>)</span><span class='Delimiter'>; 
</span> 
    <a href="pgtypeslib-num_test.c.html#LN43"><span class='Ref_To_Local'>des</span></a> <span class='Operator'>= </span><a href="../../include/pgtypes_numeric.h.html#LN41"><span class='Ref_to_Proto'>PGTYPESnumeric_new</span></a><span class='Parentheses'>()</span><span class='Delimiter'>; 
</span>    <a href="../../include/pgtypes_numeric.h.html#LN54"><span class='Ref_to_Proto'>PGTYPESnumeric_copy</span></a><span class='Parentheses'>(</span><a href="pgtypeslib-num_test.c.html#LN37"><span class='Ref_To_Local'>res</span></a><span class='Delimiter'>, </span><a href="pgtypeslib-num_test.c.html#LN43"><span class='Ref_To_Local'>des</span></a><span class='Parentheses'>)</span><span class='Delimiter'>; 
</span>    <span class='Delimiter'>{ </span><a href="../../include/ecpglib.h.html#LN51"><span class='Ref_to_Proto'>ECPGdo</span></a><span class='Parentheses'>(</span>__LINE__<span class='Delimiter'>, </span><span class='Number'>0</span><span class='Delimiter'>, </span><span class='Number'>1</span><span class='Delimiter'>, </span><span class='Null_Value'>NULL</span><span class='Delimiter'>, </span><span class='Number'>0</span><span class='Delimiter'>, </span><a href="../../include/ecpgtype.h.html#LN95"><span class='Ref_to_EnumConst'>ECPGst_normal</span></a><span class='Delimiter'>, </span><span class='String'>"insert into test ( text , num ) values ( 'test' , $1  )"</span><span class='Delimiter'>,</span>  
    <a href="../../include/ecpgtype.h.html#LN48"><span class='Ref_to_EnumConst'>ECPGt_numeric</span></a><span class='Delimiter'>,</span><span class='Operator'>&</span><span class='Parentheses'>(</span><a href="pgtypeslib-num_test.c.html#LN43"><span class='Ref_To_Local'>des</span></a><span class='Parentheses'>)</span><span class='Delimiter'>,</span><span class='Parentheses'>(</span><span class='Keyword'>long</span><span class='Parentheses'>)</span><span class='Number'>1</span><span class='Delimiter'>,</span><span class='Parentheses'>(</span><span class='Keyword'>long</span><span class='Parentheses'>)</span><span class='Number'>0</span><span class='Delimiter'>,</span><span class='Keyword'>sizeof</span><span class='Parentheses'>(</span><a href="../../include/pgtypes_numeric.h.html#LN15"><span class='Ref_to_Typedef'>numeric</span></a><span class='Parentheses'>)</span><span class='Delimiter'>,</span>  
    <a href="../../include/ecpgtype.h.html#LN63"><span class='Ref_to_EnumConst'>ECPGt_NO_INDICATOR</span></a><span class='Delimiter'>, </span><span class='Null_Value'>NULL </span><span class='Delimiter'>, </span><span class='Number'>0L</span><span class='Delimiter'>, </span><span class='Number'>0L</span><span class='Delimiter'>, </span><span class='Number'>0L</span><span class='Delimiter'>, </span><a href="../../include/ecpgtype.h.html#LN61"><span class='Ref_to_EnumConst'>ECPGt_EOIT</span></a><span class='Delimiter'>, </span><a href="../../include/ecpgtype.h.html#LN62"><span class='Ref_to_EnumConst'>ECPGt_EORT</span></a><span class='Parentheses'>)</span><span class='Delimiter'>; 
</span>#line <span class='Number'>60</span> <span class='String'>"num_test.pgc"</span> 
 
<span class='Control'>if</span> <span class='Parentheses'>(</span><a href="../../include/sqlca.h.html#LN58"><span class='Ref_to_Const'>sqlca</span></a><span class='Operator'>.</span><a href="../../include/sqlca.h.html#LN22"><span class='Ref_to_Member'>sqlcode</span></a> <span class='Operator'>&LT; </span><span class='Number'>0</span><span class='Parentheses'>) </span><a href="../../include/ecpglib.h.html#LN64"><span class='Ref_to_Proto'>sqlprint</span></a> <span class='Parentheses'>( )</span><span class='Delimiter'>;} 
</span>#line <span class='Number'>60</span> <span class='String'>"num_test.pgc"</span> 
 
 
    <a href="pgtypeslib-num_test.c.html#LN37"><span class='Ref_To_Local'>value2</span></a> <span class='Operator'>= </span><a href="../../include/pgtypes_numeric.h.html#LN45"><span class='Ref_to_Proto'>PGTYPESnumeric_from_asc</span></a><span class='Parentheses'>(</span><span class='String'>"2369.7"</span><span class='Delimiter'>, </span><span class='Null_Value'>NULL</span><span class='Parentheses'>)</span><span class='Delimiter'>; 
</span>    <a href="../../include/pgtypes_numeric.h.html#LN49"><span class='Ref_to_Proto'>PGTYPESnumeric_mul</span></a><span class='Parentheses'>(</span><a href="pgtypeslib-num_test.c.html#LN37"><span class='Ref_To_Local'>value1</span></a><span class='Delimiter'>, </span><a href="pgtypeslib-num_test.c.html#LN37"><span class='Ref_To_Local'>value2</span></a><span class='Delimiter'>, </span><a href="pgtypeslib-num_test.c.html#LN37"><span class='Ref_To_Local'>res</span></a><span class='Parentheses'>)</span><span class='Delimiter'>; 
</span>    <a href="../../include/pgtypes_numeric.h.html#LN43"><span class='Ref_to_Proto'>PGTYPESnumeric_free</span></a><span class='Parentheses'>(</span><a href="pgtypeslib-num_test.c.html#LN37"><span class='Ref_To_Local'>value2</span></a><span class='Parentheses'>)</span><span class='Delimiter'>; 
</span> 
    <span class='Delimiter'>{ </span><a href="../../include/ecpglib.h.html#LN51"><span class='Ref_to_Proto'>ECPGdo</span></a><span class='Parentheses'>(</span>__LINE__<span class='Delimiter'>, </span><span class='Number'>0</span><span class='Delimiter'>, </span><span class='Number'>1</span><span class='Delimiter'>, </span><span class='Null_Value'>NULL</span><span class='Delimiter'>, </span><span class='Number'>0</span><span class='Delimiter'>, </span><a href="../../include/ecpgtype.h.html#LN95"><span class='Ref_to_EnumConst'>ECPGst_normal</span></a><span class='Delimiter'>, </span><span class='String'>"select num from test where text = 'test'"</span><span class='Delimiter'>, </span><a href="../../include/ecpgtype.h.html#LN61"><span class='Ref_to_EnumConst'>ECPGt_EOIT</span></a><span class='Delimiter'>,</span>  
    <a href="../../include/ecpgtype.h.html#LN48"><span class='Ref_to_EnumConst'>ECPGt_numeric</span></a><span class='Delimiter'>,</span><span class='Operator'>&</span><span class='Parentheses'>(</span><a href="pgtypeslib-num_test.c.html#LN43"><span class='Ref_To_Local'>des</span></a><span class='Parentheses'>)</span><span class='Delimiter'>,</span><span class='Parentheses'>(</span><span class='Keyword'>long</span><span class='Parentheses'>)</span><span class='Number'>1</span><span class='Delimiter'>,</span><span class='Parentheses'>(</span><span class='Keyword'>long</span><span class='Parentheses'>)</span><span class='Number'>0</span><span class='Delimiter'>,</span><span class='Keyword'>sizeof</span><span class='Parentheses'>(</span><a href="../../include/pgtypes_numeric.h.html#LN15"><span class='Ref_to_Typedef'>numeric</span></a><span class='Parentheses'>)</span><span class='Delimiter'>,</span>  
    <a href="../../include/ecpgtype.h.html#LN63"><span class='Ref_to_EnumConst'>ECPGt_NO_INDICATOR</span></a><span class='Delimiter'>, </span><span class='Null_Value'>NULL </span><span class='Delimiter'>, </span><span class='Number'>0L</span><span class='Delimiter'>, </span><span class='Number'>0L</span><span class='Delimiter'>, </span><span class='Number'>0L</span><span class='Delimiter'>, </span><a href="../../include/ecpgtype.h.html#LN62"><span class='Ref_to_EnumConst'>ECPGt_EORT</span></a><span class='Parentheses'>)</span><span class='Delimiter'>; 
</span>#line <span class='Number'>66</span> <span class='String'>"num_test.pgc"</span> 
 
<span class='Control'>if</span> <span class='Parentheses'>(</span><a href="../../include/sqlca.h.html#LN58"><span class='Ref_to_Const'>sqlca</span></a><span class='Operator'>.</span><a href="../../include/sqlca.h.html#LN22"><span class='Ref_to_Member'>sqlcode</span></a> <span class='Operator'>&LT; </span><span class='Number'>0</span><span class='Parentheses'>) </span><a href="../../include/ecpglib.h.html#LN64"><span class='Ref_to_Proto'>sqlprint</span></a> <span class='Parentheses'>( )</span><span class='Delimiter'>;} 
</span>#line <span class='Number'>66</span> <span class='String'>"num_test.pgc"</span> 
 
 
    <a href="../../include/pgtypes_numeric.h.html#LN49"><span class='Ref_to_Proto'>PGTYPESnumeric_mul</span></a><span class='Parentheses'>(</span><a href="pgtypeslib-num_test.c.html#LN37"><span class='Ref_To_Local'>res</span></a><span class='Delimiter'>, </span><a href="pgtypeslib-num_test.c.html#LN43"><span class='Ref_To_Local'>des</span></a><span class='Delimiter'>, </span><a href="pgtypeslib-num_test.c.html#LN37"><span class='Ref_To_Local'>res</span></a><span class='Parentheses'>)</span><span class='Delimiter'>; 
</span>    <a href="pgtypeslib-num_test.c.html#LN36"><span class='Ref_To_Local'>text</span></a> <span class='Operator'>= </span><a href="../../include/pgtypes_numeric.h.html#LN46"><span class='Ref_to_Proto'>PGTYPESnumeric_to_asc</span></a><span class='Parentheses'>(</span><a href="pgtypeslib-num_test.c.html#LN37"><span class='Ref_To_Local'>res</span></a><span class='Delimiter'>, </span><span class='Operator'>-</span><span class='Number'>1</span><span class='Parentheses'>)</span><span class='Delimiter'>; 
</span>    <a href="../../../../include/port.h.html#LN173"><span class='Ref_to_Macro'>printf</span></a><span class='Parentheses'>(</span><span class='String'>"mul = %s\n"</span><span class='Delimiter'>, </span><a href="pgtypeslib-num_test.c.html#LN36"><span class='Ref_To_Local'>text</span></a><span class='Parentheses'>)</span><span class='Delimiter'>; 
</span>    <a href="../../../../include/snowball/header.h.html#LN64"><span class='Ref_to_Macro'>free</span></a><span class='Parentheses'>(</span><a href="pgtypeslib-num_test.c.html#LN36"><span class='Ref_To_Local'>text</span></a><span class='Parentheses'>)</span><span class='Delimiter'>; 
</span>    <a href="../../include/pgtypes_numeric.h.html#LN43"><span class='Ref_to_Proto'>PGTYPESnumeric_free</span></a><span class='Parentheses'>(</span><a href="pgtypeslib-num_test.c.html#LN43"><span class='Ref_To_Local'>des</span></a><span class='Parentheses'>)</span><span class='Delimiter'>; 
</span> 
    <a href="pgtypeslib-num_test.c.html#LN37"><span class='Ref_To_Local'>value2</span></a> <span class='Operator'>= </span><a href="../../include/pgtypes_numeric.h.html#LN45"><span class='Ref_to_Proto'>PGTYPESnumeric_from_asc</span></a><span class='Parentheses'>(</span><span class='String'>"10000"</span><span class='Delimiter'>, </span><span class='Null_Value'>NULL</span><span class='Parentheses'>)</span><span class='Delimiter'>; 
</span>    <a href="../../include/pgtypes_numeric.h.html#LN50"><span class='Ref_to_Proto'>PGTYPESnumeric_div</span></a><span class='Parentheses'>(</span><a href="pgtypeslib-num_test.c.html#LN37"><span class='Ref_To_Local'>res</span></a><span class='Delimiter'>, </span><a href="pgtypeslib-num_test.c.html#LN37"><span class='Ref_To_Local'>value2</span></a><span class='Delimiter'>, </span><a href="pgtypeslib-num_test.c.html#LN37"><span class='Ref_To_Local'>res</span></a><span class='Parentheses'>)</span><span class='Delimiter'>; 
</span>    <a href="pgtypeslib-num_test.c.html#LN36"><span class='Ref_To_Local'>text</span></a> <span class='Operator'>= </span><a href="../../include/pgtypes_numeric.h.html#LN46"><span class='Ref_to_Proto'>PGTYPESnumeric_to_asc</span></a><span class='Parentheses'>(</span><a href="pgtypeslib-num_test.c.html#LN37"><span class='Ref_To_Local'>res</span></a><span class='Delimiter'>, </span><span class='Operator'>-</span><span class='Number'>1</span><span class='Parentheses'>)</span><span class='Delimiter'>; 
</span>    <a href="../../include/pgtypes_numeric.h.html#LN56"><span class='Ref_to_Proto'>PGTYPESnumeric_to_double</span></a><span class='Parentheses'>(</span><a href="pgtypeslib-num_test.c.html#LN37"><span class='Ref_To_Local'>res</span></a><span class='Delimiter'>, </span><span class='Operator'>&</span><a href="pgtypeslib-num_test.c.html#LN47"><span class='Ref_To_Local'>d</span></a><span class='Parentheses'>)</span><span class='Delimiter'>; 
</span>    <a href="../../../../include/port.h.html#LN173"><span class='Ref_to_Macro'>printf</span></a><span class='Parentheses'>(</span><span class='String'>"div = %s %e\n"</span><span class='Delimiter'>, </span><a href="pgtypeslib-num_test.c.html#LN36"><span class='Ref_To_Local'>text</span></a><span class='Delimiter'>, </span><a href="pgtypeslib-num_test.c.html#LN47"><span class='Ref_To_Local'>d</span></a><span class='Parentheses'>)</span><span class='Delimiter'>; 
</span> 
    <a href="../../include/pgtypes_numeric.h.html#LN43"><span class='Ref_to_Proto'>PGTYPESnumeric_free</span></a><span class='Parentheses'>(</span><a href="pgtypeslib-num_test.c.html#LN37"><span class='Ref_To_Local'>value1</span></a><span class='Parentheses'>)</span><span class='Delimiter'>; 
</span>    <a href="../../include/pgtypes_numeric.h.html#LN43"><span class='Ref_to_Proto'>PGTYPESnumeric_free</span></a><span class='Parentheses'>(</span><a href="pgtypeslib-num_test.c.html#LN37"><span class='Ref_To_Local'>value2</span></a><span class='Parentheses'>)</span><span class='Delimiter'>; 
</span> 
    <a href="pgtypeslib-num_test.c.html#LN37"><span class='Ref_To_Local'>value1</span></a> <span class='Operator'>= </span><a href="../../include/pgtypes_numeric.h.html#LN45"><span class='Ref_to_Proto'>PGTYPESnumeric_from_asc</span></a><span class='Parentheses'>(</span><span class='String'>"2E7"</span><span class='Delimiter'>, </span><span class='Null_Value'>NULL</span><span class='Parentheses'>)</span><span class='Delimiter'>; 
</span>    <a href="pgtypeslib-num_test.c.html#LN37"><span class='Ref_To_Local'>value2</span></a> <span class='Operator'>= </span><a href="../../include/pgtypes_numeric.h.html#LN45"><span class='Ref_to_Proto'>PGTYPESnumeric_from_asc</span></a><span class='Parentheses'>(</span><span class='String'>"14"</span><span class='Delimiter'>, </span><span class='Null_Value'>NULL</span><span class='Parentheses'>)</span><span class='Delimiter'>; 
</span>    <a href="pgtypeslib-num_test.c.html#LN49"><span class='Ref_To_Local'>i</span></a> <span class='Operator'>= </span><a href="../../include/pgtypes_numeric.h.html#LN58"><span class='Ref_to_Proto'>PGTYPESnumeric_to_long</span></a><span class='Parentheses'>(</span><a href="pgtypeslib-num_test.c.html#LN37"><span class='Ref_To_Local'>value1</span></a><span class='Delimiter'>, </span><span class='Operator'>&</span><a href="pgtypeslib-num_test.c.html#LN48"><span class='Ref_To_Local'>l1</span></a><span class='Parentheses'>) </span><span class='Operator'>| </span><a href="../../include/pgtypes_numeric.h.html#LN58"><span class='Ref_to_Proto'>PGTYPESnumeric_to_long</span></a><span class='Parentheses'>(</span><a href="pgtypeslib-num_test.c.html#LN37"><span class='Ref_To_Local'>value2</span></a><span class='Delimiter'>, </span><span class='Operator'>&</span><a href="pgtypeslib-num_test.c.html#LN48"><span class='Ref_To_Local'>l2</span></a><span class='Parentheses'>)</span><span class='Delimiter'>; 
</span>    <a href="../../../../include/port.h.html#LN173"><span class='Ref_to_Macro'>printf</span></a><span class='Parentheses'>(</span><span class='String'>"to long(%d) = %ld %ld\n"</span><span class='Delimiter'>, </span><a href="pgtypeslib-num_test.c.html#LN49"><span class='Ref_To_Local'>i</span></a><span class='Delimiter'>, </span><a href="pgtypeslib-num_test.c.html#LN48"><span class='Ref_To_Local'>l1</span></a><span class='Delimiter'>, </span><a href="pgtypeslib-num_test.c.html#LN48"><span class='Ref_To_Local'>l2</span></a><span class='Parentheses'>)</span><span class='Delimiter'>; 
</span> 
    <a href="../../../../include/snowball/header.h.html#LN64"><span class='Ref_to_Macro'>free</span></a><span class='Parentheses'>(</span><a href="pgtypeslib-num_test.c.html#LN36"><span class='Ref_To_Local'>text</span></a><span class='Parentheses'>)</span><span class='Delimiter'>; 
</span>    <a href="../../include/pgtypes_numeric.h.html#LN43"><span class='Ref_to_Proto'>PGTYPESnumeric_free</span></a><span class='Parentheses'>(</span><a href="pgtypeslib-num_test.c.html#LN37"><span class='Ref_To_Local'>value1</span></a><span class='Parentheses'>)</span><span class='Delimiter'>; 
</span>    <a href="../../include/pgtypes_numeric.h.html#LN43"><span class='Ref_to_Proto'>PGTYPESnumeric_free</span></a><span class='Parentheses'>(</span><a href="pgtypeslib-num_test.c.html#LN37"><span class='Ref_To_Local'>value2</span></a><span class='Parentheses'>)</span><span class='Delimiter'>; 
</span>    <a href="../../include/pgtypes_numeric.h.html#LN43"><span class='Ref_to_Proto'>PGTYPESnumeric_free</span></a><span class='Parentheses'>(</span><a href="pgtypeslib-num_test.c.html#LN37"><span class='Ref_To_Local'>res</span></a><span class='Parentheses'>)</span><span class='Delimiter'>; 
</span> 
    <span class='Delimiter'>{ </span><a href="../../include/ecpglib.h.html#LN52"><span class='Ref_to_Proto'>ECPGtrans</span></a><span class='Parentheses'>(</span>__LINE__<span class='Delimiter'>, </span><span class='Null_Value'>NULL</span><span class='Delimiter'>, </span><span class='String'>"rollback"</span><span class='Parentheses'>)</span><span class='Delimiter'>; 
</span>#line <span class='Number'>93</span> <span class='String'>"num_test.pgc"</span> 
 
<span class='Control'>if</span> <span class='Parentheses'>(</span><a href="../../include/sqlca.h.html#LN58"><span class='Ref_to_Const'>sqlca</span></a><span class='Operator'>.</span><a href="../../include/sqlca.h.html#LN22"><span class='Ref_to_Member'>sqlcode</span></a> <span class='Operator'>&LT; </span><span class='Number'>0</span><span class='Parentheses'>) </span><a href="../../include/ecpglib.h.html#LN64"><span class='Ref_to_Proto'>sqlprint</span></a> <span class='Parentheses'>( )</span><span class='Delimiter'>;} 
</span>#line <span class='Number'>93</span> <span class='String'>"num_test.pgc"</span> 
 
    <span class='Delimiter'>{ </span><a href="../../include/ecpglib.h.html#LN53"><span class='Ref_to_Proto'>ECPGdisconnect</span></a><span class='Parentheses'>(</span>__LINE__<span class='Delimiter'>, </span><span class='String'>"CURRENT"</span><span class='Parentheses'>)</span><span class='Delimiter'>; 
</span>#line <span class='Number'>94</span> <span class='String'>"num_test.pgc"</span> 
 
<span class='Control'>if</span> <span class='Parentheses'>(</span><a href="../../include/sqlca.h.html#LN58"><span class='Ref_to_Const'>sqlca</span></a><span class='Operator'>.</span><a href="../../include/sqlca.h.html#LN22"><span class='Ref_to_Member'>sqlcode</span></a> <span class='Operator'>&LT; </span><span class='Number'>0</span><span class='Parentheses'>) </span><a href="../../include/ecpglib.h.html#LN64"><span class='Ref_to_Proto'>sqlprint</span></a> <span class='Parentheses'>( )</span><span class='Delimiter'>;} 
</span>#line <span class='Number'>94</span> <span class='String'>"num_test.pgc"</span> 
 
 
    <span class='Control'>return</span> <span class='Parentheses'>(</span><span class='Number'>0</span><span class='Parentheses'>)</span><span class='Delimiter'>; 
}</span><span class='Auto_Annotations'> &laquo; end main &raquo; </span> 
</pre>
<table bgcolor='#c0c0c0' width='100%'><tr><td><a href='../../../../../Contents.html'>Contents</a></td></tr>
</table><hr><p class='blurb' align='center'><a href='http://www.sourceinsight.com'>HTML Created by Source Insight Version 4.00.0084 Built on 2017-02-26</a></p>
</body></html>