<!DOCTYPE html PUBLIC "-//W3C//DTD HTML 4.01 Transitional//EN">
<html>
<head>
<meta name="generator" content="Source Insight Version 4.00.0084 Built on 2017-02-26">
<meta charset='UTF-8' />
<style type='text/css'><!--
TD {background-color: #C0C0C0; font-family: 'Verdana', 'Arial', 'Helvetica', Sans-Serif; font-size: 70%; }
.blurb {font-family: 'Verdana', 'Arial', 'Helvetica', Sans-Serif; font-size: 70%; }
.filename {font-family: 'Verdana', 'Arial', 'Helvetica', Sans-Serif; font-size: 120%; font-weight: bold; }
.dirname {font-family: 'Verdana', 'Arial', 'Helvetica', Sans-Serif; font-size: 100%; font-weight: bold; margin-top: 2.5em;}
--></style>
<title>src\interfaces\ecpg\test\expected\pgtypeslib-dt_test2.c</title>
<LINK REL=StyleSheet HREF="../../../../../C_Cpp_Source_File.css" TYPE='text/css' MEDIA=screen>
</head>
<body bgcolor=#ffffff>
<table bgcolor='#c0c0c0' width='100%'>
<tr><td><p class='filename'><b>src\interfaces\ecpg\test\expected\pgtypeslib-dt_test2.c</b></p></td>
<td align='right'>
Wed Jun 14 08:26:10 2017
</td></tr>
<tr><td><a href='../../../../../Contents.html'>Contents</a></td></tr>
</table>
<pre>
<span class='Comment_Multi_Line'>/* Processed by ecpg (regression mode) */ 
/* These include files are added by the preprocessor */ 
</span><span class='Keyword'>#include </span><span class='String'>&LT;ecpglib.h&GT;</span> 
<span class='Keyword'>#include </span><span class='String'>&LT;ecpgerrno.h&GT;</span> 
<span class='Keyword'>#include </span><span class='String'>&LT;sqlca.h&GT;</span> 
<span class='Comment_Multi_Line'>/* End of automatic include section */ 
</span><a name="LN6"></a><span class='Keyword'>#define </span><span class='Declare_Macro'>ECPGdebug</span><span class='Parentheses'>(</span><span class='Declare_Parameter'>X</span><span class='Delimiter'>,</span><span class='Declare_Parameter'>Y</span><span class='Parentheses'>) </span><a href="pgtypeslib-dt_test2.c.html#LN6"><span class='Ref_to_Macro'>ECPGdebug</span></a><span class='Parentheses'>((</span><a href="pgtypeslib-dt_test2.c.html#LN6"><span class='Ref_to_Parameter'>X</span></a><span class='Parentheses'>)</span><span class='Operator'>+</span><span class='Number'>100</span><span class='Delimiter'>,</span><span class='Parentheses'>(</span><a href="pgtypeslib-dt_test2.c.html#LN6"><span class='Ref_to_Parameter'>Y</span></a><span class='Parentheses'>))</span> 
 
#line <span class='Number'>1</span> <span class='String'>"dt_test2.pgc"</span> 
<span class='Keyword'>#include </span><span class='String'>&LT;stdio.h&GT;</span> 
<span class='Keyword'>#include </span><span class='String'>&LT;string.h&GT;</span> 
<span class='Keyword'>#include </span><span class='String'>&LT;stdlib.h&GT;</span> 
<span class='Keyword'>#include </span><span class='String'>&LT;limits.h&GT;</span> 
<span class='Keyword'>#include </span><span class='String'>&LT;pgtypes_date.h&GT;</span> 
<span class='Keyword'>#include </span><span class='String'>&LT;pgtypes_timestamp.h&GT;</span> 
 
 
#line <span class='Number'>1</span> <span class='String'>"regression.h"</span> 
 
 
 
 
 
 
#line <span class='Number'>8</span> <span class='String'>"dt_test2.pgc"</span> 
 
 
<a name="LN27"></a><span class='Keyword'>char </span><span class='Operator'>*</span><span class='Declare_Var'>dates</span><span class='Delimiter'>[] </span><span class='Operator'>= </span><span class='Delimiter'>{ </span><span class='String'>"19990108foobar"</span><span class='Delimiter'>, 
</span>                  <span class='String'>"19990108 foobar"</span><span class='Delimiter'>, 
</span>                  <span class='String'>"1999-01-08 foobar"</span><span class='Delimiter'>, 
</span>                  <span class='String'>"January 8, 1999"</span><span class='Delimiter'>, 
</span>                  <span class='String'>"1999-01-08"</span><span class='Delimiter'>, 
</span>                  <span class='String'>"1/8/1999"</span><span class='Delimiter'>, 
</span>                  <span class='String'>"1/18/1999"</span><span class='Delimiter'>, 
</span>                  <span class='String'>"01/02/03"</span><span class='Delimiter'>, 
</span>                  <span class='String'>"1999-Jan-08"</span><span class='Delimiter'>, 
</span>                  <span class='String'>"Jan-08-1999"</span><span class='Delimiter'>, 
</span>                  <span class='String'>"08-Jan-1999"</span><span class='Delimiter'>, 
</span>                  <span class='String'>"99-Jan-08"</span><span class='Delimiter'>, 
</span>                  <span class='String'>"08-Jan-99"</span><span class='Delimiter'>, 
</span>                  <span class='String'>"08-Jan-06"</span><span class='Delimiter'>, 
</span>                  <span class='String'>"Jan-08-99"</span><span class='Delimiter'>, 
</span>                  <span class='String'>"19990108"</span><span class='Delimiter'>, 
</span>                  <span class='String'>"990108"</span><span class='Delimiter'>, 
</span>                  <span class='String'>"1999.008"</span><span class='Delimiter'>, 
</span>                  <span class='String'>"J2451187"</span><span class='Delimiter'>, 
</span>                  <span class='String'>"January 8, 99 BC"</span><span class='Delimiter'>, 
</span>                  <span class='Comment_Multi_Line'>/* 
                   * Maximize space usage in ParseDateTime() with 25 
                   * (MAXDATEFIELDS) fields and 128 (MAXDATELEN) total length. 
                   */ 
</span>                  <span class='String'>"........................Xaaaaaaaaaaaaaaaaaaaaaaaaaaaaaaaaaaaaaaa"</span> 
                  <span class='String'>"aaaaaaaaaaaaaaaaaaaaaaaaaaaaaaaaaaaaaaaaaaaaaaaaaaaaaaaaaaaaaaaa"</span><span class='Delimiter'>, 
</span>                  <span class='Comment_Multi_Line'>/* 26 fields */ 
</span>                  <span class='String'>".........................aaaaaaaaaaaaaaaaaaaaaaaaaaaaaaaaaaaaaaa"</span> 
                  <span class='String'>"aaaaaaaaaaaaaaaaaaaaaaaaaaaaaaaaaaaaaaaaaaaaaaaaaaaaaaaaaaaaaaaa"</span><span class='Delimiter'>, 
</span>                  <span class='Null_Value'>NULL </span><span class='Delimiter'>}; 
</span> 
<span class='Comment_Multi_Line'>/* do not conflict with libc "times" symbol */ 
</span><a name="LN59"></a><span class='Keyword'>static char </span><span class='Operator'>*</span><span class='Declare_Var'>times</span><span class='Delimiter'>[] </span><span class='Operator'>= </span><span class='Delimiter'>{ </span><span class='String'>"0:04"</span><span class='Delimiter'>, 
</span>                  <span class='String'>"1:59 PDT"</span><span class='Delimiter'>, 
</span>                  <span class='String'>"13:24:40 -8:00"</span><span class='Delimiter'>, 
</span>                  <span class='String'>"13:24:40.495+3"</span><span class='Delimiter'>, 
</span>                  <span class='String'>"13:24:40.123456123+3"</span><span class='Delimiter'>, 
</span>                  <span class='Null_Value'>NULL </span><span class='Delimiter'>}; 
</span> 
<a name="LN66"></a><span class='Keyword'>char </span><span class='Operator'>*</span><span class='Declare_Var'>intervals</span><span class='Delimiter'>[] </span><span class='Operator'>= </span><span class='Delimiter'>{ </span><span class='String'>"1 minute"</span><span class='Delimiter'>, 
</span>                      <span class='String'>"1 12:59:10"</span><span class='Delimiter'>, 
</span>                      <span class='String'>"2 day 12 hour 59 minute 10 second"</span><span class='Delimiter'>, 
</span>                      <span class='String'>"1 days 12 hrs 59 mins 10 secs"</span><span class='Delimiter'>, 
</span>                      <span class='String'>"1 days 1 hours 1 minutes 1 seconds"</span><span class='Delimiter'>, 
</span>                      <span class='String'>"1 year 59 mins"</span><span class='Delimiter'>, 
</span>                      <span class='String'>"1 year 59 mins foobar"</span><span class='Delimiter'>, 
</span>                      <span class='Null_Value'>NULL </span><span class='Delimiter'>}; 
</span> 
<span class='Keyword'>int 
</span><a name="LN76"></a><span class='Declare_Function'>main</span><span class='Parentheses'>(</span><span class='Keyword'>void</span><span class='Parentheses'>) 
</span><span class='Delimiter'>{ 
</span>    <span class='Comment_Multi_Line'>/* exec sql begin declare section */ 
</span>          
           
          
          
          
     
#line <span class='Number'>62</span> <span class='String'>"dt_test2.pgc"</span> 
<a name="LN86"></a> <a href="../../include/pgtypes_date.h.html#LN7"><span class='Ref_to_Typedef'>date</span></a> <span class='Declare_Local'>date1</span> <span class='Delimiter'>; 
</span>  
#line <span class='Number'>63</span> <span class='String'>"dt_test2.pgc"</span> 
<a name="LN89"></a> <a href="../../include/pgtypes_timestamp.h.html#LN8"><span class='Ref_to_Typedef'>timestamp</span></a> <span class='Declare_Local'>ts1</span> <span class='Delimiter'>, </span><span class='Declare_Local'>ts2</span> <span class='Delimiter'>; 
</span>  
#line <span class='Number'>64</span> <span class='String'>"dt_test2.pgc"</span> 
<a name="LN92"></a> <span class='Keyword'>char </span><span class='Operator'>* </span><span class='Declare_Local'>text</span> <span class='Delimiter'>; 
</span>  
#line <span class='Number'>65</span> <span class='String'>"dt_test2.pgc"</span> 
<a name="LN95"></a> <a href="../../include/pgtypes_interval.h.html#LN25"><span class='Ref_to_Typedef'>interval</span></a> <span class='Operator'>* </span><span class='Declare_Local'>i1</span> <span class='Delimiter'>; 
</span>  
#line <span class='Number'>66</span> <span class='String'>"dt_test2.pgc"</span> 
<a name="LN98"></a> <a href="../../include/pgtypes_date.h.html#LN7"><span class='Ref_to_Typedef'>date</span></a> <span class='Operator'>* </span><span class='Declare_Local'>dc</span> <span class='Delimiter'>; 
</span><span class='Comment_Multi_Line'>/* exec sql end declare section */ 
</span>#line <span class='Number'>67</span> <span class='String'>"dt_test2.pgc"</span> 
 
 
<a name="LN103"></a>    <span class='Keyword'>int </span><span class='Declare_Local'>i</span><span class='Delimiter'>, </span><span class='Declare_Local'>j</span><span class='Delimiter'>; 
</span><a name="LN104"></a>    <span class='Keyword'>char </span><span class='Operator'>*</span><span class='Declare_Local'>endptr</span><span class='Delimiter'>; 
</span> 
    <a href="pgtypeslib-dt_test2.c.html#LN6"><span class='Ref_to_Macro'>ECPGdebug</span></a><span class='Parentheses'>(</span><span class='Number'>1</span><span class='Delimiter'>, </span>stderr<span class='Parentheses'>)</span><span class='Delimiter'>; 
</span> 
    <a href="pgtypeslib-dt_test2.c.html#LN89"><span class='Ref_To_Local'>ts1</span></a> <span class='Operator'>= </span><a href="../../include/pgtypes_timestamp.h.html#LN16"><span class='Ref_to_Proto'>PGTYPEStimestamp_from_asc</span></a><span class='Parentheses'>(</span><span class='String'>"2003-12-04 17:34:29"</span><span class='Delimiter'>, </span><span class='Null_Value'>NULL</span><span class='Parentheses'>)</span><span class='Delimiter'>; 
</span>    <a href="pgtypeslib-dt_test2.c.html#LN92"><span class='Ref_To_Local'>text</span></a> <span class='Operator'>= </span><a href="../../include/pgtypes_timestamp.h.html#LN17"><span class='Ref_to_Proto'>PGTYPEStimestamp_to_asc</span></a><span class='Parentheses'>(</span><a href="pgtypeslib-dt_test2.c.html#LN89"><span class='Ref_To_Local'>ts1</span></a><span class='Parentheses'>)</span><span class='Delimiter'>; 
</span> 
    <a href="../../../../include/port.h.html#LN173"><span class='Ref_to_Macro'>printf</span></a><span class='Parentheses'>(</span><span class='String'>"timestamp: %s\n"</span><span class='Delimiter'>, </span><a href="pgtypeslib-dt_test2.c.html#LN92"><span class='Ref_To_Local'>text</span></a><span class='Parentheses'>)</span><span class='Delimiter'>; 
</span>    <a href="../../../../include/snowball/header.h.html#LN64"><span class='Ref_to_Macro'>free</span></a><span class='Parentheses'>(</span><a href="pgtypeslib-dt_test2.c.html#LN92"><span class='Ref_To_Local'>text</span></a><span class='Parentheses'>)</span><span class='Delimiter'>; 
</span> 
    <a href="pgtypeslib-dt_test2.c.html#LN86"><span class='Ref_To_Local'>date1</span></a> <span class='Operator'>= </span><a href="../../include/pgtypes_date.h.html#LN18"><span class='Ref_to_Proto'>PGTYPESdate_from_timestamp</span></a><span class='Parentheses'>(</span><a href="pgtypeslib-dt_test2.c.html#LN89"><span class='Ref_To_Local'>ts1</span></a><span class='Parentheses'>)</span><span class='Delimiter'>; 
</span>    <a href="pgtypeslib-dt_test2.c.html#LN98"><span class='Ref_To_Local'>dc</span></a> <span class='Operator'>= </span><a href="../../pgtypeslib/datetime.c.html#LN14"><span class='Ref_to_Func'>PGTYPESdate_new</span></a><span class='Parentheses'>()</span><span class='Delimiter'>; 
</span>    <span class='Operator'>*</span><a href="pgtypeslib-dt_test2.c.html#LN98"><span class='Ref_To_Local'>dc</span></a> <span class='Operator'>= </span><a href="pgtypeslib-dt_test2.c.html#LN86"><span class='Ref_To_Local'>date1</span></a><span class='Delimiter'>; 
</span>    <a href="pgtypeslib-dt_test2.c.html#LN92"><span class='Ref_To_Local'>text</span></a> <span class='Operator'>= </span><a href="../../include/pgtypes_date.h.html#LN17"><span class='Ref_to_Proto'>PGTYPESdate_to_asc</span></a><span class='Parentheses'>(</span><span class='Operator'>*</span><a href="pgtypeslib-dt_test2.c.html#LN98"><span class='Ref_To_Local'>dc</span></a><span class='Parentheses'>)</span><span class='Delimiter'>; 
</span>    <a href="../../../../include/port.h.html#LN173"><span class='Ref_to_Macro'>printf</span></a><span class='Parentheses'>(</span><span class='String'>"Date of timestamp: %s\n"</span><span class='Delimiter'>, </span><a href="pgtypeslib-dt_test2.c.html#LN92"><span class='Ref_To_Local'>text</span></a><span class='Parentheses'>)</span><span class='Delimiter'>; 
</span>    <a href="../../../../include/snowball/header.h.html#LN64"><span class='Ref_to_Macro'>free</span></a><span class='Parentheses'>(</span><a href="pgtypeslib-dt_test2.c.html#LN92"><span class='Ref_To_Local'>text</span></a><span class='Parentheses'>)</span><span class='Delimiter'>; 
</span>    <a href="../../include/pgtypes_date.h.html#LN15"><span class='Ref_to_Proto'>PGTYPESdate_free</span></a><span class='Parentheses'>(</span><a href="pgtypeslib-dt_test2.c.html#LN98"><span class='Ref_To_Local'>dc</span></a><span class='Parentheses'>)</span><span class='Delimiter'>; 
</span> 
    <span class='Control'>for</span> <span class='Parentheses'>(</span><a href="pgtypeslib-dt_test2.c.html#LN103"><span class='Ref_To_Local'>i</span></a> <span class='Operator'>= </span><span class='Number'>0</span><span class='Delimiter'>; </span><a href="pgtypeslib-dt_test2.c.html#LN27"><span class='Ref_to_Global_Var'>dates</span></a><span class='Delimiter'>[</span><a href="pgtypeslib-dt_test2.c.html#LN103"><span class='Ref_To_Local'>i</span></a><span class='Delimiter'>]; </span><a href="pgtypeslib-dt_test2.c.html#LN103"><span class='Ref_To_Local'>i</span></a><span class='Operator'>++</span><span class='Parentheses'>) 
</span>    <span class='Delimiter'>{ 
</span><a name="LN124"></a>        <span class='Keyword'>bool </span><span class='Declare_Local'>err</span> <span class='Operator'>= </span><span class='Boolean'>false</span><span class='Delimiter'>; 
</span>        <a href="pgtypeslib-dt_test2.c.html#LN86"><span class='Ref_To_Local'>date1</span></a> <span class='Operator'>= </span><a href="../../include/pgtypes_date.h.html#LN16"><span class='Ref_to_Proto'>PGTYPESdate_from_asc</span></a><span class='Parentheses'>(</span><a href="pgtypeslib-dt_test2.c.html#LN27"><span class='Ref_to_Global_Var'>dates</span></a><span class='Delimiter'>[</span><a href="pgtypeslib-dt_test2.c.html#LN103"><span class='Ref_To_Local'>i</span></a><span class='Delimiter'>], </span><span class='Operator'>&</span><a href="pgtypeslib-dt_test2.c.html#LN104"><span class='Ref_To_Local'>endptr</span></a><span class='Parentheses'>)</span><span class='Delimiter'>; 
</span>        <span class='Control'>if</span> <span class='Parentheses'>(</span><a href="pgtypeslib-dt_test2.c.html#LN86"><span class='Ref_To_Local'>date1</span></a> <span class='Operator'>== </span>INT_MIN<span class='Parentheses'>) </span><span class='Delimiter'>{ 
</span>            <a href="pgtypeslib-dt_test2.c.html#LN124"><span class='Ref_To_Local'>err</span></a> <span class='Operator'>= </span><span class='Boolean'>true</span><span class='Delimiter'>; 
</span>        <span class='Delimiter'>} 
</span>        <a href="pgtypeslib-dt_test2.c.html#LN92"><span class='Ref_To_Local'>text</span></a> <span class='Operator'>= </span><a href="../../include/pgtypes_date.h.html#LN17"><span class='Ref_to_Proto'>PGTYPESdate_to_asc</span></a><span class='Parentheses'>(</span><a href="pgtypeslib-dt_test2.c.html#LN86"><span class='Ref_To_Local'>date1</span></a><span class='Parentheses'>)</span><span class='Delimiter'>; 
</span>        <a href="../../../../include/port.h.html#LN173"><span class='Ref_to_Macro'>printf</span></a><span class='Parentheses'>(</span><span class='String'>"Date[%d]: %s (%c - %c)\n"</span><span class='Delimiter'>, 
</span>                    <a href="pgtypeslib-dt_test2.c.html#LN103"><span class='Ref_To_Local'>i</span></a><span class='Delimiter'>, </span><a href="pgtypeslib-dt_test2.c.html#LN124"><span class='Ref_To_Local'>err</span></a> <span class='Operator'>? </span><span class='String'>"-"</span> <span class='Operator'>: </span><a href="pgtypeslib-dt_test2.c.html#LN92"><span class='Ref_To_Local'>text</span></a><span class='Delimiter'>, 
</span>                    <a href="pgtypeslib-dt_test2.c.html#LN104"><span class='Ref_To_Local'>endptr</span></a> <span class='Operator'>? </span><span class='String'>'N'</span> <span class='Operator'>: </span><span class='String'>'Y'</span><span class='Delimiter'>, 
</span>                    <a href="pgtypeslib-dt_test2.c.html#LN124"><span class='Ref_To_Local'>err</span></a> <span class='Operator'>? </span><span class='String'>'T'</span> <span class='Operator'>: </span><span class='String'>'F'</span><span class='Parentheses'>)</span><span class='Delimiter'>; 
</span>        <a href="../../../../include/snowball/header.h.html#LN64"><span class='Ref_to_Macro'>free</span></a><span class='Parentheses'>(</span><a href="pgtypeslib-dt_test2.c.html#LN92"><span class='Ref_To_Local'>text</span></a><span class='Parentheses'>)</span><span class='Delimiter'>; 
</span>        <span class='Control'>if</span> <span class='Parentheses'>(</span><span class='Operator'>!</span><a href="pgtypeslib-dt_test2.c.html#LN124"><span class='Ref_To_Local'>err</span></a><span class='Parentheses'>) 
</span>        <span class='Delimiter'>{ 
</span>            <span class='Control'>for</span> <span class='Parentheses'>(</span><a href="pgtypeslib-dt_test2.c.html#LN103"><span class='Ref_To_Local'>j</span></a> <span class='Operator'>= </span><span class='Number'>0</span><span class='Delimiter'>; </span><a href="pgtypeslib-dt_test2.c.html#LN59"><span class='Ref_to_Global_Var'>times</span></a><span class='Delimiter'>[</span><a href="pgtypeslib-dt_test2.c.html#LN103"><span class='Ref_To_Local'>j</span></a><span class='Delimiter'>]; </span><a href="pgtypeslib-dt_test2.c.html#LN103"><span class='Ref_To_Local'>j</span></a><span class='Operator'>++</span><span class='Parentheses'>) 
</span>            <span class='Delimiter'>{ 
</span><a name="LN139"></a>                <span class='Keyword'>int </span><span class='Declare_Local'>length</span> <span class='Operator'>= </span>strlen<span class='Parentheses'>(</span><a href="pgtypeslib-dt_test2.c.html#LN27"><span class='Ref_to_Global_Var'>dates</span></a><span class='Delimiter'>[</span><a href="pgtypeslib-dt_test2.c.html#LN103"><span class='Ref_To_Local'>i</span></a><span class='Delimiter'>]</span><span class='Parentheses'>) 
</span>                        <span class='Operator'>+ </span><span class='Number'>1</span> 
                        <span class='Operator'>+ </span>strlen<span class='Parentheses'>(</span><a href="pgtypeslib-dt_test2.c.html#LN59"><span class='Ref_to_Global_Var'>times</span></a><span class='Delimiter'>[</span><a href="pgtypeslib-dt_test2.c.html#LN103"><span class='Ref_To_Local'>j</span></a><span class='Delimiter'>]</span><span class='Parentheses'>) 
</span>                        <span class='Operator'>+ </span><span class='Number'>1</span><span class='Delimiter'>; 
</span><a name="LN143"></a>                <span class='Keyword'>char</span><span class='Operator'>* </span><span class='Declare_Local'>t</span> <span class='Operator'>= </span><a href="../../../../include/snowball/header.h.html#LN49"><span class='Ref_to_Macro'>malloc</span></a><span class='Parentheses'>(</span><a href="pgtypeslib-dt_test2.c.html#LN139"><span class='Ref_To_Local'>length</span></a><span class='Parentheses'>)</span><span class='Delimiter'>; 
</span>                <a href="../../../../include/port.h.html#LN170"><span class='Ref_to_Macro'>sprintf</span></a><span class='Parentheses'>(</span><a href="pgtypeslib-dt_test2.c.html#LN143"><span class='Ref_To_Local'>t</span></a><span class='Delimiter'>, </span><span class='String'>"%s %s"</span><span class='Delimiter'>, </span><a href="pgtypeslib-dt_test2.c.html#LN27"><span class='Ref_to_Global_Var'>dates</span></a><span class='Delimiter'>[</span><a href="pgtypeslib-dt_test2.c.html#LN103"><span class='Ref_To_Local'>i</span></a><span class='Delimiter'>], </span><a href="pgtypeslib-dt_test2.c.html#LN59"><span class='Ref_to_Global_Var'>times</span></a><span class='Delimiter'>[</span><a href="pgtypeslib-dt_test2.c.html#LN103"><span class='Ref_To_Local'>j</span></a><span class='Delimiter'>]</span><span class='Parentheses'>)</span><span class='Delimiter'>; 
</span>                <a href="pgtypeslib-dt_test2.c.html#LN89"><span class='Ref_To_Local'>ts1</span></a> <span class='Operator'>= </span><a href="../../include/pgtypes_timestamp.h.html#LN16"><span class='Ref_to_Proto'>PGTYPEStimestamp_from_asc</span></a><span class='Parentheses'>(</span><a href="pgtypeslib-dt_test2.c.html#LN143"><span class='Ref_To_Local'>t</span></a><span class='Delimiter'>, </span><span class='Null_Value'>NULL</span><span class='Parentheses'>)</span><span class='Delimiter'>; 
</span>                <a href="pgtypeslib-dt_test2.c.html#LN92"><span class='Ref_To_Local'>text</span></a> <span class='Operator'>= </span><a href="../../include/pgtypes_timestamp.h.html#LN17"><span class='Ref_to_Proto'>PGTYPEStimestamp_to_asc</span></a><span class='Parentheses'>(</span><a href="pgtypeslib-dt_test2.c.html#LN89"><span class='Ref_To_Local'>ts1</span></a><span class='Parentheses'>)</span><span class='Delimiter'>; 
</span>                <a href="../../../../include/port.h.html#LN173"><span class='Ref_to_Macro'>printf</span></a><span class='Parentheses'>(</span><span class='String'>"TS[%d,%d]: %s\n"</span><span class='Delimiter'>, 
</span>                       <a href="pgtypeslib-dt_test2.c.html#LN103"><span class='Ref_To_Local'>i</span></a><span class='Delimiter'>, </span><a href="pgtypeslib-dt_test2.c.html#LN103"><span class='Ref_To_Local'>j</span></a><span class='Delimiter'>, </span>errno <span class='Operator'>? </span><span class='String'>"-"</span> <span class='Operator'>: </span><a href="pgtypeslib-dt_test2.c.html#LN92"><span class='Ref_To_Local'>text</span></a><span class='Parentheses'>)</span><span class='Delimiter'>; 
</span>                <a href="../../../../include/snowball/header.h.html#LN64"><span class='Ref_to_Macro'>free</span></a><span class='Parentheses'>(</span><a href="pgtypeslib-dt_test2.c.html#LN92"><span class='Ref_To_Local'>text</span></a><span class='Parentheses'>)</span><span class='Delimiter'>; 
</span>                <a href="../../../../include/snowball/header.h.html#LN64"><span class='Ref_to_Macro'>free</span></a><span class='Parentheses'>(</span><a href="pgtypeslib-dt_test2.c.html#LN143"><span class='Ref_To_Local'>t</span></a><span class='Parentheses'>)</span><span class='Delimiter'>; 
</span>            <span class='Delimiter'>} 
</span>        <span class='Delimiter'>} 
</span>    <span class='Delimiter'>}</span><span class='Auto_Annotations'> &laquo; end for i=0;dates[i];i++ &raquo; </span> 
 
    <a href="pgtypeslib-dt_test2.c.html#LN89"><span class='Ref_To_Local'>ts1</span></a> <span class='Operator'>= </span><a href="../../include/pgtypes_timestamp.h.html#LN16"><span class='Ref_to_Proto'>PGTYPEStimestamp_from_asc</span></a><span class='Parentheses'>(</span><span class='String'>"2004-04-04 23:23:23"</span><span class='Delimiter'>, </span><span class='Null_Value'>NULL</span><span class='Parentheses'>)</span><span class='Delimiter'>; 
</span> 
    <span class='Control'>for</span> <span class='Parentheses'>(</span><a href="pgtypeslib-dt_test2.c.html#LN103"><span class='Ref_To_Local'>i</span></a> <span class='Operator'>= </span><span class='Number'>0</span><span class='Delimiter'>; </span><a href="pgtypeslib-dt_test2.c.html#LN66"><span class='Ref_to_Global_Var'>intervals</span></a><span class='Delimiter'>[</span><a href="pgtypeslib-dt_test2.c.html#LN103"><span class='Ref_To_Local'>i</span></a><span class='Delimiter'>]; </span><a href="pgtypeslib-dt_test2.c.html#LN103"><span class='Ref_To_Local'>i</span></a><span class='Operator'>++</span><span class='Parentheses'>) 
</span>    <span class='Delimiter'>{ 
</span><a name="LN159"></a>        <a href="../../include/pgtypes_interval.h.html#LN25"><span class='Ref_to_Typedef'>interval</span></a> <span class='Operator'>*</span><span class='Declare_Local'>ic</span><span class='Delimiter'>; 
</span>        <a href="pgtypeslib-dt_test2.c.html#LN95"><span class='Ref_To_Local'>i1</span></a> <span class='Operator'>= </span><a href="../../include/pgtypes_interval.h.html#LN38"><span class='Ref_to_Proto'>PGTYPESinterval_from_asc</span></a><span class='Parentheses'>(</span><a href="pgtypeslib-dt_test2.c.html#LN66"><span class='Ref_to_Global_Var'>intervals</span></a><span class='Delimiter'>[</span><a href="pgtypeslib-dt_test2.c.html#LN103"><span class='Ref_To_Local'>i</span></a><span class='Delimiter'>], </span><span class='Operator'>&</span><a href="pgtypeslib-dt_test2.c.html#LN104"><span class='Ref_To_Local'>endptr</span></a><span class='Parentheses'>)</span><span class='Delimiter'>; 
</span>        <span class='Control'>if</span> <span class='Parentheses'>(</span><span class='Operator'>*</span><a href="pgtypeslib-dt_test2.c.html#LN104"><span class='Ref_To_Local'>endptr</span></a><span class='Parentheses'>) 
</span>            <a href="../../../../include/port.h.html#LN173"><span class='Ref_to_Macro'>printf</span></a><span class='Parentheses'>(</span><span class='String'>"endptr set to %s\n"</span><span class='Delimiter'>, </span><a href="pgtypeslib-dt_test2.c.html#LN104"><span class='Ref_To_Local'>endptr</span></a><span class='Parentheses'>)</span><span class='Delimiter'>; 
</span>        <span class='Control'>if</span> <span class='Parentheses'>(</span><span class='Operator'>!</span><a href="pgtypeslib-dt_test2.c.html#LN95"><span class='Ref_To_Local'>i1</span></a><span class='Parentheses'>) 
</span>        <span class='Delimiter'>{ 
</span>            <a href="../../../../include/port.h.html#LN173"><span class='Ref_to_Macro'>printf</span></a><span class='Parentheses'>(</span><span class='String'>"Error parsing interval %d\n"</span><span class='Delimiter'>, </span><a href="pgtypeslib-dt_test2.c.html#LN103"><span class='Ref_To_Local'>i</span></a><span class='Parentheses'>)</span><span class='Delimiter'>; 
</span>            <span class='Control'>continue</span><span class='Delimiter'>; 
</span>        <span class='Delimiter'>} 
</span>        <a href="pgtypeslib-dt_test2.c.html#LN103"><span class='Ref_To_Local'>j</span></a> <span class='Operator'>= </span><a href="../../include/pgtypes_timestamp.h.html#LN22"><span class='Ref_to_Proto'>PGTYPEStimestamp_add_interval</span></a><span class='Parentheses'>(</span><span class='Operator'>&</span><a href="pgtypeslib-dt_test2.c.html#LN89"><span class='Ref_To_Local'>ts1</span></a><span class='Delimiter'>, </span><a href="pgtypeslib-dt_test2.c.html#LN95"><span class='Ref_To_Local'>i1</span></a><span class='Delimiter'>, </span><span class='Operator'>&</span><a href="pgtypeslib-dt_test2.c.html#LN89"><span class='Ref_To_Local'>ts2</span></a><span class='Parentheses'>)</span><span class='Delimiter'>; 
</span>        <span class='Control'>if</span> <span class='Parentheses'>(</span><a href="pgtypeslib-dt_test2.c.html#LN103"><span class='Ref_To_Local'>j</span></a> <span class='Operator'>&LT; </span><span class='Number'>0</span><span class='Parentheses'>) 
</span>            <span class='Control'>continue</span><span class='Delimiter'>; 
</span>        <a href="pgtypeslib-dt_test2.c.html#LN92"><span class='Ref_To_Local'>text</span></a> <span class='Operator'>= </span><a href="../../include/pgtypes_interval.h.html#LN39"><span class='Ref_to_Proto'>PGTYPESinterval_to_asc</span></a><span class='Parentheses'>(</span><a href="pgtypeslib-dt_test2.c.html#LN95"><span class='Ref_To_Local'>i1</span></a><span class='Parentheses'>)</span><span class='Delimiter'>; 
</span>        <a href="../../../../include/port.h.html#LN173"><span class='Ref_to_Macro'>printf</span></a><span class='Parentheses'>(</span><span class='String'>"interval[%d]: %s\n"</span><span class='Delimiter'>, </span><a href="pgtypeslib-dt_test2.c.html#LN103"><span class='Ref_To_Local'>i</span></a><span class='Delimiter'>, </span><a href="pgtypeslib-dt_test2.c.html#LN92"><span class='Ref_To_Local'>text</span></a> <span class='Operator'>? </span><a href="pgtypeslib-dt_test2.c.html#LN92"><span class='Ref_To_Local'>text</span></a> <span class='Operator'>: </span><span class='String'>"-"</span><span class='Parentheses'>)</span><span class='Delimiter'>; 
</span>        <a href="../../../../include/snowball/header.h.html#LN64"><span class='Ref_to_Macro'>free</span></a><span class='Parentheses'>(</span><a href="pgtypeslib-dt_test2.c.html#LN92"><span class='Ref_To_Local'>text</span></a><span class='Parentheses'>)</span><span class='Delimiter'>; 
</span> 
        <a href="pgtypeslib-dt_test2.c.html#LN159"><span class='Ref_To_Local'>ic</span></a> <span class='Operator'>= </span><a href="../../include/pgtypes_interval.h.html#LN36"><span class='Ref_to_Proto'>PGTYPESinterval_new</span></a><span class='Parentheses'>()</span><span class='Delimiter'>; 
</span>        <a href="../../include/pgtypes_interval.h.html#LN40"><span class='Ref_to_Proto'>PGTYPESinterval_copy</span></a><span class='Parentheses'>(</span><a href="pgtypeslib-dt_test2.c.html#LN95"><span class='Ref_To_Local'>i1</span></a><span class='Delimiter'>, </span><a href="pgtypeslib-dt_test2.c.html#LN159"><span class='Ref_To_Local'>ic</span></a><span class='Parentheses'>)</span><span class='Delimiter'>; 
</span>        <a href="pgtypeslib-dt_test2.c.html#LN92"><span class='Ref_To_Local'>text</span></a> <span class='Operator'>= </span><a href="../../include/pgtypes_interval.h.html#LN39"><span class='Ref_to_Proto'>PGTYPESinterval_to_asc</span></a><span class='Parentheses'>(</span><a href="pgtypeslib-dt_test2.c.html#LN95"><span class='Ref_To_Local'>i1</span></a><span class='Parentheses'>)</span><span class='Delimiter'>; 
</span>        <a href="../../../../include/port.h.html#LN173"><span class='Ref_to_Macro'>printf</span></a><span class='Parentheses'>(</span><span class='String'>"interval_copy[%d]: %s\n"</span><span class='Delimiter'>, </span><a href="pgtypeslib-dt_test2.c.html#LN103"><span class='Ref_To_Local'>i</span></a><span class='Delimiter'>, </span><a href="pgtypeslib-dt_test2.c.html#LN92"><span class='Ref_To_Local'>text</span></a> <span class='Operator'>? </span><a href="pgtypeslib-dt_test2.c.html#LN92"><span class='Ref_To_Local'>text</span></a> <span class='Operator'>: </span><span class='String'>"-"</span><span class='Parentheses'>)</span><span class='Delimiter'>; 
</span>        <a href="../../../../include/snowball/header.h.html#LN64"><span class='Ref_to_Macro'>free</span></a><span class='Parentheses'>(</span><a href="pgtypeslib-dt_test2.c.html#LN92"><span class='Ref_To_Local'>text</span></a><span class='Parentheses'>)</span><span class='Delimiter'>; 
</span>        <a href="../../include/pgtypes_interval.h.html#LN37"><span class='Ref_to_Proto'>PGTYPESinterval_free</span></a><span class='Parentheses'>(</span><a href="pgtypeslib-dt_test2.c.html#LN159"><span class='Ref_To_Local'>ic</span></a><span class='Parentheses'>)</span><span class='Delimiter'>; 
</span>        <a href="../../include/pgtypes_interval.h.html#LN37"><span class='Ref_to_Proto'>PGTYPESinterval_free</span></a><span class='Parentheses'>(</span><a href="pgtypeslib-dt_test2.c.html#LN95"><span class='Ref_To_Local'>i1</span></a><span class='Parentheses'>)</span><span class='Delimiter'>; 
</span>    <span class='Delimiter'>}</span><span class='Auto_Annotations'> &laquo; end for i=0;intervals[i];i++ &raquo; </span> 
 
    <span class='Control'>return</span> <span class='Parentheses'>(</span><span class='Number'>0</span><span class='Parentheses'>)</span><span class='Delimiter'>; 
}</span><span class='Auto_Annotations'> &laquo; end main &raquo; </span> 
</pre>
<table bgcolor='#c0c0c0' width='100%'><tr><td><a href='../../../../../Contents.html'>Contents</a></td></tr>
</table><hr><p class='blurb' align='center'><a href='http://www.sourceinsight.com'>HTML Created by Source Insight Version 4.00.0084 Built on 2017-02-26</a></p>
</body></html>