<!DOCTYPE html PUBLIC "-//W3C//DTD HTML 4.01 Transitional//EN">
<html>
<head>
<meta name="generator" content="Source Insight Version 4.00.0084 Built on 2017-02-26">
<meta charset='UTF-8' />
<style type='text/css'><!--
TD {background-color: #C0C0C0; font-family: 'Verdana', 'Arial', 'Helvetica', Sans-Serif; font-size: 70%; }
.blurb {font-family: 'Verdana', 'Arial', 'Helvetica', Sans-Serif; font-size: 70%; }
.filename {font-family: 'Verdana', 'Arial', 'Helvetica', Sans-Serif; font-size: 120%; font-weight: bold; }
.dirname {font-family: 'Verdana', 'Arial', 'Helvetica', Sans-Serif; font-size: 100%; font-weight: bold; margin-top: 2.5em;}
--></style>
<title>src\interfaces\ecpg\test\expected\preproc-init.c</title>
<LINK REL=StyleSheet HREF="../../../../../C_Cpp_Source_File.css" TYPE='text/css' MEDIA=screen>
</head>
<body bgcolor=#ffffff>
<table bgcolor='#c0c0c0' width='100%'>
<tr><td><p class='filename'><b>src\interfaces\ecpg\test\expected\preproc-init.c</b></p></td>
<td align='right'>
Wed Jun 14 08:26:10 2017
</td></tr>
<tr><td><a href='../../../../../Contents.html'>Contents</a></td></tr>
</table>
<pre>
<span class='Comment_Multi_Line'>/* Processed by ecpg (regression mode) */ 
/* These include files are added by the preprocessor */ 
</span><span class='Keyword'>#include </span><span class='String'>&LT;ecpglib.h&GT;</span> 
<span class='Keyword'>#include </span><span class='String'>&LT;ecpgerrno.h&GT;</span> 
<span class='Keyword'>#include </span><span class='String'>&LT;sqlca.h&GT;</span> 
<span class='Comment_Multi_Line'>/* End of automatic include section */ 
</span><a name="LN6"></a><span class='Keyword'>#define </span><span class='Declare_Macro'>ECPGdebug</span><span class='Parentheses'>(</span><span class='Declare_Parameter'>X</span><span class='Delimiter'>,</span><span class='Declare_Parameter'>Y</span><span class='Parentheses'>) </span><a href="preproc-init.c.html#LN6"><span class='Ref_to_Macro'>ECPGdebug</span></a><span class='Parentheses'>((</span><a href="preproc-init.c.html#LN6"><span class='Ref_to_Parameter'>X</span></a><span class='Parentheses'>)</span><span class='Operator'>+</span><span class='Number'>100</span><span class='Delimiter'>,</span><span class='Parentheses'>(</span><a href="preproc-init.c.html#LN6"><span class='Ref_to_Parameter'>Y</span></a><span class='Parentheses'>))</span> 
 
#line <span class='Number'>1</span> <span class='String'>"init.pgc"</span> 
 
#line <span class='Number'>1</span> <span class='String'>"sqlca.h"</span> 
<span class='Directive'>#ifndef</span> <a href="../../include/sqlca.h.html#LN1"><span class='Ref_to_Const'>POSTGRES_SQLCA_H</span></a> 
<a name="LN12"></a><span class='Keyword'>#define </span><span class='Declare_Constant'>POSTGRES_SQLCA_H</span> 
 
<span class='Directive'>#ifndef</span> <a href="../../include/sqlca.h.html#LN5"><span class='Ref_to_Const'>PGDLLIMPORT</span></a> 
<span class='Directive'>#if</span>  defined<span class='Parentheses'>(</span><a href="../../../../include/c.h.html#LN61"><span class='Ref_to_Const'>WIN32</span></a><span class='Parentheses'>) </span><span class='Operator'>|| </span>defined<span class='Parentheses'>(</span>__CYGWIN__<span class='Parentheses'>) 
</span><a name="LN16"></a><span class='Keyword'>#define </span><span class='Declare_Constant'>PGDLLIMPORT</span> __declspec <span class='Parentheses'>(</span>dllimport<span class='Parentheses'>) 
</span><span class='Directive'>#else</span> 
<a name="LN18"></a><span class='Keyword'>#define </span><span class='Declare_Constant'>PGDLLIMPORT</span> 
<span class='Directive'>#endif</span>   <span class='Comment_Single_Line'>/* __CYGWIN__ */ 
</span><span class='Directive'>#endif</span>   <span class='Comment_Single_Line'>/* PGDLLIMPORT */ 
</span> 
<a name="LN22"></a><span class='Keyword'>#define </span><span class='Declare_Constant'>SQLERRMC_LEN</span>    <span class='Number'>150</span> 
 
<span class='Directive'>#ifdef</span> __cplusplus 
<span class='Keyword'>extern</span>      <span class='String'>"C"</span> 
<span class='Delimiter'>{ 
</span><span class='Directive'>#endif</span> 
 
<a name="LN29"></a><span class='Control'>struct</span> <span class='Declare_Struct'>sqlca_t</span> 
<span class='Delimiter'>{ 
</span><a name="LN31"></a>    <span class='Keyword'>char</span>        <span class='Declare_Member'>sqlcaid</span><span class='Delimiter'>[</span><span class='Number'>8</span><span class='Delimiter'>]; 
</span><a name="LN32"></a>    <span class='Keyword'>long</span>        <span class='Declare_Member'>sqlabc</span><span class='Delimiter'>; 
</span><a name="LN33"></a>    <span class='Keyword'>long</span>        <span class='Declare_Member'>sqlcode</span><span class='Delimiter'>; 
</span>    <span class='Control'>struct</span> 
    <span class='Delimiter'>{ 
</span><a name="LN36"></a>        <span class='Keyword'>int</span>         <span class='Declare_Member'>sqlerrml</span><span class='Delimiter'>; 
</span><a name="LN37"></a>        <span class='Keyword'>char</span>        <span class='Declare_Member'>sqlerrmc</span><span class='Delimiter'>[</span><a href="../../include/sqlca.h.html#LN11"><span class='Ref_to_Const'>SQLERRMC_LEN</span></a><span class='Delimiter'>]; 
</span><a name="LN38"></a>    <span class='Delimiter'>}</span>           <span class='Declare_Member'>sqlerrm</span><span class='Delimiter'>; 
</span><a name="LN39"></a>    <span class='Keyword'>char</span>        <span class='Declare_Member'>sqlerrp</span><span class='Delimiter'>[</span><span class='Number'>8</span><span class='Delimiter'>]; 
</span><a name="LN40"></a>    <span class='Keyword'>long</span>        <span class='Declare_Member'>sqlerrd</span><span class='Delimiter'>[</span><span class='Number'>6</span><span class='Delimiter'>]; 
</span>    <span class='Comment_Multi_Line'>/* Element 0: empty                     */ 
</span>    <span class='Comment_Multi_Line'>/* 1: OID of processed tuple if applicable          */ 
</span>    <span class='Comment_Multi_Line'>/* 2: number of rows processed              */ 
</span>    <span class='Comment_Multi_Line'>/* after an INSERT, UPDATE or               */ 
</span>    <span class='Comment_Multi_Line'>/* DELETE statement                 */ 
</span>    <span class='Comment_Multi_Line'>/* 3: empty                     */ 
</span>    <span class='Comment_Multi_Line'>/* 4: empty                     */ 
</span>    <span class='Comment_Multi_Line'>/* 5: empty                     */ 
</span><a name="LN49"></a>    <span class='Keyword'>char</span>        <span class='Declare_Member'>sqlwarn</span><span class='Delimiter'>[</span><span class='Number'>8</span><span class='Delimiter'>]; 
</span>    <span class='Comment_Multi_Line'>/* Element 0: set to 'W' if at least one other is 'W'   */ 
</span>    <span class='Comment_Multi_Line'>/* 1: if 'W' at least one character string      */ 
</span>    <span class='Comment_Multi_Line'>/* value was truncated when it was          */ 
</span>    <span class='Comment_Multi_Line'>/* stored into a host variable.             */ 
</span> 
    <span class='Comment_Multi_Line'>/* 
     * 2: if 'W' a (hopefully) non-fatal notice occurred 
     */ </span><span class='Comment_Single_Line'>/* 3: empty */ 
</span>    <span class='Comment_Multi_Line'>/* 4: empty                     */ 
</span>    <span class='Comment_Multi_Line'>/* 5: empty                     */ 
</span>    <span class='Comment_Multi_Line'>/* 6: empty                     */ 
</span>    <span class='Comment_Multi_Line'>/* 7: empty                     */ 
</span> 
<a name="LN63"></a>    <span class='Keyword'>char</span>        <span class='Declare_Member'>sqlstate</span><span class='Delimiter'>[</span><span class='Number'>5</span><span class='Delimiter'>]; 
}</span><span class='Auto_Annotations'> &laquo; end sqlca_t &raquo; </span><span class='Delimiter'>; 
</span> 
<a name="LN66"></a><span class='Control'>struct</span> <a href="preproc-init.c.html#LN29"><span class='Ref_to_Struct'>sqlca_t</span></a> <span class='Operator'>*</span><span class='Declare_Prototype'>ECPGget_sqlca</span><span class='Parentheses'>(</span><span class='Keyword'>void</span><span class='Parentheses'>)</span><span class='Delimiter'>; 
</span> 
<span class='Directive'>#ifndef</span> <a href="../../compatlib/informix.c.html#LN2"><span class='Ref_to_Const'>POSTGRES_ECPG_INTERNAL</span></a> 
<a name="LN69"></a><span class='Keyword'>#define </span><span class='Declare_Constant'>sqlca</span> <span class='Parentheses'>(</span><span class='Operator'>*</span><a href="../../include/sqlca.h.html#LN55"><span class='Ref_to_Proto'>ECPGget_sqlca</span></a><span class='Parentheses'>())</span> 
<span class='Directive'>#endif</span> 
 
<span class='Directive'>#ifdef</span> __cplusplus 
<span class='Delimiter'>} 
</span><span class='Directive'>#endif</span> 
 
<span class='Directive'>#endif</span> 
 
#line <span class='Number'>1</span> <span class='String'>"init.pgc"</span> 
 
 
<a name="LN81"></a><span class='Control'>enum</span> <span class='Declare_Enum'>e</span> <span class='Delimiter'>{ </span><span class='Declare_Enum_Const'>ENUM0</span><span class='Delimiter'>, </span><span class='Declare_Enum_Const'>ENUM1</span> <span class='Delimiter'>}; 
</span><a name="LN82"></a><span class='Control'>struct</span> <span class='Declare_Struct'>sa</span> <span class='Delimiter'>{ </span><span class='Keyword'>int </span><span class='Declare_Member'>member</span><span class='Delimiter'>; }; 
</span> 
<a name="LN84"></a><span class='Keyword'>static int </span><span class='Declare_Function'>fa</span><span class='Parentheses'>(</span><span class='Keyword'>void</span><span class='Parentheses'>) 
</span><span class='Delimiter'>{ 
</span>    <a href="../../../../include/port.h.html#LN173"><span class='Ref_to_Macro'>printf</span></a><span class='Parentheses'>(</span><span class='String'>"in fa\n"</span><span class='Parentheses'>)</span><span class='Delimiter'>; 
</span>    <span class='Control'>return</span> <span class='Number'>2</span><span class='Delimiter'>; 
} 
</span> 
<span class='Keyword'>static int 
</span><a name="LN91"></a><span class='Declare_Function'>fb</span><span class='Parentheses'>(</span><span class='Keyword'>int </span><span class='Declare_Parameter'>x</span><span class='Parentheses'>) 
</span><span class='Delimiter'>{ 
</span>    <a href="../../../../include/port.h.html#LN173"><span class='Ref_to_Macro'>printf</span></a><span class='Parentheses'>(</span><span class='String'>"in fb (%d)\n"</span><span class='Delimiter'>, </span><a href="preproc-init.c.html#LN91"><span class='Ref_to_Parameter'>x</span></a><span class='Parentheses'>)</span><span class='Delimiter'>; 
</span>    <span class='Control'>return</span> <a href="preproc-init.c.html#LN91"><span class='Ref_to_Parameter'>x</span></a><span class='Delimiter'>; 
} 
</span> 
<span class='Keyword'>static int 
</span><a name="LN98"></a><span class='Declare_Function'>fc</span><span class='Parentheses'>(</span><span class='Keyword'>const char </span><span class='Operator'>*</span><span class='Declare_Parameter'>x</span><span class='Parentheses'>) 
</span><span class='Delimiter'>{ 
</span>    <a href="../../../../include/port.h.html#LN173"><span class='Ref_to_Macro'>printf</span></a><span class='Parentheses'>(</span><span class='String'>"in fc (%s)\n"</span><span class='Delimiter'>, </span><a href="preproc-init.c.html#LN98"><span class='Ref_to_Parameter'>x</span></a><span class='Parentheses'>)</span><span class='Delimiter'>; 
</span>    <span class='Control'>return</span> <span class='Operator'>*</span><a href="preproc-init.c.html#LN98"><span class='Ref_to_Parameter'>x</span></a><span class='Delimiter'>; 
} 
</span> 
<a name="LN104"></a><span class='Keyword'>static int </span><span class='Declare_Function'>fd</span><span class='Parentheses'>(</span><span class='Keyword'>const char </span><span class='Operator'>*</span><span class='Declare_Parameter'>x</span><span class='Delimiter'>,</span><span class='Keyword'>int </span><span class='Declare_Parameter'>i</span><span class='Parentheses'>) 
</span><span class='Delimiter'>{ 
</span>    <a href="../../../../include/port.h.html#LN173"><span class='Ref_to_Macro'>printf</span></a><span class='Parentheses'>(</span><span class='String'>"in fd (%s, %d)\n"</span><span class='Delimiter'>, </span><a href="preproc-init.c.html#LN104"><span class='Ref_to_Parameter'>x</span></a><span class='Delimiter'>, </span><a href="preproc-init.c.html#LN104"><span class='Ref_to_Parameter'>i</span></a><span class='Parentheses'>)</span><span class='Delimiter'>; 
</span>    <span class='Control'>return</span> <span class='Parentheses'>(</span><span class='Operator'>*</span><a href="preproc-init.c.html#LN104"><span class='Ref_to_Parameter'>x</span></a><span class='Parentheses'>)</span><span class='Operator'>*</span><a href="preproc-init.c.html#LN104"><span class='Ref_to_Parameter'>i</span></a><span class='Delimiter'>; 
} 
</span> 
<a name="LN110"></a><span class='Keyword'>static int </span><span class='Declare_Function'>fe</span><span class='Parentheses'>(</span><span class='Control'>enum</span> <a href="preproc-init.c.html#LN81"><span class='Ref_to_Enum'>e</span></a> <span class='Declare_Parameter'>x</span><span class='Parentheses'>) 
</span><span class='Delimiter'>{ 
</span>    <a href="../../../../include/port.h.html#LN173"><span class='Ref_to_Macro'>printf</span></a><span class='Parentheses'>(</span><span class='String'>"in fe (%d)\n"</span><span class='Delimiter'>, </span><span class='Parentheses'>(</span><span class='Keyword'>int</span><span class='Parentheses'>) </span><a href="preproc-init.c.html#LN110"><span class='Ref_to_Parameter'>x</span></a><span class='Parentheses'>)</span><span class='Delimiter'>; 
</span>    <span class='Control'>return</span> <span class='Parentheses'>(</span><span class='Keyword'>int</span><span class='Parentheses'>)</span><a href="preproc-init.c.html#LN110"><span class='Ref_to_Parameter'>x</span></a><span class='Delimiter'>; 
} 
</span> 
<a name="LN116"></a><span class='Keyword'>static void </span><span class='Declare_Function'>sqlnotice</span><span class='Parentheses'>(</span><span class='Keyword'>char </span><span class='Operator'>*</span><span class='Declare_Parameter'>notice</span><span class='Delimiter'>, </span><span class='Keyword'>short </span><span class='Declare_Parameter'>trans</span><span class='Parentheses'>) 
</span><span class='Delimiter'>{ 
</span>    <span class='Control'>if</span> <span class='Parentheses'>(</span><span class='Operator'>!</span><a href="preproc-init.c.html#LN116"><span class='Ref_to_Parameter'>notice</span></a><span class='Parentheses'>) 
</span>        <a href="preproc-init.c.html#LN116"><span class='Ref_to_Parameter'>notice</span></a> <span class='Operator'>= </span><span class='String'>"-empty-"</span><span class='Delimiter'>; 
</span>    <a href="../../../../include/port.h.html#LN173"><span class='Ref_to_Macro'>printf</span></a><span class='Parentheses'>(</span><span class='String'>"in sqlnotice (%s, %d)\n"</span><span class='Delimiter'>, </span><a href="preproc-init.c.html#LN116"><span class='Ref_to_Parameter'>notice</span></a><span class='Delimiter'>, </span><a href="preproc-init.c.html#LN116"><span class='Ref_to_Parameter'>trans</span></a><span class='Parentheses'>)</span><span class='Delimiter'>; 
} 
</span> 
 
 
<a name="LN125"></a><span class='Keyword'>#define </span><span class='Declare_Constant'>YES</span> <span class='Number'>1</span> 
 
<span class='Directive'>#ifdef</span> _cplusplus 
<a name="LN128"></a><span class='Control'>namespace</span> <span class='Declare_Namespace'>N</span> 
<span class='Delimiter'>{ 
</span><a name="LN130"></a>    <span class='Keyword'>static const int </span><span class='Declare_Var'>i</span><span class='Operator'>=</span><span class='Number'>2</span><span class='Delimiter'>; 
}; 
</span><span class='Directive'>#endif</span> 
 
<a name="LN134"></a><span class='Keyword'>int </span><span class='Declare_Function'>main</span><span class='Parentheses'>(</span><span class='Keyword'>void</span><span class='Parentheses'>) 
</span><span class='Delimiter'>{ 
</span><a name="LN136"></a>    <span class='Control'>struct</span> <a href="preproc-init.c.html#LN82"><span class='Ref_to_Struct'>sa</span></a> <span class='Declare_Local'>x</span> <span class='Operator'>= </span><span class='Delimiter'>{ </span><span class='Number'>14</span> <span class='Delimiter'>},</span><span class='Operator'>*</span><span class='Declare_Local'>y</span> <span class='Operator'>= &</span><a href="preproc-init.c.html#LN136"><span class='Ref_To_Local'>x</span></a><span class='Delimiter'>; 
</span>    <span class='Comment_Multi_Line'>/* exec sql begin declare section */ 
</span>          
          
          
          
          
          
          
 
          
          
          
          <span class='Comment_Multi_Line'>/* = 1L */</span>  
     
#line <span class='Number'>60</span> <span class='String'>"init.pgc"</span> 
<a name="LN152"></a> <span class='Keyword'>int </span><span class='Declare_Local'>a</span> <span class='Operator'>= </span><span class='Parentheses'>( </span><span class='Keyword'>int </span><span class='Parentheses'>) </span><span class='Number'>2</span> <span class='Delimiter'>; 
</span>  
#line <span class='Number'>61</span> <span class='String'>"init.pgc"</span> 
<a name="LN155"></a> <span class='Keyword'>int </span><span class='Declare_Local'>b</span> <span class='Operator'>= </span><span class='Number'>2</span> <span class='Operator'>+ </span><span class='Number'>2</span> <span class='Delimiter'>; 
</span>  
#line <span class='Number'>62</span> <span class='String'>"init.pgc"</span> 
<a name="LN158"></a> <span class='Keyword'>int </span><span class='Declare_Local'>b2</span> <span class='Operator'>= </span><span class='Parentheses'>( </span><span class='Number'>14</span> <span class='Operator'>* </span><span class='Number'>7</span> <span class='Parentheses'>) </span><span class='Delimiter'>; 
</span>  
#line <span class='Number'>63</span> <span class='String'>"init.pgc"</span> 
<a name="LN161"></a> <span class='Keyword'>int </span><span class='Declare_Local'>d</span> <span class='Operator'>= </span><a href="preproc-init.c.html#LN136"><span class='Ref_To_Local'>x</span></a> <span class='Operator'>. </span><a href="../../../../include/nodes/pg_list.h.html#LN304"><span class='Ref_to_Macro'>member</span></a> <span class='Delimiter'>; 
</span>  
#line <span class='Number'>64</span> <span class='String'>"init.pgc"</span> 
<a name="LN164"></a> <span class='Keyword'>int </span><span class='Declare_Local'>g</span> <span class='Operator'>= </span><a href="preproc-init.c.html#LN90"><span class='Ref_to_Func'>fb</span></a> <span class='Parentheses'>( </span><span class='Number'>2</span> <span class='Parentheses'>) </span><span class='Delimiter'>; 
</span>  
#line <span class='Number'>65</span> <span class='String'>"init.pgc"</span> 
<a name="LN167"></a> <span class='Keyword'>int </span><span class='Declare_Local'>i</span> <span class='Operator'>= </span><span class='Number'>3</span> <span class='Operator'>^ </span><span class='Number'>1</span> <span class='Delimiter'>; 
</span>  
#line <span class='Number'>66</span> <span class='String'>"init.pgc"</span> 
<a name="LN170"></a> <span class='Keyword'>int </span><span class='Declare_Local'>j</span> <span class='Operator'>= </span><span class='Number'>1</span> <span class='Operator'>? </span><span class='Number'>1</span> <span class='Operator'>: </span><span class='Number'>2</span> <span class='Delimiter'>; 
</span>  
#line <span class='Number'>68</span> <span class='String'>"init.pgc"</span> 
<a name="LN173"></a> <span class='Keyword'>int </span><span class='Declare_Local'>e</span> <span class='Operator'>= </span><a href="preproc-init.c.html#LN136"><span class='Ref_To_Local'>y</span></a> <span class='Operator'>-&GT; </span><a href="../../../../include/nodes/pg_list.h.html#LN304"><span class='Ref_to_Macro'>member</span></a> <span class='Delimiter'>; 
</span>  
#line <span class='Number'>69</span> <span class='String'>"init.pgc"</span> 
<a name="LN176"></a> <span class='Keyword'>int </span><span class='Declare_Local'>c</span> <span class='Operator'>= </span><span class='Number'>10</span> <span class='Operator'>&GT;&GT; </span><span class='Number'>2</span> <span class='Delimiter'>; 
</span>  
#line <span class='Number'>70</span> <span class='String'>"init.pgc"</span> 
<a name="LN179"></a> <span class='Keyword'>bool </span><span class='Declare_Local'>h</span> <span class='Operator'>= </span><span class='Number'>2</span> <span class='Operator'>|| </span><span class='Number'>1</span> <span class='Delimiter'>; 
</span>  
#line <span class='Number'>71</span> <span class='String'>"init.pgc"</span> 
<a name="LN182"></a> <span class='Keyword'>long </span><span class='Declare_Local'>iay</span> <span class='Delimiter'>; 
</span><span class='Comment_Multi_Line'>/* exec sql end declare section */ 
</span>#line <span class='Number'>72</span> <span class='String'>"init.pgc"</span> 
 
 
<a name="LN187"></a>    <span class='Keyword'>int </span><span class='Declare_Local'>f</span><span class='Operator'>=</span><a href="preproc-init.c.html#LN84"><span class='Ref_to_Func'>fa</span></a><span class='Parentheses'>()</span><span class='Delimiter'>; 
</span> 
<span class='Directive'>#ifdef</span> _cplusplus 
    <span class='Comment_Multi_Line'>/* exec sql begin declare section */ 
</span>      <span class='Comment_Multi_Line'>/* compile error */ 
</span>     
#line <span class='Number'>78</span> <span class='String'>"init.pgc"</span> 
<a name="LN194"></a> <span class='Keyword'>int </span><span class='Declare_Local'>k</span> <span class='Operator'>= </span><a href="preproc-init.c.html#LN128"><span class='Ref_to_Namespace'>N</span></a> <span class='Operator'>: : </span><a href="preproc-init.c.html#LN167"><span class='Ref_To_Local'>i</span></a> <span class='Delimiter'>; 
</span><span class='Comment_Multi_Line'>/* exec sql end declare section */ 
</span>#line <span class='Number'>79</span> <span class='String'>"init.pgc"</span> 
 
<span class='Directive'>#endif</span> 
 
    <a href="preproc-init.c.html#LN6"><span class='Ref_to_Macro'>ECPGdebug</span></a><span class='Parentheses'>(</span><span class='Number'>1</span><span class='Delimiter'>, </span>stderr<span class='Parentheses'>)</span><span class='Delimiter'>; 
</span> 
    <a href="../../../../include/port.h.html#LN173"><span class='Ref_to_Macro'>printf</span></a><span class='Parentheses'>(</span><span class='String'>"%d %d %d %d %d %d %d %d %d %d %d\n"</span><span class='Delimiter'>, </span><a href="preproc-init.c.html#LN152"><span class='Ref_To_Local'>a</span></a><span class='Delimiter'>, </span><a href="preproc-init.c.html#LN155"><span class='Ref_To_Local'>b</span></a><span class='Delimiter'>, </span><a href="preproc-init.c.html#LN158"><span class='Ref_To_Local'>b2</span></a><span class='Delimiter'>, </span><a href="preproc-init.c.html#LN176"><span class='Ref_To_Local'>c</span></a><span class='Delimiter'>, </span><a href="preproc-init.c.html#LN161"><span class='Ref_To_Local'>d</span></a><span class='Delimiter'>, </span><a href="preproc-init.c.html#LN173"><span class='Ref_To_Local'>e</span></a><span class='Delimiter'>, </span><a href="preproc-init.c.html#LN187"><span class='Ref_To_Local'>f</span></a><span class='Delimiter'>, </span><a href="preproc-init.c.html#LN164"><span class='Ref_To_Local'>g</span></a><span class='Delimiter'>, </span><a href="preproc-init.c.html#LN179"><span class='Ref_To_Local'>h</span></a><span class='Delimiter'>, </span><a href="preproc-init.c.html#LN167"><span class='Ref_To_Local'>i</span></a><span class='Delimiter'>, </span><a href="preproc-init.c.html#LN170"><span class='Ref_To_Local'>j</span></a><span class='Parentheses'>)</span><span class='Delimiter'>; 
</span>    <a href="preproc-init.c.html#LN182"><span class='Ref_To_Local'>iay</span></a> <span class='Operator'>= </span><span class='Number'>0</span><span class='Delimiter'>; 
</span>    <a href="../../../../include/port.h.html#LN173"><span class='Ref_to_Macro'>printf</span></a><span class='Parentheses'>(</span><span class='String'>"%ld\n"</span><span class='Delimiter'>, </span><a href="preproc-init.c.html#LN182"><span class='Ref_To_Local'>iay</span></a><span class='Parentheses'>)</span><span class='Delimiter'>; 
</span>    <span class='Comment_Multi_Line'>/* exec sql whenever sqlerror  do fa ( ) ; */ 
</span>#line <span class='Number'>87</span> <span class='String'>"init.pgc"</span> 
 
    <span class='Delimiter'>{ </span><a href="../../include/ecpglib.h.html#LN51"><span class='Ref_to_Proto'>ECPGdo</span></a><span class='Parentheses'>(</span>__LINE__<span class='Delimiter'>, </span><span class='Number'>0</span><span class='Delimiter'>, </span><span class='Number'>1</span><span class='Delimiter'>, </span><span class='Null_Value'>NULL</span><span class='Delimiter'>, </span><span class='Number'>0</span><span class='Delimiter'>, </span><a href="../../include/ecpgtype.h.html#LN95"><span class='Ref_to_EnumConst'>ECPGst_normal</span></a><span class='Delimiter'>, </span><span class='String'>"select now ( )"</span><span class='Delimiter'>, </span><a href="../../include/ecpgtype.h.html#LN61"><span class='Ref_to_EnumConst'>ECPGt_EOIT</span></a><span class='Delimiter'>, </span><a href="../../include/ecpgtype.h.html#LN62"><span class='Ref_to_EnumConst'>ECPGt_EORT</span></a><span class='Parentheses'>)</span><span class='Delimiter'>; 
</span>#line <span class='Number'>88</span> <span class='String'>"init.pgc"</span> 
 
<span class='Control'>if</span> <span class='Parentheses'>(</span><a href="../../include/sqlca.h.html#LN58"><span class='Ref_to_Const'>sqlca</span></a><span class='Operator'>.</span><a href="../../include/sqlca.h.html#LN22"><span class='Ref_to_Member'>sqlcode</span></a> <span class='Operator'>&LT; </span><span class='Number'>0</span><span class='Parentheses'>) </span><a href="preproc-init.c.html#LN84"><span class='Ref_to_Func'>fa</span></a> <span class='Parentheses'>( )</span><span class='Delimiter'>;} 
</span>#line <span class='Number'>88</span> <span class='String'>"init.pgc"</span> 
 
    <span class='Comment_Multi_Line'>/* exec sql whenever sqlerror  do fb ( 20 ) ; */ 
</span>#line <span class='Number'>89</span> <span class='String'>"init.pgc"</span> 
 
    <span class='Delimiter'>{ </span><a href="../../include/ecpglib.h.html#LN51"><span class='Ref_to_Proto'>ECPGdo</span></a><span class='Parentheses'>(</span>__LINE__<span class='Delimiter'>, </span><span class='Number'>0</span><span class='Delimiter'>, </span><span class='Number'>1</span><span class='Delimiter'>, </span><span class='Null_Value'>NULL</span><span class='Delimiter'>, </span><span class='Number'>0</span><span class='Delimiter'>, </span><a href="../../include/ecpgtype.h.html#LN95"><span class='Ref_to_EnumConst'>ECPGst_normal</span></a><span class='Delimiter'>, </span><span class='String'>"select now ( )"</span><span class='Delimiter'>, </span><a href="../../include/ecpgtype.h.html#LN61"><span class='Ref_to_EnumConst'>ECPGt_EOIT</span></a><span class='Delimiter'>, </span><a href="../../include/ecpgtype.h.html#LN62"><span class='Ref_to_EnumConst'>ECPGt_EORT</span></a><span class='Parentheses'>)</span><span class='Delimiter'>; 
</span>#line <span class='Number'>90</span> <span class='String'>"init.pgc"</span> 
 
<span class='Control'>if</span> <span class='Parentheses'>(</span><a href="../../include/sqlca.h.html#LN58"><span class='Ref_to_Const'>sqlca</span></a><span class='Operator'>.</span><a href="../../include/sqlca.h.html#LN22"><span class='Ref_to_Member'>sqlcode</span></a> <span class='Operator'>&LT; </span><span class='Number'>0</span><span class='Parentheses'>) </span><a href="preproc-init.c.html#LN90"><span class='Ref_to_Func'>fb</span></a> <span class='Parentheses'>( </span><span class='Number'>20</span> <span class='Parentheses'>)</span><span class='Delimiter'>;} 
</span>#line <span class='Number'>90</span> <span class='String'>"init.pgc"</span> 
 
    <span class='Comment_Multi_Line'>/* exec sql whenever sqlerror  do fc ( \"50\" ) ; */ 
</span>#line <span class='Number'>91</span> <span class='String'>"init.pgc"</span> 
 
    <span class='Delimiter'>{ </span><a href="../../include/ecpglib.h.html#LN51"><span class='Ref_to_Proto'>ECPGdo</span></a><span class='Parentheses'>(</span>__LINE__<span class='Delimiter'>, </span><span class='Number'>0</span><span class='Delimiter'>, </span><span class='Number'>1</span><span class='Delimiter'>, </span><span class='Null_Value'>NULL</span><span class='Delimiter'>, </span><span class='Number'>0</span><span class='Delimiter'>, </span><a href="../../include/ecpgtype.h.html#LN95"><span class='Ref_to_EnumConst'>ECPGst_normal</span></a><span class='Delimiter'>, </span><span class='String'>"select now ( )"</span><span class='Delimiter'>, </span><a href="../../include/ecpgtype.h.html#LN61"><span class='Ref_to_EnumConst'>ECPGt_EOIT</span></a><span class='Delimiter'>, </span><a href="../../include/ecpgtype.h.html#LN62"><span class='Ref_to_EnumConst'>ECPGt_EORT</span></a><span class='Parentheses'>)</span><span class='Delimiter'>; 
</span>#line <span class='Number'>92</span> <span class='String'>"init.pgc"</span> 
 
<span class='Control'>if</span> <span class='Parentheses'>(</span><a href="../../include/sqlca.h.html#LN58"><span class='Ref_to_Const'>sqlca</span></a><span class='Operator'>.</span><a href="../../include/sqlca.h.html#LN22"><span class='Ref_to_Member'>sqlcode</span></a> <span class='Operator'>&LT; </span><span class='Number'>0</span><span class='Parentheses'>) </span><a href="preproc-init.c.html#LN97"><span class='Ref_to_Func'>fc</span></a> <span class='Parentheses'>( </span><span class='String'>"50"</span> <span class='Parentheses'>)</span><span class='Delimiter'>;} 
</span>#line <span class='Number'>92</span> <span class='String'>"init.pgc"</span> 
 
    <span class='Comment_Multi_Line'>/* exec sql whenever sqlerror  do fd ( \"50\" , 1 ) ; */ 
</span>#line <span class='Number'>93</span> <span class='String'>"init.pgc"</span> 
 
    <span class='Delimiter'>{ </span><a href="../../include/ecpglib.h.html#LN51"><span class='Ref_to_Proto'>ECPGdo</span></a><span class='Parentheses'>(</span>__LINE__<span class='Delimiter'>, </span><span class='Number'>0</span><span class='Delimiter'>, </span><span class='Number'>1</span><span class='Delimiter'>, </span><span class='Null_Value'>NULL</span><span class='Delimiter'>, </span><span class='Number'>0</span><span class='Delimiter'>, </span><a href="../../include/ecpgtype.h.html#LN95"><span class='Ref_to_EnumConst'>ECPGst_normal</span></a><span class='Delimiter'>, </span><span class='String'>"select now ( )"</span><span class='Delimiter'>, </span><a href="../../include/ecpgtype.h.html#LN61"><span class='Ref_to_EnumConst'>ECPGt_EOIT</span></a><span class='Delimiter'>, </span><a href="../../include/ecpgtype.h.html#LN62"><span class='Ref_to_EnumConst'>ECPGt_EORT</span></a><span class='Parentheses'>)</span><span class='Delimiter'>; 
</span>#line <span class='Number'>94</span> <span class='String'>"init.pgc"</span> 
 
<span class='Control'>if</span> <span class='Parentheses'>(</span><a href="../../include/sqlca.h.html#LN58"><span class='Ref_to_Const'>sqlca</span></a><span class='Operator'>.</span><a href="../../include/sqlca.h.html#LN22"><span class='Ref_to_Member'>sqlcode</span></a> <span class='Operator'>&LT; </span><span class='Number'>0</span><span class='Parentheses'>) </span><a href="preproc-init.c.html#LN104"><span class='Ref_to_Func'>fd</span></a> <span class='Parentheses'>( </span><span class='String'>"50"</span> <span class='Delimiter'>, </span><span class='Number'>1</span> <span class='Parentheses'>)</span><span class='Delimiter'>;} 
</span>#line <span class='Number'>94</span> <span class='String'>"init.pgc"</span> 
 
    <span class='Comment_Multi_Line'>/* exec sql whenever sqlerror  do fe ( ENUM0 ) ; */ 
</span>#line <span class='Number'>95</span> <span class='String'>"init.pgc"</span> 
 
    <span class='Delimiter'>{ </span><a href="../../include/ecpglib.h.html#LN51"><span class='Ref_to_Proto'>ECPGdo</span></a><span class='Parentheses'>(</span>__LINE__<span class='Delimiter'>, </span><span class='Number'>0</span><span class='Delimiter'>, </span><span class='Number'>1</span><span class='Delimiter'>, </span><span class='Null_Value'>NULL</span><span class='Delimiter'>, </span><span class='Number'>0</span><span class='Delimiter'>, </span><a href="../../include/ecpgtype.h.html#LN95"><span class='Ref_to_EnumConst'>ECPGst_normal</span></a><span class='Delimiter'>, </span><span class='String'>"select now ( )"</span><span class='Delimiter'>, </span><a href="../../include/ecpgtype.h.html#LN61"><span class='Ref_to_EnumConst'>ECPGt_EOIT</span></a><span class='Delimiter'>, </span><a href="../../include/ecpgtype.h.html#LN62"><span class='Ref_to_EnumConst'>ECPGt_EORT</span></a><span class='Parentheses'>)</span><span class='Delimiter'>; 
</span>#line <span class='Number'>96</span> <span class='String'>"init.pgc"</span> 
 
<span class='Control'>if</span> <span class='Parentheses'>(</span><a href="../../include/sqlca.h.html#LN58"><span class='Ref_to_Const'>sqlca</span></a><span class='Operator'>.</span><a href="../../include/sqlca.h.html#LN22"><span class='Ref_to_Member'>sqlcode</span></a> <span class='Operator'>&LT; </span><span class='Number'>0</span><span class='Parentheses'>) </span><a href="preproc-init.c.html#LN110"><span class='Ref_to_Func'>fe</span></a> <span class='Parentheses'>( </span><a href="preproc-init.c.html#LN81"><span class='Ref_to_EnumConst'>ENUM0</span></a> <span class='Parentheses'>)</span><span class='Delimiter'>;} 
</span>#line <span class='Number'>96</span> <span class='String'>"init.pgc"</span> 
 
    <span class='Comment_Multi_Line'>/* exec sql whenever sqlerror  do sqlnotice ( NULL , 0 ) ; */ 
</span>#line <span class='Number'>97</span> <span class='String'>"init.pgc"</span> 
 
    <span class='Delimiter'>{ </span><a href="../../include/ecpglib.h.html#LN51"><span class='Ref_to_Proto'>ECPGdo</span></a><span class='Parentheses'>(</span>__LINE__<span class='Delimiter'>, </span><span class='Number'>0</span><span class='Delimiter'>, </span><span class='Number'>1</span><span class='Delimiter'>, </span><span class='Null_Value'>NULL</span><span class='Delimiter'>, </span><span class='Number'>0</span><span class='Delimiter'>, </span><a href="../../include/ecpgtype.h.html#LN95"><span class='Ref_to_EnumConst'>ECPGst_normal</span></a><span class='Delimiter'>, </span><span class='String'>"select now ( )"</span><span class='Delimiter'>, </span><a href="../../include/ecpgtype.h.html#LN61"><span class='Ref_to_EnumConst'>ECPGt_EOIT</span></a><span class='Delimiter'>, </span><a href="../../include/ecpgtype.h.html#LN62"><span class='Ref_to_EnumConst'>ECPGt_EORT</span></a><span class='Parentheses'>)</span><span class='Delimiter'>; 
</span>#line <span class='Number'>98</span> <span class='String'>"init.pgc"</span> 
 
<span class='Control'>if</span> <span class='Parentheses'>(</span><a href="../../include/sqlca.h.html#LN58"><span class='Ref_to_Const'>sqlca</span></a><span class='Operator'>.</span><a href="../../include/sqlca.h.html#LN22"><span class='Ref_to_Member'>sqlcode</span></a> <span class='Operator'>&LT; </span><span class='Number'>0</span><span class='Parentheses'>) </span><a href="preproc-init.c.html#LN116"><span class='Ref_to_Func'>sqlnotice</span></a> <span class='Parentheses'>( </span><span class='Null_Value'>NULL </span><span class='Delimiter'>, </span><span class='Number'>0</span> <span class='Parentheses'>)</span><span class='Delimiter'>;} 
</span>#line <span class='Number'>98</span> <span class='String'>"init.pgc"</span> 
 
    <span class='Control'>return</span> <span class='Number'>0</span><span class='Delimiter'>; 
}</span><span class='Auto_Annotations'> &laquo; end main &raquo; </span> 
</pre>
<table bgcolor='#c0c0c0' width='100%'><tr><td><a href='../../../../../Contents.html'>Contents</a></td></tr>
</table><hr><p class='blurb' align='center'><a href='http://www.sourceinsight.com'>HTML Created by Source Insight Version 4.00.0084 Built on 2017-02-26</a></p>
</body></html>