<!DOCTYPE html PUBLIC "-//W3C//DTD HTML 4.01 Transitional//EN">
<html>
<head>
<meta name="generator" content="Source Insight Version 4.00.0084 Built on 2017-02-26">
<meta charset='UTF-8' />
<style type='text/css'><!--
TD {background-color: #C0C0C0; font-family: 'Verdana', 'Arial', 'Helvetica', Sans-Serif; font-size: 70%; }
.blurb {font-family: 'Verdana', 'Arial', 'Helvetica', Sans-Serif; font-size: 70%; }
.filename {font-family: 'Verdana', 'Arial', 'Helvetica', Sans-Serif; font-size: 120%; font-weight: bold; }
.dirname {font-family: 'Verdana', 'Arial', 'Helvetica', Sans-Serif; font-size: 100%; font-weight: bold; margin-top: 2.5em;}
--></style>
<title>src\interfaces\ecpg\test\expected\preproc-type.c</title>
<LINK REL=StyleSheet HREF="../../../../../C_Cpp_Source_File.css" TYPE='text/css' MEDIA=screen>
</head>
<body bgcolor=#ffffff>
<table bgcolor='#c0c0c0' width='100%'>
<tr><td><p class='filename'><b>src\interfaces\ecpg\test\expected\preproc-type.c</b></p></td>
<td align='right'>
Wed Jun 14 08:26:10 2017
</td></tr>
<tr><td><a href='../../../../../Contents.html'>Contents</a></td></tr>
</table>
<pre>
<span class='Comment_Multi_Line'>/* Processed by ecpg (regression mode) */ 
/* These include files are added by the preprocessor */ 
</span><span class='Keyword'>#include </span><span class='String'>&LT;ecpglib.h&GT;</span> 
<span class='Keyword'>#include </span><span class='String'>&LT;ecpgerrno.h&GT;</span> 
<span class='Keyword'>#include </span><span class='String'>&LT;sqlca.h&GT;</span> 
<span class='Comment_Multi_Line'>/* End of automatic include section */ 
</span><a name="LN6"></a><span class='Keyword'>#define </span><span class='Declare_Macro'>ECPGdebug</span><span class='Parentheses'>(</span><span class='Declare_Parameter'>X</span><span class='Delimiter'>,</span><span class='Declare_Parameter'>Y</span><span class='Parentheses'>) </span><a href="preproc-type.c.html#LN6"><span class='Ref_to_Macro'>ECPGdebug</span></a><span class='Parentheses'>((</span><a href="preproc-type.c.html#LN6"><span class='Ref_to_Parameter'>X</span></a><span class='Parentheses'>)</span><span class='Operator'>+</span><span class='Number'>100</span><span class='Delimiter'>,</span><span class='Parentheses'>(</span><a href="preproc-type.c.html#LN6"><span class='Ref_to_Parameter'>Y</span></a><span class='Parentheses'>))</span> 
 
#line <span class='Number'>1</span> <span class='String'>"type.pgc"</span> 
<span class='Keyword'>#include </span><span class='String'>&LT;stdio.h&GT;</span> 
<span class='Keyword'>#include </span><span class='String'>&LT;stdlib.h&GT;</span> 
 
 
#line <span class='Number'>1</span> <span class='String'>"regression.h"</span> 
 
 
 
 
 
 
#line <span class='Number'>4</span> <span class='String'>"type.pgc"</span> 
 
 
<a name="LN23"></a><span class='Control'>typedef</span> <span class='Keyword'>long</span>  <span class='Declare_Typedef'>mmInteger</span> <span class='Delimiter'>; 
</span> 
#line <span class='Number'>6</span> <span class='String'>"type.pgc"</span> 
 
#line <span class='Number'>6</span> <span class='String'>"type.pgc"</span> 
 
<a name="LN29"></a><span class='Control'>typedef</span> <span class='Keyword'>char</span>  <span class='Declare_Typedef'>mmChar</span> <span class='Delimiter'>; 
</span> 
#line <span class='Number'>7</span> <span class='String'>"type.pgc"</span> 
 
#line <span class='Number'>7</span> <span class='String'>"type.pgc"</span> 
 
<a name="LN35"></a><span class='Control'>typedef</span> <span class='Keyword'>short</span>  <span class='Declare_Typedef'>mmSmallInt</span> <span class='Delimiter'>; 
</span> 
#line <span class='Number'>8</span> <span class='String'>"type.pgc"</span> 
 
#line <span class='Number'>8</span> <span class='String'>"type.pgc"</span> 
 
 
<span class='Comment_Multi_Line'>/* exec sql type string is char [ 11 ] */ 
</span>#line <span class='Number'>10</span> <span class='String'>"type.pgc"</span> 
 
<a name="LN45"></a><span class='Control'>typedef</span> <span class='Keyword'>char </span><span class='Declare_Typedef'>string</span><span class='Delimiter'>[</span><span class='Number'>11</span><span class='Delimiter'>]; 
</span> 
<span class='Comment_Multi_Line'>/* exec sql type c is char reference */ 
</span>#line <span class='Number'>13</span> <span class='String'>"type.pgc"</span> 
 
<a name="LN50"></a><span class='Control'>typedef</span> <span class='Keyword'>char</span><span class='Operator'>* </span><span class='Declare_Typedef'>c</span><span class='Delimiter'>; 
</span> 
<span class='Comment_Multi_Line'>/* exec sql begin declare section */ 
</span>  
 
    
    
    
 
<a name="LN59"></a><span class='Control'>struct</span> <span class='Declare_Struct'>TBempl</span> <span class='Delimiter'>{</span>  
#line <span class='Number'>19</span> <span class='String'>"type.pgc"</span> 
<a name="LN61"></a> <a href="preproc-type.c.html#LN23"><span class='Ref_to_Typedef'>mmInteger</span></a> <span class='Declare_Member'>idnum</span> <span class='Delimiter'>; 
</span>  
#line <span class='Number'>20</span> <span class='String'>"type.pgc"</span> 
<a name="LN64"></a> <a href="preproc-type.c.html#LN29"><span class='Ref_to_Typedef'>mmChar</span></a> <span class='Declare_Member'>name</span> <span class='Delimiter'>[ </span><span class='Number'>21</span> <span class='Delimiter'>] ; 
</span>  
#line <span class='Number'>21</span> <span class='String'>"type.pgc"</span> 
<a name="LN67"></a> <a href="preproc-type.c.html#LN35"><span class='Ref_to_Typedef'>mmSmallInt</span></a> <span class='Declare_Member'>accs</span> <span class='Delimiter'>; 
</span> <span class='Delimiter'>} ;</span><span class='Comment_Single_Line'>/* exec sql end declare section */ 
</span>#line <span class='Number'>23</span> <span class='String'>"type.pgc"</span> 
 
 
<span class='Keyword'>int 
</span><a name="LN73"></a><span class='Declare_Function'>main </span><span class='Parentheses'>(</span><span class='Keyword'>void</span><span class='Parentheses'>) 
</span><span class='Delimiter'>{ 
</span>  <span class='Comment_Multi_Line'>/* exec sql begin declare section */ 
</span>     
    
      
    
   
      
      
    
   
#line <span class='Number'>29</span> <span class='String'>"type.pgc"</span> 
<a name="LN86"></a> <span class='Control'>struct</span> <a href="sql-binary.c.html#LN31"><span class='Ref_to_Struct'>TBempl</span></a> <span class='Declare_Local'>empl</span> <span class='Delimiter'>; 
</span>  
#line <span class='Number'>30</span> <span class='String'>"type.pgc"</span> 
<a name="LN89"></a> <a href="preproc-type.c.html#LN45"><span class='Ref_to_Typedef'>string</span></a> <span class='Declare_Local'>str</span> <span class='Delimiter'>; 
</span>  
#line <span class='Number'>31</span> <span class='String'>"type.pgc"</span> 
<a name="LN92"></a> <a href="preproc-cursor.c.html#LN30"><span class='Ref_to_Typedef'>c</span></a> <span class='Declare_Local'>ptr</span> <span class='Operator'>= </span><span class='Null_Value'>NULL </span><span class='Delimiter'>; 
</span>  
#line <span class='Number'>36</span> <span class='String'>"type.pgc"</span> 
<a name="LN95"></a> <span class='Control'>struct</span> <span class='Declare_Local'>varchar</span> <span class='Delimiter'>{</span>  
#line <span class='Number'>34</span> <span class='String'>"type.pgc"</span> 
<a name="LN97"></a> <span class='Keyword'>int </span><span class='Declare_Member'>len</span> <span class='Delimiter'>; 
</span>  
#line <span class='Number'>35</span> <span class='String'>"type.pgc"</span> 
<a name="LN100"></a> <span class='Keyword'>char </span><span class='Declare_Member'>text</span> <span class='Delimiter'>[ </span><span class='Number'>10</span> <span class='Delimiter'>] ; 
</span><a name="LN101"></a> <span class='Delimiter'>} </span><span class='Declare_Local'>vc</span> <span class='Delimiter'>; 
</span><span class='Comment_Multi_Line'>/* exec sql end declare section */ 
</span>#line <span class='Number'>37</span> <span class='String'>"type.pgc"</span> 
 
 
  <span class='Comment_Multi_Line'>/* exec sql var vc is [ 10 ] */ 
</span>#line <span class='Number'>39</span> <span class='String'>"type.pgc"</span> 
 
  <a href="preproc-type.c.html#LN6"><span class='Ref_to_Macro'>ECPGdebug</span></a> <span class='Parentheses'>(</span><span class='Number'>1</span><span class='Delimiter'>, </span>stderr<span class='Parentheses'>)</span><span class='Delimiter'>; 
</span> 
  <a href="preproc-type.c.html#LN86"><span class='Ref_To_Local'>empl</span></a><span class='Operator'>.</span><a href="sql-binary.c.html#LN33"><span class='Ref_to_Member'>idnum</span></a> <span class='Operator'>= </span><span class='Number'>1</span><span class='Delimiter'>; 
</span>  <span class='Delimiter'>{ </span><a href="../../include/ecpglib.h.html#LN50"><span class='Ref_to_Proto'>ECPGconnect</span></a><span class='Parentheses'>(</span>__LINE__<span class='Delimiter'>, </span><span class='Number'>0</span><span class='Delimiter'>, </span><span class='String'>"ecpg1_regression"</span> <span class='Delimiter'>, </span><span class='Null_Value'>NULL</span><span class='Delimiter'>, </span><span class='Null_Value'>NULL </span><span class='Delimiter'>, </span><span class='Null_Value'>NULL</span><span class='Delimiter'>, </span><span class='Number'>0</span><span class='Parentheses'>)</span><span class='Delimiter'>; } 
</span>#line <span class='Number'>43</span> <span class='String'>"type.pgc"</span> 
 
  <span class='Control'>if</span> <span class='Parentheses'>(</span><a href="../../include/sqlca.h.html#LN58"><span class='Ref_to_Const'>sqlca</span></a><span class='Operator'>.</span><a href="../../include/sqlca.h.html#LN22"><span class='Ref_to_Member'>sqlcode</span></a><span class='Parentheses'>) 
</span>    <span class='Delimiter'>{ 
</span>      <a href="../../../../include/port.h.html#LN173"><span class='Ref_to_Macro'>printf</span></a> <span class='Parentheses'>(</span><span class='String'>"connect error = %ld\n"</span><span class='Delimiter'>, </span><a href="../../include/sqlca.h.html#LN58"><span class='Ref_to_Const'>sqlca</span></a><span class='Operator'>.</span><a href="../../include/sqlca.h.html#LN22"><span class='Ref_to_Member'>sqlcode</span></a><span class='Parentheses'>)</span><span class='Delimiter'>; 
</span>      <a href="../../../../test/isolation/specscanner.l.html#LN91"><span class='Ref_to_Proto'>exit</span></a> <span class='Parentheses'>(</span><a href="../../include/sqlca.h.html#LN58"><span class='Ref_to_Const'>sqlca</span></a><span class='Operator'>.</span><a href="../../include/sqlca.h.html#LN22"><span class='Ref_to_Member'>sqlcode</span></a><span class='Parentheses'>)</span><span class='Delimiter'>; 
</span>    <span class='Delimiter'>} 
</span> 
  <span class='Delimiter'>{ </span><a href="../../include/ecpglib.h.html#LN51"><span class='Ref_to_Proto'>ECPGdo</span></a><span class='Parentheses'>(</span>__LINE__<span class='Delimiter'>, </span><span class='Number'>0</span><span class='Delimiter'>, </span><span class='Number'>1</span><span class='Delimiter'>, </span><span class='Null_Value'>NULL</span><span class='Delimiter'>, </span><span class='Number'>0</span><span class='Delimiter'>, </span><a href="../../include/ecpgtype.h.html#LN95"><span class='Ref_to_EnumConst'>ECPGst_normal</span></a><span class='Delimiter'>, </span><span class='String'>"create table empl ( idnum integer , name char ( 20 ) , accs smallint , string1 char ( 10 ) , string2 char ( 10 ) , string3 char ( 10 ) )"</span><span class='Delimiter'>, </span><a href="../../include/ecpgtype.h.html#LN61"><span class='Ref_to_EnumConst'>ECPGt_EOIT</span></a><span class='Delimiter'>, </span><a href="../../include/ecpgtype.h.html#LN62"><span class='Ref_to_EnumConst'>ECPGt_EORT</span></a><span class='Parentheses'>)</span><span class='Delimiter'>;} 
</span>#line <span class='Number'>51</span> <span class='String'>"type.pgc"</span> 
 
  <span class='Control'>if</span> <span class='Parentheses'>(</span><a href="../../include/sqlca.h.html#LN58"><span class='Ref_to_Const'>sqlca</span></a><span class='Operator'>.</span><a href="../../include/sqlca.h.html#LN22"><span class='Ref_to_Member'>sqlcode</span></a><span class='Parentheses'>) 
</span>    <span class='Delimiter'>{ 
</span>      <a href="../../../../include/port.h.html#LN173"><span class='Ref_to_Macro'>printf</span></a> <span class='Parentheses'>(</span><span class='String'>"create error = %ld\n"</span><span class='Delimiter'>, </span><a href="../../include/sqlca.h.html#LN58"><span class='Ref_to_Const'>sqlca</span></a><span class='Operator'>.</span><a href="../../include/sqlca.h.html#LN22"><span class='Ref_to_Member'>sqlcode</span></a><span class='Parentheses'>)</span><span class='Delimiter'>; 
</span>      <a href="../../../../test/isolation/specscanner.l.html#LN91"><span class='Ref_to_Proto'>exit</span></a> <span class='Parentheses'>(</span><a href="../../include/sqlca.h.html#LN58"><span class='Ref_to_Const'>sqlca</span></a><span class='Operator'>.</span><a href="../../include/sqlca.h.html#LN22"><span class='Ref_to_Member'>sqlcode</span></a><span class='Parentheses'>)</span><span class='Delimiter'>; 
</span>    <span class='Delimiter'>} 
</span> 
  <span class='Delimiter'>{ </span><a href="../../include/ecpglib.h.html#LN51"><span class='Ref_to_Proto'>ECPGdo</span></a><span class='Parentheses'>(</span>__LINE__<span class='Delimiter'>, </span><span class='Number'>0</span><span class='Delimiter'>, </span><span class='Number'>1</span><span class='Delimiter'>, </span><span class='Null_Value'>NULL</span><span class='Delimiter'>, </span><span class='Number'>0</span><span class='Delimiter'>, </span><a href="../../include/ecpgtype.h.html#LN95"><span class='Ref_to_EnumConst'>ECPGst_normal</span></a><span class='Delimiter'>, </span><span class='String'>"insert into empl values ( 1 , 'user name' , 320 , 'first str' , 'second str' , 'third str' )"</span><span class='Delimiter'>, </span><a href="../../include/ecpgtype.h.html#LN61"><span class='Ref_to_EnumConst'>ECPGt_EOIT</span></a><span class='Delimiter'>, </span><a href="../../include/ecpgtype.h.html#LN62"><span class='Ref_to_EnumConst'>ECPGt_EORT</span></a><span class='Parentheses'>)</span><span class='Delimiter'>;} 
</span>#line <span class='Number'>58</span> <span class='String'>"type.pgc"</span> 
 
  <span class='Control'>if</span> <span class='Parentheses'>(</span><a href="../../include/sqlca.h.html#LN58"><span class='Ref_to_Const'>sqlca</span></a><span class='Operator'>.</span><a href="../../include/sqlca.h.html#LN22"><span class='Ref_to_Member'>sqlcode</span></a><span class='Parentheses'>) 
</span>    <span class='Delimiter'>{ 
</span>      <a href="../../../../include/port.h.html#LN173"><span class='Ref_to_Macro'>printf</span></a> <span class='Parentheses'>(</span><span class='String'>"insert error = %ld\n"</span><span class='Delimiter'>, </span><a href="../../include/sqlca.h.html#LN58"><span class='Ref_to_Const'>sqlca</span></a><span class='Operator'>.</span><a href="../../include/sqlca.h.html#LN22"><span class='Ref_to_Member'>sqlcode</span></a><span class='Parentheses'>)</span><span class='Delimiter'>; 
</span>      <a href="../../../../test/isolation/specscanner.l.html#LN91"><span class='Ref_to_Proto'>exit</span></a> <span class='Parentheses'>(</span><a href="../../include/sqlca.h.html#LN58"><span class='Ref_to_Const'>sqlca</span></a><span class='Operator'>.</span><a href="../../include/sqlca.h.html#LN22"><span class='Ref_to_Member'>sqlcode</span></a><span class='Parentheses'>)</span><span class='Delimiter'>; 
</span>    <span class='Delimiter'>} 
</span> 
  <span class='Delimiter'>{ </span><a href="../../include/ecpglib.h.html#LN51"><span class='Ref_to_Proto'>ECPGdo</span></a><span class='Parentheses'>(</span>__LINE__<span class='Delimiter'>, </span><span class='Number'>0</span><span class='Delimiter'>, </span><span class='Number'>1</span><span class='Delimiter'>, </span><span class='Null_Value'>NULL</span><span class='Delimiter'>, </span><span class='Number'>0</span><span class='Delimiter'>, </span><a href="../../include/ecpgtype.h.html#LN95"><span class='Ref_to_EnumConst'>ECPGst_normal</span></a><span class='Delimiter'>, </span><span class='String'>"select idnum , name , accs , string1 , string2 , string3 from empl where idnum = $1 "</span><span class='Delimiter'>,</span>  
    <a href="../../include/ecpgtype.h.html#LN43"><span class='Ref_to_EnumConst'>ECPGt_long</span></a><span class='Delimiter'>,</span><span class='Operator'>&</span><span class='Parentheses'>(</span><a href="preproc-type.c.html#LN86"><span class='Ref_To_Local'>empl</span></a><span class='Operator'>.</span><a href="sql-binary.c.html#LN33"><span class='Ref_to_Member'>idnum</span></a><span class='Parentheses'>)</span><span class='Delimiter'>,</span><span class='Parentheses'>(</span><span class='Keyword'>long</span><span class='Parentheses'>)</span><span class='Number'>1</span><span class='Delimiter'>,</span><span class='Parentheses'>(</span><span class='Keyword'>long</span><span class='Parentheses'>)</span><span class='Number'>1</span><span class='Delimiter'>,</span><span class='Keyword'>sizeof</span><span class='Parentheses'>(</span><span class='Keyword'>long</span><span class='Parentheses'>)</span><span class='Delimiter'>,</span>  
    <a href="../../include/ecpgtype.h.html#LN63"><span class='Ref_to_EnumConst'>ECPGt_NO_INDICATOR</span></a><span class='Delimiter'>, </span><span class='Null_Value'>NULL </span><span class='Delimiter'>, </span><span class='Number'>0L</span><span class='Delimiter'>, </span><span class='Number'>0L</span><span class='Delimiter'>, </span><span class='Number'>0L</span><span class='Delimiter'>, </span><a href="../../include/ecpgtype.h.html#LN61"><span class='Ref_to_EnumConst'>ECPGt_EOIT</span></a><span class='Delimiter'>,</span>  
    <a href="../../include/ecpgtype.h.html#LN43"><span class='Ref_to_EnumConst'>ECPGt_long</span></a><span class='Delimiter'>,</span><span class='Operator'>&</span><span class='Parentheses'>(</span><a href="preproc-type.c.html#LN86"><span class='Ref_To_Local'>empl</span></a><span class='Operator'>.</span><a href="sql-binary.c.html#LN33"><span class='Ref_to_Member'>idnum</span></a><span class='Parentheses'>)</span><span class='Delimiter'>,</span><span class='Parentheses'>(</span><span class='Keyword'>long</span><span class='Parentheses'>)</span><span class='Number'>1</span><span class='Delimiter'>,</span><span class='Parentheses'>(</span><span class='Keyword'>long</span><span class='Parentheses'>)</span><span class='Number'>1</span><span class='Delimiter'>,</span><span class='Keyword'>sizeof</span><span class='Parentheses'>( </span><span class='Control'>struct</span> <a href="sql-binary.c.html#LN31"><span class='Ref_to_Struct'>TBempl</span></a> <span class='Parentheses'>)</span><span class='Delimiter'>,</span>  
    <a href="../../include/ecpgtype.h.html#LN63"><span class='Ref_to_EnumConst'>ECPGt_NO_INDICATOR</span></a><span class='Delimiter'>, </span><span class='Null_Value'>NULL </span><span class='Delimiter'>, </span><span class='Number'>0L</span><span class='Delimiter'>, </span><span class='Number'>0L</span><span class='Delimiter'>, </span><span class='Number'>0L</span><span class='Delimiter'>,</span>  
    <a href="../../include/ecpgtype.h.html#LN42"><span class='Ref_to_EnumConst'>ECPGt_char</span></a><span class='Delimiter'>,</span><span class='Operator'>&</span><span class='Parentheses'>(</span><a href="preproc-type.c.html#LN86"><span class='Ref_To_Local'>empl</span></a><span class='Operator'>.</span><a href="sql-binary.c.html#LN36"><span class='Ref_to_Member'>name</span></a><span class='Parentheses'>)</span><span class='Delimiter'>,</span><span class='Parentheses'>(</span><span class='Keyword'>long</span><span class='Parentheses'>)</span><span class='Number'>21</span><span class='Delimiter'>,</span><span class='Parentheses'>(</span><span class='Keyword'>long</span><span class='Parentheses'>)</span><span class='Number'>1</span><span class='Delimiter'>,</span><span class='Keyword'>sizeof</span><span class='Parentheses'>( </span><span class='Control'>struct</span> <a href="sql-binary.c.html#LN31"><span class='Ref_to_Struct'>TBempl</span></a> <span class='Parentheses'>)</span><span class='Delimiter'>,</span>  
    <a href="../../include/ecpgtype.h.html#LN63"><span class='Ref_to_EnumConst'>ECPGt_NO_INDICATOR</span></a><span class='Delimiter'>, </span><span class='Null_Value'>NULL </span><span class='Delimiter'>, </span><span class='Number'>0L</span><span class='Delimiter'>, </span><span class='Number'>0L</span><span class='Delimiter'>, </span><span class='Number'>0L</span><span class='Delimiter'>,</span>  
    <a href="../../include/ecpgtype.h.html#LN42"><span class='Ref_to_EnumConst'>ECPGt_short</span></a><span class='Delimiter'>,</span><span class='Operator'>&</span><span class='Parentheses'>(</span><a href="preproc-type.c.html#LN86"><span class='Ref_To_Local'>empl</span></a><span class='Operator'>.</span><a href="sql-binary.c.html#LN39"><span class='Ref_to_Member'>accs</span></a><span class='Parentheses'>)</span><span class='Delimiter'>,</span><span class='Parentheses'>(</span><span class='Keyword'>long</span><span class='Parentheses'>)</span><span class='Number'>1</span><span class='Delimiter'>,</span><span class='Parentheses'>(</span><span class='Keyword'>long</span><span class='Parentheses'>)</span><span class='Number'>1</span><span class='Delimiter'>,</span><span class='Keyword'>sizeof</span><span class='Parentheses'>( </span><span class='Control'>struct</span> <a href="sql-binary.c.html#LN31"><span class='Ref_to_Struct'>TBempl</span></a> <span class='Parentheses'>)</span><span class='Delimiter'>,</span>  
    <a href="../../include/ecpgtype.h.html#LN63"><span class='Ref_to_EnumConst'>ECPGt_NO_INDICATOR</span></a><span class='Delimiter'>, </span><span class='Null_Value'>NULL </span><span class='Delimiter'>, </span><span class='Number'>0L</span><span class='Delimiter'>, </span><span class='Number'>0L</span><span class='Delimiter'>, </span><span class='Number'>0L</span><span class='Delimiter'>,</span>  
    <a href="../../include/ecpgtype.h.html#LN42"><span class='Ref_to_EnumConst'>ECPGt_char</span></a><span class='Delimiter'>,</span><span class='Parentheses'>(</span><a href="preproc-type.c.html#LN89"><span class='Ref_To_Local'>str</span></a><span class='Parentheses'>)</span><span class='Delimiter'>,</span><span class='Parentheses'>(</span><span class='Keyword'>long</span><span class='Parentheses'>)</span><span class='Number'>11</span><span class='Delimiter'>,</span><span class='Parentheses'>(</span><span class='Keyword'>long</span><span class='Parentheses'>)</span><span class='Number'>1</span><span class='Delimiter'>,</span><span class='Parentheses'>(</span><span class='Number'>11</span><span class='Parentheses'>)</span><span class='Operator'>*</span><span class='Keyword'>sizeof</span><span class='Parentheses'>(</span><span class='Keyword'>char</span><span class='Parentheses'>)</span><span class='Delimiter'>,</span>  
    <a href="../../include/ecpgtype.h.html#LN63"><span class='Ref_to_EnumConst'>ECPGt_NO_INDICATOR</span></a><span class='Delimiter'>, </span><span class='Null_Value'>NULL </span><span class='Delimiter'>, </span><span class='Number'>0L</span><span class='Delimiter'>, </span><span class='Number'>0L</span><span class='Delimiter'>, </span><span class='Number'>0L</span><span class='Delimiter'>,</span>  
    <a href="../../include/ecpgtype.h.html#LN42"><span class='Ref_to_EnumConst'>ECPGt_char</span></a><span class='Delimiter'>,</span><span class='Operator'>&</span><span class='Parentheses'>(</span><a href="preproc-type.c.html#LN92"><span class='Ref_To_Local'>ptr</span></a><span class='Parentheses'>)</span><span class='Delimiter'>,</span><span class='Parentheses'>(</span><span class='Keyword'>long</span><span class='Parentheses'>)</span><span class='Number'>0</span><span class='Delimiter'>,</span><span class='Parentheses'>(</span><span class='Keyword'>long</span><span class='Parentheses'>)</span><span class='Number'>1</span><span class='Delimiter'>,</span><span class='Parentheses'>(</span><span class='Number'>1</span><span class='Parentheses'>)</span><span class='Operator'>*</span><span class='Keyword'>sizeof</span><span class='Parentheses'>(</span><span class='Keyword'>char</span><span class='Parentheses'>)</span><span class='Delimiter'>,</span>  
    <a href="../../include/ecpgtype.h.html#LN63"><span class='Ref_to_EnumConst'>ECPGt_NO_INDICATOR</span></a><span class='Delimiter'>, </span><span class='Null_Value'>NULL </span><span class='Delimiter'>, </span><span class='Number'>0L</span><span class='Delimiter'>, </span><span class='Number'>0L</span><span class='Delimiter'>, </span><span class='Number'>0L</span><span class='Delimiter'>,</span>  
    <a href="../../include/ecpgtype.h.html#LN47"><span class='Ref_to_EnumConst'>ECPGt_varchar</span></a><span class='Delimiter'>,</span><span class='Operator'>&</span><span class='Parentheses'>(</span><a href="preproc-type.c.html#LN101"><span class='Ref_To_Local'>vc</span></a><span class='Parentheses'>)</span><span class='Delimiter'>,</span><span class='Parentheses'>(</span><span class='Keyword'>long</span><span class='Parentheses'>)</span><span class='Number'>10</span><span class='Delimiter'>,</span><span class='Parentheses'>(</span><span class='Keyword'>long</span><span class='Parentheses'>)</span><span class='Number'>1</span><span class='Delimiter'>,</span><span class='Keyword'>sizeof</span><span class='Parentheses'>(</span><span class='Control'>struct</span> <a href="preproc-type.c.html#LN95"><span class='Ref_to_Struct'>varchar</span></a><span class='Parentheses'>)</span><span class='Delimiter'>,</span>  
    <a href="../../include/ecpgtype.h.html#LN63"><span class='Ref_to_EnumConst'>ECPGt_NO_INDICATOR</span></a><span class='Delimiter'>, </span><span class='Null_Value'>NULL </span><span class='Delimiter'>, </span><span class='Number'>0L</span><span class='Delimiter'>, </span><span class='Number'>0L</span><span class='Delimiter'>, </span><span class='Number'>0L</span><span class='Delimiter'>, </span><a href="../../include/ecpgtype.h.html#LN62"><span class='Ref_to_EnumConst'>ECPGt_EORT</span></a><span class='Parentheses'>)</span><span class='Delimiter'>;} 
</span>#line <span class='Number'>68</span> <span class='String'>"type.pgc"</span> 
 
  <span class='Control'>if</span> <span class='Parentheses'>(</span><a href="../../include/sqlca.h.html#LN58"><span class='Ref_to_Const'>sqlca</span></a><span class='Operator'>.</span><a href="../../include/sqlca.h.html#LN22"><span class='Ref_to_Member'>sqlcode</span></a><span class='Parentheses'>) 
</span>    <span class='Delimiter'>{ 
</span>      <a href="../../../../include/port.h.html#LN173"><span class='Ref_to_Macro'>printf</span></a> <span class='Parentheses'>(</span><span class='String'>"select error = %ld\n"</span><span class='Delimiter'>, </span><a href="../../include/sqlca.h.html#LN58"><span class='Ref_to_Const'>sqlca</span></a><span class='Operator'>.</span><a href="../../include/sqlca.h.html#LN22"><span class='Ref_to_Member'>sqlcode</span></a><span class='Parentheses'>)</span><span class='Delimiter'>; 
</span>      <a href="../../../../test/isolation/specscanner.l.html#LN91"><span class='Ref_to_Proto'>exit</span></a> <span class='Parentheses'>(</span><a href="../../include/sqlca.h.html#LN58"><span class='Ref_to_Const'>sqlca</span></a><span class='Operator'>.</span><a href="../../include/sqlca.h.html#LN22"><span class='Ref_to_Member'>sqlcode</span></a><span class='Parentheses'>)</span><span class='Delimiter'>; 
</span>    <span class='Delimiter'>} 
</span>  <a href="../../../../include/port.h.html#LN173"><span class='Ref_to_Macro'>printf</span></a> <span class='Parentheses'>(</span><span class='String'>"id=%ld name='%s' accs=%d str='%s' ptr='%s' vc='%10.10s'\n"</span><span class='Delimiter'>, </span><a href="preproc-type.c.html#LN86"><span class='Ref_To_Local'>empl</span></a><span class='Operator'>.</span><a href="sql-binary.c.html#LN33"><span class='Ref_to_Member'>idnum</span></a><span class='Delimiter'>, </span><a href="preproc-type.c.html#LN86"><span class='Ref_To_Local'>empl</span></a><span class='Operator'>.</span><a href="sql-binary.c.html#LN36"><span class='Ref_to_Member'>name</span></a><span class='Delimiter'>, </span><a href="preproc-type.c.html#LN86"><span class='Ref_To_Local'>empl</span></a><span class='Operator'>.</span><a href="sql-binary.c.html#LN39"><span class='Ref_to_Member'>accs</span></a><span class='Delimiter'>, </span><a href="preproc-type.c.html#LN89"><span class='Ref_To_Local'>str</span></a><span class='Delimiter'>, </span><a href="preproc-type.c.html#LN92"><span class='Ref_To_Local'>ptr</span></a><span class='Delimiter'>, </span><a href="preproc-type.c.html#LN101"><span class='Ref_To_Local'>vc</span></a><span class='Operator'>.</span><a href="preproc-type.c.html#LN100"><span class='Ref_to_Member'>text</span></a><span class='Parentheses'>)</span><span class='Delimiter'>; 
</span> 
  <span class='Delimiter'>{ </span><a href="../../include/ecpglib.h.html#LN53"><span class='Ref_to_Proto'>ECPGdisconnect</span></a><span class='Parentheses'>(</span>__LINE__<span class='Delimiter'>, </span><span class='String'>"CURRENT"</span><span class='Parentheses'>)</span><span class='Delimiter'>;} 
</span>#line <span class='Number'>76</span> <span class='String'>"type.pgc"</span> 
 
 
  <a href="../../../../include/snowball/header.h.html#LN64"><span class='Ref_to_Macro'>free</span></a><span class='Parentheses'>(</span><a href="preproc-type.c.html#LN92"><span class='Ref_To_Local'>ptr</span></a><span class='Parentheses'>)</span><span class='Delimiter'>; 
</span>  <a href="../../../../test/isolation/specscanner.l.html#LN91"><span class='Ref_to_Proto'>exit</span></a> <span class='Parentheses'>(</span><span class='Number'>0</span><span class='Parentheses'>)</span><span class='Delimiter'>; 
}</span><span class='Auto_Annotations'> &laquo; end main &raquo; </span> 
</pre>
<table bgcolor='#c0c0c0' width='100%'><tr><td><a href='../../../../../Contents.html'>Contents</a></td></tr>
</table><hr><p class='blurb' align='center'><a href='http://www.sourceinsight.com'>HTML Created by Source Insight Version 4.00.0084 Built on 2017-02-26</a></p>
</body></html>