<!DOCTYPE html PUBLIC "-//W3C//DTD HTML 4.01 Transitional//EN">
<html>
<head>
<meta name="generator" content="Source Insight Version 4.00.0084 Built on 2017-02-26">
<meta charset='UTF-8' />
<style type='text/css'><!--
TD {background-color: #C0C0C0; font-family: 'Verdana', 'Arial', 'Helvetica', Sans-Serif; font-size: 70%; }
.blurb {font-family: 'Verdana', 'Arial', 'Helvetica', Sans-Serif; font-size: 70%; }
.filename {font-family: 'Verdana', 'Arial', 'Helvetica', Sans-Serif; font-size: 120%; font-weight: bold; }
.dirname {font-family: 'Verdana', 'Arial', 'Helvetica', Sans-Serif; font-size: 100%; font-weight: bold; margin-top: 2.5em;}
--></style>
<title>src\interfaces\ecpg\test\expected\preproc-strings.c</title>
<LINK REL=StyleSheet HREF="../../../../../C_Cpp_Source_File.css" TYPE='text/css' MEDIA=screen>
</head>
<body bgcolor=#ffffff>
<table bgcolor='#c0c0c0' width='100%'>
<tr><td><p class='filename'><b>src\interfaces\ecpg\test\expected\preproc-strings.c</b></p></td>
<td align='right'>
Wed Jun 14 08:26:10 2017
</td></tr>
<tr><td><a href='../../../../../Contents.html'>Contents</a></td></tr>
</table>
<pre>
<span class='Comment_Multi_Line'>/* Processed by ecpg (regression mode) */ 
/* These include files are added by the preprocessor */ 
</span><span class='Keyword'>#include </span><span class='String'>&LT;ecpglib.h&GT;</span> 
<span class='Keyword'>#include </span><span class='String'>&LT;ecpgerrno.h&GT;</span> 
<span class='Keyword'>#include </span><span class='String'>&LT;sqlca.h&GT;</span> 
<span class='Comment_Multi_Line'>/* End of automatic include section */ 
</span><a name="LN6"></a><span class='Keyword'>#define </span><span class='Declare_Macro'>ECPGdebug</span><span class='Parentheses'>(</span><span class='Declare_Parameter'>X</span><span class='Delimiter'>,</span><span class='Declare_Parameter'>Y</span><span class='Parentheses'>) </span><a href="preproc-strings.c.html#LN6"><span class='Ref_to_Macro'>ECPGdebug</span></a><span class='Parentheses'>((</span><a href="preproc-strings.c.html#LN6"><span class='Ref_to_Parameter'>X</span></a><span class='Parentheses'>)</span><span class='Operator'>+</span><span class='Number'>100</span><span class='Delimiter'>,</span><span class='Parentheses'>(</span><a href="preproc-strings.c.html#LN6"><span class='Ref_to_Parameter'>Y</span></a><span class='Parentheses'>))</span> 
 
#line <span class='Number'>1</span> <span class='String'>"strings.pgc"</span> 
 
#line <span class='Number'>1</span> <span class='String'>"regression.h"</span> 
 
 
 
 
 
 
#line <span class='Number'>3</span> <span class='String'>"strings.pgc"</span> 
<span class='Comment_Multi_Line'>/* exec sql begin declare section */ 
</span>#line <span class='Number'>1</span> <span class='String'>"strings.h"</span> 
        
            
            
            
            
            
 
#line <span class='Number'>5</span> <span class='String'>"strings.pgc"</span> 
 
#line <span class='Number'>1</span> <span class='String'>"strings.h"</span> 
<a name="LN30"></a> <span class='Keyword'>char </span><span class='Operator'>* </span><span class='Declare_Var'>s1</span> <span class='Delimiter'>, </span><span class='Operator'>* </span><span class='Declare_Var'>s2</span> <span class='Delimiter'>, </span><span class='Operator'>* </span><span class='Declare_Var'>s3</span> <span class='Delimiter'>, </span><span class='Operator'>* </span><span class='Declare_Var'>s4</span> <span class='Delimiter'>, </span><span class='Operator'>* </span><span class='Declare_Var'>s5</span> <span class='Delimiter'>, </span><span class='Operator'>* </span><span class='Declare_Var'>s6</span> <span class='Delimiter'>; 
</span><span class='Comment_Multi_Line'>/* exec sql end declare section */ 
</span>#line <span class='Number'>5</span> <span class='String'>"strings.pgc"</span> 
 
 
<a name="LN35"></a><span class='Keyword'>int </span><span class='Declare_Function'>main</span><span class='Parentheses'>(</span><span class='Keyword'>void</span><span class='Parentheses'>) 
</span><span class='Delimiter'>{ 
</span>  <a href="preproc-strings.c.html#LN6"><span class='Ref_to_Macro'>ECPGdebug</span></a><span class='Parentheses'>(</span><span class='Number'>1</span><span class='Delimiter'>, </span>stderr<span class='Parentheses'>)</span><span class='Delimiter'>; 
</span> 
  <span class='Delimiter'>{ </span><a href="../../include/ecpglib.h.html#LN50"><span class='Ref_to_Proto'>ECPGconnect</span></a><span class='Parentheses'>(</span>__LINE__<span class='Delimiter'>, </span><span class='Number'>0</span><span class='Delimiter'>, </span><span class='String'>"ecpg1_regression"</span> <span class='Delimiter'>, </span><span class='Null_Value'>NULL</span><span class='Delimiter'>, </span><span class='Null_Value'>NULL </span><span class='Delimiter'>, </span><span class='Null_Value'>NULL</span><span class='Delimiter'>, </span><span class='Number'>0</span><span class='Parentheses'>)</span><span class='Delimiter'>; } 
</span>#line <span class='Number'>11</span> <span class='String'>"strings.pgc"</span> 
 
 
  <span class='Delimiter'>{ </span><a href="../../include/ecpglib.h.html#LN51"><span class='Ref_to_Proto'>ECPGdo</span></a><span class='Parentheses'>(</span>__LINE__<span class='Delimiter'>, </span><span class='Number'>0</span><span class='Delimiter'>, </span><span class='Number'>1</span><span class='Delimiter'>, </span><span class='Null_Value'>NULL</span><span class='Delimiter'>, </span><span class='Number'>0</span><span class='Delimiter'>, </span><a href="../../include/ecpgtype.h.html#LN95"><span class='Ref_to_EnumConst'>ECPGst_normal</span></a><span class='Delimiter'>, </span><span class='String'>"set standard_conforming_strings to on"</span><span class='Delimiter'>, </span><a href="../../include/ecpgtype.h.html#LN61"><span class='Ref_to_EnumConst'>ECPGt_EOIT</span></a><span class='Delimiter'>, </span><a href="../../include/ecpgtype.h.html#LN62"><span class='Ref_to_EnumConst'>ECPGt_EORT</span></a><span class='Parentheses'>)</span><span class='Delimiter'>;} 
</span>#line <span class='Number'>13</span> <span class='String'>"strings.pgc"</span> 
 
 
  <span class='Delimiter'>{ </span><a href="../../include/ecpglib.h.html#LN51"><span class='Ref_to_Proto'>ECPGdo</span></a><span class='Parentheses'>(</span>__LINE__<span class='Delimiter'>, </span><span class='Number'>0</span><span class='Delimiter'>, </span><span class='Number'>1</span><span class='Delimiter'>, </span><span class='Null_Value'>NULL</span><span class='Delimiter'>, </span><span class='Number'>0</span><span class='Delimiter'>, </span><a href="../../include/ecpgtype.h.html#LN95"><span class='Ref_to_EnumConst'>ECPGst_normal</span></a><span class='Delimiter'>, </span><span class='String'>"select 'abcdef' , N'abcdef' as foo , E'abc\\bdef' as \"foo\" , U&'d\\0061t\\0061' as U&\"foo\" , U&'d!+000061t!+000061' uescape '!' , $foo$abc$def$foo$"</span><span class='Delimiter'>, </span><a href="../../include/ecpgtype.h.html#LN61"><span class='Ref_to_EnumConst'>ECPGt_EOIT</span></a><span class='Delimiter'>,</span>  
    <a href="../../include/ecpgtype.h.html#LN42"><span class='Ref_to_EnumConst'>ECPGt_char</span></a><span class='Delimiter'>,</span><span class='Operator'>&</span><span class='Parentheses'>(</span><a href="../preproc/strings.h.html#LN0"><span class='Ref_to_Global_Var'>s1</span></a><span class='Parentheses'>)</span><span class='Delimiter'>,</span><span class='Parentheses'>(</span><span class='Keyword'>long</span><span class='Parentheses'>)</span><span class='Number'>0</span><span class='Delimiter'>,</span><span class='Parentheses'>(</span><span class='Keyword'>long</span><span class='Parentheses'>)</span><span class='Number'>1</span><span class='Delimiter'>,</span><span class='Parentheses'>(</span><span class='Number'>1</span><span class='Parentheses'>)</span><span class='Operator'>*</span><span class='Keyword'>sizeof</span><span class='Parentheses'>(</span><span class='Keyword'>char</span><span class='Parentheses'>)</span><span class='Delimiter'>,</span>  
    <a href="../../include/ecpgtype.h.html#LN63"><span class='Ref_to_EnumConst'>ECPGt_NO_INDICATOR</span></a><span class='Delimiter'>, </span><span class='Null_Value'>NULL </span><span class='Delimiter'>, </span><span class='Number'>0L</span><span class='Delimiter'>, </span><span class='Number'>0L</span><span class='Delimiter'>, </span><span class='Number'>0L</span><span class='Delimiter'>,</span>  
    <a href="../../include/ecpgtype.h.html#LN42"><span class='Ref_to_EnumConst'>ECPGt_char</span></a><span class='Delimiter'>,</span><span class='Operator'>&</span><span class='Parentheses'>(</span><a href="../preproc/strings.h.html#LN1"><span class='Ref_to_Global_Var'>s2</span></a><span class='Parentheses'>)</span><span class='Delimiter'>,</span><span class='Parentheses'>(</span><span class='Keyword'>long</span><span class='Parentheses'>)</span><span class='Number'>0</span><span class='Delimiter'>,</span><span class='Parentheses'>(</span><span class='Keyword'>long</span><span class='Parentheses'>)</span><span class='Number'>1</span><span class='Delimiter'>,</span><span class='Parentheses'>(</span><span class='Number'>1</span><span class='Parentheses'>)</span><span class='Operator'>*</span><span class='Keyword'>sizeof</span><span class='Parentheses'>(</span><span class='Keyword'>char</span><span class='Parentheses'>)</span><span class='Delimiter'>,</span>  
    <a href="../../include/ecpgtype.h.html#LN63"><span class='Ref_to_EnumConst'>ECPGt_NO_INDICATOR</span></a><span class='Delimiter'>, </span><span class='Null_Value'>NULL </span><span class='Delimiter'>, </span><span class='Number'>0L</span><span class='Delimiter'>, </span><span class='Number'>0L</span><span class='Delimiter'>, </span><span class='Number'>0L</span><span class='Delimiter'>,</span>  
    <a href="../../include/ecpgtype.h.html#LN42"><span class='Ref_to_EnumConst'>ECPGt_char</span></a><span class='Delimiter'>,</span><span class='Operator'>&</span><span class='Parentheses'>(</span><a href="../preproc/strings.h.html#LN2"><span class='Ref_to_Global_Var'>s3</span></a><span class='Parentheses'>)</span><span class='Delimiter'>,</span><span class='Parentheses'>(</span><span class='Keyword'>long</span><span class='Parentheses'>)</span><span class='Number'>0</span><span class='Delimiter'>,</span><span class='Parentheses'>(</span><span class='Keyword'>long</span><span class='Parentheses'>)</span><span class='Number'>1</span><span class='Delimiter'>,</span><span class='Parentheses'>(</span><span class='Number'>1</span><span class='Parentheses'>)</span><span class='Operator'>*</span><span class='Keyword'>sizeof</span><span class='Parentheses'>(</span><span class='Keyword'>char</span><span class='Parentheses'>)</span><span class='Delimiter'>,</span>  
    <a href="../../include/ecpgtype.h.html#LN63"><span class='Ref_to_EnumConst'>ECPGt_NO_INDICATOR</span></a><span class='Delimiter'>, </span><span class='Null_Value'>NULL </span><span class='Delimiter'>, </span><span class='Number'>0L</span><span class='Delimiter'>, </span><span class='Number'>0L</span><span class='Delimiter'>, </span><span class='Number'>0L</span><span class='Delimiter'>,</span>  
    <a href="../../include/ecpgtype.h.html#LN42"><span class='Ref_to_EnumConst'>ECPGt_char</span></a><span class='Delimiter'>,</span><span class='Operator'>&</span><span class='Parentheses'>(</span><a href="../preproc/strings.h.html#LN3"><span class='Ref_to_Global_Var'>s4</span></a><span class='Parentheses'>)</span><span class='Delimiter'>,</span><span class='Parentheses'>(</span><span class='Keyword'>long</span><span class='Parentheses'>)</span><span class='Number'>0</span><span class='Delimiter'>,</span><span class='Parentheses'>(</span><span class='Keyword'>long</span><span class='Parentheses'>)</span><span class='Number'>1</span><span class='Delimiter'>,</span><span class='Parentheses'>(</span><span class='Number'>1</span><span class='Parentheses'>)</span><span class='Operator'>*</span><span class='Keyword'>sizeof</span><span class='Parentheses'>(</span><span class='Keyword'>char</span><span class='Parentheses'>)</span><span class='Delimiter'>,</span>  
    <a href="../../include/ecpgtype.h.html#LN63"><span class='Ref_to_EnumConst'>ECPGt_NO_INDICATOR</span></a><span class='Delimiter'>, </span><span class='Null_Value'>NULL </span><span class='Delimiter'>, </span><span class='Number'>0L</span><span class='Delimiter'>, </span><span class='Number'>0L</span><span class='Delimiter'>, </span><span class='Number'>0L</span><span class='Delimiter'>,</span>  
    <a href="../../include/ecpgtype.h.html#LN42"><span class='Ref_to_EnumConst'>ECPGt_char</span></a><span class='Delimiter'>,</span><span class='Operator'>&</span><span class='Parentheses'>(</span><a href="../preproc/strings.h.html#LN4"><span class='Ref_to_Global_Var'>s5</span></a><span class='Parentheses'>)</span><span class='Delimiter'>,</span><span class='Parentheses'>(</span><span class='Keyword'>long</span><span class='Parentheses'>)</span><span class='Number'>0</span><span class='Delimiter'>,</span><span class='Parentheses'>(</span><span class='Keyword'>long</span><span class='Parentheses'>)</span><span class='Number'>1</span><span class='Delimiter'>,</span><span class='Parentheses'>(</span><span class='Number'>1</span><span class='Parentheses'>)</span><span class='Operator'>*</span><span class='Keyword'>sizeof</span><span class='Parentheses'>(</span><span class='Keyword'>char</span><span class='Parentheses'>)</span><span class='Delimiter'>,</span>  
    <a href="../../include/ecpgtype.h.html#LN63"><span class='Ref_to_EnumConst'>ECPGt_NO_INDICATOR</span></a><span class='Delimiter'>, </span><span class='Null_Value'>NULL </span><span class='Delimiter'>, </span><span class='Number'>0L</span><span class='Delimiter'>, </span><span class='Number'>0L</span><span class='Delimiter'>, </span><span class='Number'>0L</span><span class='Delimiter'>,</span>  
    <a href="../../include/ecpgtype.h.html#LN42"><span class='Ref_to_EnumConst'>ECPGt_char</span></a><span class='Delimiter'>,</span><span class='Operator'>&</span><span class='Parentheses'>(</span><a href="../preproc/strings.h.html#LN5"><span class='Ref_to_Global_Var'>s6</span></a><span class='Parentheses'>)</span><span class='Delimiter'>,</span><span class='Parentheses'>(</span><span class='Keyword'>long</span><span class='Parentheses'>)</span><span class='Number'>0</span><span class='Delimiter'>,</span><span class='Parentheses'>(</span><span class='Keyword'>long</span><span class='Parentheses'>)</span><span class='Number'>1</span><span class='Delimiter'>,</span><span class='Parentheses'>(</span><span class='Number'>1</span><span class='Parentheses'>)</span><span class='Operator'>*</span><span class='Keyword'>sizeof</span><span class='Parentheses'>(</span><span class='Keyword'>char</span><span class='Parentheses'>)</span><span class='Delimiter'>,</span>  
    <a href="../../include/ecpgtype.h.html#LN63"><span class='Ref_to_EnumConst'>ECPGt_NO_INDICATOR</span></a><span class='Delimiter'>, </span><span class='Null_Value'>NULL </span><span class='Delimiter'>, </span><span class='Number'>0L</span><span class='Delimiter'>, </span><span class='Number'>0L</span><span class='Delimiter'>, </span><span class='Number'>0L</span><span class='Delimiter'>, </span><a href="../../include/ecpgtype.h.html#LN62"><span class='Ref_to_EnumConst'>ECPGt_EORT</span></a><span class='Parentheses'>)</span><span class='Delimiter'>;} 
</span>#line <span class='Number'>21</span> <span class='String'>"strings.pgc"</span> 
 
 
  <a href="../../../../include/port.h.html#LN173"><span class='Ref_to_Macro'>printf</span></a><span class='Parentheses'>(</span><span class='String'>"%s %s %s %s %s %s\n"</span><span class='Delimiter'>, </span><a href="../preproc/strings.h.html#LN0"><span class='Ref_to_Global_Var'>s1</span></a><span class='Delimiter'>, </span><a href="../preproc/strings.h.html#LN1"><span class='Ref_to_Global_Var'>s2</span></a><span class='Delimiter'>, </span><a href="../preproc/strings.h.html#LN2"><span class='Ref_to_Global_Var'>s3</span></a><span class='Delimiter'>, </span><a href="../preproc/strings.h.html#LN3"><span class='Ref_to_Global_Var'>s4</span></a><span class='Delimiter'>, </span><a href="../preproc/strings.h.html#LN4"><span class='Ref_to_Global_Var'>s5</span></a><span class='Delimiter'>, </span><a href="../preproc/strings.h.html#LN5"><span class='Ref_to_Global_Var'>s6</span></a><span class='Parentheses'>)</span><span class='Delimiter'>; 
</span> 
  <span class='Delimiter'>{ </span><a href="../../include/ecpglib.h.html#LN53"><span class='Ref_to_Proto'>ECPGdisconnect</span></a><span class='Parentheses'>(</span>__LINE__<span class='Delimiter'>, </span><span class='String'>"CURRENT"</span><span class='Parentheses'>)</span><span class='Delimiter'>;} 
</span>#line <span class='Number'>25</span> <span class='String'>"strings.pgc"</span> 
 
  <span class='Control'>return</span> <span class='Parentheses'>(</span><span class='Number'>0</span><span class='Parentheses'>)</span><span class='Delimiter'>; 
}</span><span class='Auto_Annotations'> &laquo; end main &raquo; </span> 
</pre>
<table bgcolor='#c0c0c0' width='100%'><tr><td><a href='../../../../../Contents.html'>Contents</a></td></tr>
</table><hr><p class='blurb' align='center'><a href='http://www.sourceinsight.com'>HTML Created by Source Insight Version 4.00.0084 Built on 2017-02-26</a></p>
</body></html>