<!DOCTYPE html PUBLIC "-//W3C//DTD HTML 4.01 Transitional//EN">
<html>
<head>
<meta name="generator" content="Source Insight Version 4.00.0084 Built on 2017-02-26">
<meta charset='UTF-8' />
<style type='text/css'><!--
TD {background-color: #C0C0C0; font-family: 'Verdana', 'Arial', 'Helvetica', Sans-Serif; font-size: 70%; }
.blurb {font-family: 'Verdana', 'Arial', 'Helvetica', Sans-Serif; font-size: 70%; }
.filename {font-family: 'Verdana', 'Arial', 'Helvetica', Sans-Serif; font-size: 120%; font-weight: bold; }
.dirname {font-family: 'Verdana', 'Arial', 'Helvetica', Sans-Serif; font-size: 100%; font-weight: bold; margin-top: 2.5em;}
--></style>
<title>src\interfaces\ecpg\test\expected\preproc-define.c</title>
<LINK REL=StyleSheet HREF="../../../../../C_Cpp_Source_File.css" TYPE='text/css' MEDIA=screen>
</head>
<body bgcolor=#ffffff>
<table bgcolor='#c0c0c0' width='100%'>
<tr><td><p class='filename'><b>src\interfaces\ecpg\test\expected\preproc-define.c</b></p></td>
<td align='right'>
Wed Jun 14 08:26:10 2017
</td></tr>
<tr><td><a href='../../../../../Contents.html'>Contents</a></td></tr>
</table>
<pre>
<span class='Comment_Multi_Line'>/* Processed by ecpg (regression mode) */ 
/* These include files are added by the preprocessor */ 
</span><span class='Keyword'>#include </span><span class='String'>&LT;ecpglib.h&GT;</span> 
<span class='Keyword'>#include </span><span class='String'>&LT;ecpgerrno.h&GT;</span> 
<span class='Keyword'>#include </span><span class='String'>&LT;sqlca.h&GT;</span> 
<span class='Comment_Multi_Line'>/* End of automatic include section */ 
</span><a name="LN6"></a><span class='Keyword'>#define </span><span class='Declare_Macro'>ECPGdebug</span><span class='Parentheses'>(</span><span class='Declare_Parameter'>X</span><span class='Delimiter'>,</span><span class='Declare_Parameter'>Y</span><span class='Parentheses'>) </span><a href="preproc-define.c.html#LN6"><span class='Ref_to_Macro'>ECPGdebug</span></a><span class='Parentheses'>((</span><a href="preproc-define.c.html#LN6"><span class='Ref_to_Parameter'>X</span></a><span class='Parentheses'>)</span><span class='Operator'>+</span><span class='Number'>100</span><span class='Delimiter'>,</span><span class='Parentheses'>(</span><a href="preproc-define.c.html#LN6"><span class='Ref_to_Parameter'>Y</span></a><span class='Parentheses'>))</span> 
 
#line <span class='Number'>1</span> <span class='String'>"define.pgc"</span> 
<span class='Keyword'>#include </span><span class='String'>&LT;stdlib.h&GT;</span> 
<span class='Keyword'>#include </span><span class='String'>&LT;string.h&GT;</span> 
<span class='Keyword'>#include </span><span class='String'>&LT;stdlib.h&GT;</span> 
<span class='Keyword'>#include </span><span class='String'>&LT;stdio.h&GT;</span> 
 
 
#line <span class='Number'>1</span> <span class='String'>"regression.h"</span> 
 
 
 
 
 
 
#line <span class='Number'>6</span> <span class='String'>"define.pgc"</span> 
 
 
<span class='Comment_Multi_Line'>/* exec sql whenever sqlerror  sqlprint ; */ 
</span>#line <span class='Number'>8</span> <span class='String'>"define.pgc"</span> 
 
 
 
 
 
<span class='Comment_Multi_Line'>/* exec sql type intarray is int [ 6 ] */ 
</span>#line <span class='Number'>13</span> <span class='String'>"define.pgc"</span> 
 
<a name="LN35"></a><span class='Control'>typedef</span> <span class='Keyword'>int </span><span class='Declare_Typedef'>intarray</span><span class='Delimiter'>[ </span><span class='Number'>6</span><span class='Delimiter'>]; 
</span> 
<span class='Keyword'>int 
</span><a name="LN38"></a><span class='Declare_Function'>main</span><span class='Parentheses'>(</span><span class='Keyword'>void</span><span class='Parentheses'>) 
</span><span class='Delimiter'>{ 
</span><span class='Comment_Multi_Line'>/* exec sql begin declare section */ 
</span> 
<a name="LN42"></a>       <span class='Control'>typedef</span> <span class='Keyword'>char</span>  <span class='Declare_Local'>string</span> <span class='Delimiter'>[ </span><span class='Number'>8</span> <span class='Delimiter'>]; 
</span> 
#line <span class='Number'>21</span> <span class='String'>"define.pgc"</span> 
 
      
        
          
 
#line <span class='Number'>22</span> <span class='String'>"define.pgc"</span> 
<a name="LN51"></a> <a href="preproc-define.c.html#LN35"><span class='Ref_to_Typedef'>intarray</span></a> <span class='Declare_Local'>amount</span> <span class='Delimiter'>; 
</span>  
#line <span class='Number'>23</span> <span class='String'>"define.pgc"</span> 
<a name="LN54"></a> <span class='Keyword'>char </span><span class='Declare_Local'>name</span> <span class='Delimiter'>[ </span><span class='Number'>6</span> <span class='Delimiter'>] [ </span><span class='Number'>8</span> <span class='Delimiter'>] ; 
</span>  
#line <span class='Number'>24</span> <span class='String'>"define.pgc"</span> 
<a name="LN57"></a> <span class='Keyword'>char </span><span class='Declare_Local'>letter</span> <span class='Delimiter'>[ </span><span class='Number'>6</span> <span class='Delimiter'>] [ </span><span class='Number'>1</span> <span class='Delimiter'>] ; 
</span>  
<span class='Directive'>#if</span> <span class='Number'>0</span> 
<span class='Inactive_Code'>  
#line 26 "define.pgc" 
 int not_used ; 
  
</span><span class='Directive'>#endif</span> 
<span class='Comment_Multi_Line'>/* exec sql end declare section */ 
</span>#line <span class='Number'>29</span> <span class='String'>"define.pgc"</span> 
 
<a name="LN68"></a>    <span class='Keyword'>int </span><span class='Declare_Local'>i</span><span class='Delimiter'>,</span><span class='Declare_Local'>j</span><span class='Delimiter'>; 
</span> 
    <a href="preproc-define.c.html#LN6"><span class='Ref_to_Macro'>ECPGdebug</span></a><span class='Parentheses'>(</span><span class='Number'>1</span><span class='Delimiter'>, </span>stderr<span class='Parentheses'>)</span><span class='Delimiter'>; 
</span> 
    <span class='Delimiter'>{ </span><a href="../../include/ecpglib.h.html#LN50"><span class='Ref_to_Proto'>ECPGconnect</span></a><span class='Parentheses'>(</span>__LINE__<span class='Delimiter'>, </span><span class='Number'>0</span><span class='Delimiter'>, </span><span class='String'>"ecpg1_regression"</span> <span class='Delimiter'>, </span><span class='Null_Value'>NULL</span><span class='Delimiter'>, </span><span class='Null_Value'>NULL </span><span class='Delimiter'>, </span><span class='Null_Value'>NULL</span><span class='Delimiter'>, </span><span class='Number'>0</span><span class='Parentheses'>)</span><span class='Delimiter'>;</span>  
#line <span class='Number'>34</span> <span class='String'>"define.pgc"</span> 
 
<span class='Control'>if</span> <span class='Parentheses'>(</span><a href="../../include/sqlca.h.html#LN58"><span class='Ref_to_Const'>sqlca</span></a><span class='Operator'>.</span><a href="../../include/sqlca.h.html#LN22"><span class='Ref_to_Member'>sqlcode</span></a> <span class='Operator'>&LT; </span><span class='Number'>0</span><span class='Parentheses'>) </span><a href="../../include/ecpglib.h.html#LN64"><span class='Ref_to_Proto'>sqlprint</span></a><span class='Parentheses'>()</span><span class='Delimiter'>;} 
</span>#line <span class='Number'>34</span> <span class='String'>"define.pgc"</span> 
 
 
    <span class='Delimiter'>{ </span><a href="../../include/ecpglib.h.html#LN51"><span class='Ref_to_Proto'>ECPGdo</span></a><span class='Parentheses'>(</span>__LINE__<span class='Delimiter'>, </span><span class='Number'>0</span><span class='Delimiter'>, </span><span class='Number'>1</span><span class='Delimiter'>, </span><span class='Null_Value'>NULL</span><span class='Delimiter'>, </span><span class='Number'>0</span><span class='Delimiter'>, </span><a href="../../include/ecpgtype.h.html#LN95"><span class='Ref_to_EnumConst'>ECPGst_normal</span></a><span class='Delimiter'>, </span><span class='String'>"create table test ( name char ( 8 ) , amount int , letter char ( 1 ) )"</span><span class='Delimiter'>, </span><a href="../../include/ecpgtype.h.html#LN61"><span class='Ref_to_EnumConst'>ECPGt_EOIT</span></a><span class='Delimiter'>, </span><a href="../../include/ecpgtype.h.html#LN62"><span class='Ref_to_EnumConst'>ECPGt_EORT</span></a><span class='Parentheses'>)</span><span class='Delimiter'>; 
</span>#line <span class='Number'>36</span> <span class='String'>"define.pgc"</span> 
 
<span class='Control'>if</span> <span class='Parentheses'>(</span><a href="../../include/sqlca.h.html#LN58"><span class='Ref_to_Const'>sqlca</span></a><span class='Operator'>.</span><a href="../../include/sqlca.h.html#LN22"><span class='Ref_to_Member'>sqlcode</span></a> <span class='Operator'>&LT; </span><span class='Number'>0</span><span class='Parentheses'>) </span><a href="../../include/ecpglib.h.html#LN64"><span class='Ref_to_Proto'>sqlprint</span></a><span class='Parentheses'>()</span><span class='Delimiter'>;} 
</span>#line <span class='Number'>36</span> <span class='String'>"define.pgc"</span> 
 
    <span class='Delimiter'>{ </span><a href="../../include/ecpglib.h.html#LN52"><span class='Ref_to_Proto'>ECPGtrans</span></a><span class='Parentheses'>(</span>__LINE__<span class='Delimiter'>, </span><span class='Null_Value'>NULL</span><span class='Delimiter'>, </span><span class='String'>"commit"</span><span class='Parentheses'>)</span><span class='Delimiter'>; 
</span>#line <span class='Number'>37</span> <span class='String'>"define.pgc"</span> 
 
<span class='Control'>if</span> <span class='Parentheses'>(</span><a href="../../include/sqlca.h.html#LN58"><span class='Ref_to_Const'>sqlca</span></a><span class='Operator'>.</span><a href="../../include/sqlca.h.html#LN22"><span class='Ref_to_Member'>sqlcode</span></a> <span class='Operator'>&LT; </span><span class='Number'>0</span><span class='Parentheses'>) </span><a href="../../include/ecpglib.h.html#LN64"><span class='Ref_to_Proto'>sqlprint</span></a><span class='Parentheses'>()</span><span class='Delimiter'>;} 
</span>#line <span class='Number'>37</span> <span class='String'>"define.pgc"</span> 
 
 
    <span class='Delimiter'>{ </span><a href="../../include/ecpglib.h.html#LN51"><span class='Ref_to_Proto'>ECPGdo</span></a><span class='Parentheses'>(</span>__LINE__<span class='Delimiter'>, </span><span class='Number'>0</span><span class='Delimiter'>, </span><span class='Number'>1</span><span class='Delimiter'>, </span><span class='Null_Value'>NULL</span><span class='Delimiter'>, </span><span class='Number'>0</span><span class='Delimiter'>, </span><a href="../../include/ecpgtype.h.html#LN95"><span class='Ref_to_EnumConst'>ECPGst_normal</span></a><span class='Delimiter'>, </span><span class='String'>"insert into Test ( name , amount , letter ) values ( 'false' , 1 , 'f' )"</span><span class='Delimiter'>, </span><a href="../../include/ecpgtype.h.html#LN61"><span class='Ref_to_EnumConst'>ECPGt_EOIT</span></a><span class='Delimiter'>, </span><a href="../../include/ecpgtype.h.html#LN62"><span class='Ref_to_EnumConst'>ECPGt_EORT</span></a><span class='Parentheses'>)</span><span class='Delimiter'>; 
</span>#line <span class='Number'>39</span> <span class='String'>"define.pgc"</span> 
 
<span class='Control'>if</span> <span class='Parentheses'>(</span><a href="../../include/sqlca.h.html#LN58"><span class='Ref_to_Const'>sqlca</span></a><span class='Operator'>.</span><a href="../../include/sqlca.h.html#LN22"><span class='Ref_to_Member'>sqlcode</span></a> <span class='Operator'>&LT; </span><span class='Number'>0</span><span class='Parentheses'>) </span><a href="../../include/ecpglib.h.html#LN64"><span class='Ref_to_Proto'>sqlprint</span></a><span class='Parentheses'>()</span><span class='Delimiter'>;} 
</span>#line <span class='Number'>39</span> <span class='String'>"define.pgc"</span> 
 
    <span class='Delimiter'>{ </span><a href="../../include/ecpglib.h.html#LN51"><span class='Ref_to_Proto'>ECPGdo</span></a><span class='Parentheses'>(</span>__LINE__<span class='Delimiter'>, </span><span class='Number'>0</span><span class='Delimiter'>, </span><span class='Number'>1</span><span class='Delimiter'>, </span><span class='Null_Value'>NULL</span><span class='Delimiter'>, </span><span class='Number'>0</span><span class='Delimiter'>, </span><a href="../../include/ecpgtype.h.html#LN95"><span class='Ref_to_EnumConst'>ECPGst_normal</span></a><span class='Delimiter'>, </span><span class='String'>"insert into test ( name , amount , letter ) values ( 'true' , 2 , 't' )"</span><span class='Delimiter'>, </span><a href="../../include/ecpgtype.h.html#LN61"><span class='Ref_to_EnumConst'>ECPGt_EOIT</span></a><span class='Delimiter'>, </span><a href="../../include/ecpgtype.h.html#LN62"><span class='Ref_to_EnumConst'>ECPGt_EORT</span></a><span class='Parentheses'>)</span><span class='Delimiter'>; 
</span>#line <span class='Number'>40</span> <span class='String'>"define.pgc"</span> 
 
<span class='Control'>if</span> <span class='Parentheses'>(</span><a href="../../include/sqlca.h.html#LN58"><span class='Ref_to_Const'>sqlca</span></a><span class='Operator'>.</span><a href="../../include/sqlca.h.html#LN22"><span class='Ref_to_Member'>sqlcode</span></a> <span class='Operator'>&LT; </span><span class='Number'>0</span><span class='Parentheses'>) </span><a href="../../include/ecpglib.h.html#LN64"><span class='Ref_to_Proto'>sqlprint</span></a><span class='Parentheses'>()</span><span class='Delimiter'>;} 
</span>#line <span class='Number'>40</span> <span class='String'>"define.pgc"</span> 
 
    <span class='Delimiter'>{ </span><a href="../../include/ecpglib.h.html#LN52"><span class='Ref_to_Proto'>ECPGtrans</span></a><span class='Parentheses'>(</span>__LINE__<span class='Delimiter'>, </span><span class='Null_Value'>NULL</span><span class='Delimiter'>, </span><span class='String'>"commit"</span><span class='Parentheses'>)</span><span class='Delimiter'>; 
</span>#line <span class='Number'>41</span> <span class='String'>"define.pgc"</span> 
 
<span class='Control'>if</span> <span class='Parentheses'>(</span><a href="../../include/sqlca.h.html#LN58"><span class='Ref_to_Const'>sqlca</span></a><span class='Operator'>.</span><a href="../../include/sqlca.h.html#LN22"><span class='Ref_to_Member'>sqlcode</span></a> <span class='Operator'>&LT; </span><span class='Number'>0</span><span class='Parentheses'>) </span><a href="../../include/ecpglib.h.html#LN64"><span class='Ref_to_Proto'>sqlprint</span></a><span class='Parentheses'>()</span><span class='Delimiter'>;} 
</span>#line <span class='Number'>41</span> <span class='String'>"define.pgc"</span> 
 
 
    <span class='Delimiter'>{ </span><a href="../../include/ecpglib.h.html#LN51"><span class='Ref_to_Proto'>ECPGdo</span></a><span class='Parentheses'>(</span>__LINE__<span class='Delimiter'>, </span><span class='Number'>0</span><span class='Delimiter'>, </span><span class='Number'>1</span><span class='Delimiter'>, </span><span class='Null_Value'>NULL</span><span class='Delimiter'>, </span><span class='Number'>0</span><span class='Delimiter'>, </span><a href="../../include/ecpgtype.h.html#LN95"><span class='Ref_to_EnumConst'>ECPGst_normal</span></a><span class='Delimiter'>, </span><span class='String'>"select * from test"</span><span class='Delimiter'>, </span><a href="../../include/ecpgtype.h.html#LN61"><span class='Ref_to_EnumConst'>ECPGt_EOIT</span></a><span class='Delimiter'>,</span>  
    <a href="../../include/ecpgtype.h.html#LN42"><span class='Ref_to_EnumConst'>ECPGt_char</span></a><span class='Delimiter'>,</span><span class='Parentheses'>(</span><a href="preproc-define.c.html#LN54"><span class='Ref_To_Local'>name</span></a><span class='Parentheses'>)</span><span class='Delimiter'>,</span><span class='Parentheses'>(</span><span class='Keyword'>long</span><span class='Parentheses'>)</span><span class='Number'>8</span><span class='Delimiter'>,</span><span class='Parentheses'>(</span><span class='Keyword'>long</span><span class='Parentheses'>)</span><span class='Number'>6</span><span class='Delimiter'>,</span><span class='Parentheses'>(</span><span class='Number'>8</span><span class='Parentheses'>)</span><span class='Operator'>*</span><span class='Keyword'>sizeof</span><span class='Parentheses'>(</span><span class='Keyword'>char</span><span class='Parentheses'>)</span><span class='Delimiter'>,</span>  
    <a href="../../include/ecpgtype.h.html#LN63"><span class='Ref_to_EnumConst'>ECPGt_NO_INDICATOR</span></a><span class='Delimiter'>, </span><span class='Null_Value'>NULL </span><span class='Delimiter'>, </span><span class='Number'>0L</span><span class='Delimiter'>, </span><span class='Number'>0L</span><span class='Delimiter'>, </span><span class='Number'>0L</span><span class='Delimiter'>,</span>  
    <a href="../../include/ecpgtype.h.html#LN43"><span class='Ref_to_EnumConst'>ECPGt_int</span></a><span class='Delimiter'>,</span><span class='Parentheses'>(</span><a href="preproc-define.c.html#LN51"><span class='Ref_To_Local'>amount</span></a><span class='Parentheses'>)</span><span class='Delimiter'>,</span><span class='Parentheses'>(</span><span class='Keyword'>long</span><span class='Parentheses'>)</span><span class='Number'>1</span><span class='Delimiter'>,</span><span class='Parentheses'>(</span><span class='Keyword'>long</span><span class='Parentheses'>)</span><span class='Number'>6</span><span class='Delimiter'>,</span><span class='Keyword'>sizeof</span><span class='Parentheses'>(</span><span class='Keyword'>int</span><span class='Parentheses'>)</span><span class='Delimiter'>,</span>  
    <a href="../../include/ecpgtype.h.html#LN63"><span class='Ref_to_EnumConst'>ECPGt_NO_INDICATOR</span></a><span class='Delimiter'>, </span><span class='Null_Value'>NULL </span><span class='Delimiter'>, </span><span class='Number'>0L</span><span class='Delimiter'>, </span><span class='Number'>0L</span><span class='Delimiter'>, </span><span class='Number'>0L</span><span class='Delimiter'>,</span>  
    <a href="../../include/ecpgtype.h.html#LN42"><span class='Ref_to_EnumConst'>ECPGt_char</span></a><span class='Delimiter'>,</span><span class='Parentheses'>(</span><a href="preproc-define.c.html#LN57"><span class='Ref_To_Local'>letter</span></a><span class='Parentheses'>)</span><span class='Delimiter'>,</span><span class='Parentheses'>(</span><span class='Keyword'>long</span><span class='Parentheses'>)</span><span class='Number'>1</span><span class='Delimiter'>,</span><span class='Parentheses'>(</span><span class='Keyword'>long</span><span class='Parentheses'>)</span><span class='Number'>6</span><span class='Delimiter'>,</span><span class='Parentheses'>(</span><span class='Number'>1</span><span class='Parentheses'>)</span><span class='Operator'>*</span><span class='Keyword'>sizeof</span><span class='Parentheses'>(</span><span class='Keyword'>char</span><span class='Parentheses'>)</span><span class='Delimiter'>,</span>  
    <a href="../../include/ecpgtype.h.html#LN63"><span class='Ref_to_EnumConst'>ECPGt_NO_INDICATOR</span></a><span class='Delimiter'>, </span><span class='Null_Value'>NULL </span><span class='Delimiter'>, </span><span class='Number'>0L</span><span class='Delimiter'>, </span><span class='Number'>0L</span><span class='Delimiter'>, </span><span class='Number'>0L</span><span class='Delimiter'>, </span><a href="../../include/ecpgtype.h.html#LN62"><span class='Ref_to_EnumConst'>ECPGt_EORT</span></a><span class='Parentheses'>)</span><span class='Delimiter'>; 
</span>#line <span class='Number'>43</span> <span class='String'>"define.pgc"</span> 
 
<span class='Control'>if</span> <span class='Parentheses'>(</span><a href="../../include/sqlca.h.html#LN58"><span class='Ref_to_Const'>sqlca</span></a><span class='Operator'>.</span><a href="../../include/sqlca.h.html#LN22"><span class='Ref_to_Member'>sqlcode</span></a> <span class='Operator'>&LT; </span><span class='Number'>0</span><span class='Parentheses'>) </span><a href="../../include/ecpglib.h.html#LN64"><span class='Ref_to_Proto'>sqlprint</span></a><span class='Parentheses'>()</span><span class='Delimiter'>;} 
</span>#line <span class='Number'>43</span> <span class='String'>"define.pgc"</span> 
 
 
    <span class='Control'>for</span> <span class='Parentheses'>(</span><a href="preproc-define.c.html#LN68"><span class='Ref_To_Local'>i</span></a><span class='Operator'>=</span><span class='Number'>0</span><span class='Delimiter'>, </span><a href="preproc-define.c.html#LN68"><span class='Ref_To_Local'>j</span></a><span class='Operator'>=</span><a href="../../include/sqlca.h.html#LN58"><span class='Ref_to_Const'>sqlca</span></a><span class='Operator'>.</span><a href="../../include/sqlca.h.html#LN29"><span class='Ref_to_Member'>sqlerrd</span></a><span class='Delimiter'>[</span><span class='Number'>2</span><span class='Delimiter'>]; </span><a href="preproc-define.c.html#LN68"><span class='Ref_To_Local'>i</span></a><span class='Operator'>&LT;</span><a href="preproc-define.c.html#LN68"><span class='Ref_To_Local'>j</span></a><span class='Delimiter'>; </span><a href="preproc-define.c.html#LN68"><span class='Ref_To_Local'>i</span></a><span class='Operator'>++</span><span class='Parentheses'>) 
</span>    <span class='Delimiter'>{ 
</span>        <span class='Comment_Multi_Line'>/* exec sql begin declare section */ 
</span>          
            
            
         
#line <span class='Number'>48</span> <span class='String'>"define.pgc"</span> 
<a name="LN132"></a> <a href="preproc-define.c.html#LN42"><span class='Ref_to_Typedef'>string</span></a> <span class='Declare_Local'>n</span> <span class='Delimiter'>; 
</span>  
#line <span class='Number'>49</span> <span class='String'>"define.pgc"</span> 
<a name="LN135"></a> <span class='Keyword'>char </span><span class='Declare_Local'>l</span> <span class='Operator'>= </span><a href="preproc-define.c.html#LN57"><span class='Ref_To_Local'>letter</span></a> <span class='Delimiter'>[ </span><a href="preproc-define.c.html#LN68"><span class='Ref_To_Local'>i</span></a> <span class='Delimiter'>] [ </span><span class='Number'>0</span> <span class='Delimiter'>] ; 
</span>  
#line <span class='Number'>50</span> <span class='String'>"define.pgc"</span> 
<a name="LN138"></a> <span class='Keyword'>int </span><span class='Declare_Local'>a</span> <span class='Operator'>= </span><a href="preproc-define.c.html#LN51"><span class='Ref_To_Local'>amount</span></a> <span class='Delimiter'>[ </span><a href="preproc-define.c.html#LN68"><span class='Ref_To_Local'>i</span></a> <span class='Delimiter'>] ; 
</span><span class='Comment_Multi_Line'>/* exec sql end declare section */ 
</span>#line <span class='Number'>51</span> <span class='String'>"define.pgc"</span> 
 
 
        strncpy<span class='Parentheses'>(</span><a href="preproc-define.c.html#LN132"><span class='Ref_To_Local'>n</span></a><span class='Delimiter'>, </span><a href="preproc-define.c.html#LN54"><span class='Ref_To_Local'>name</span></a><span class='Delimiter'>[</span><a href="preproc-define.c.html#LN68"><span class='Ref_To_Local'>i</span></a><span class='Delimiter'>],</span>  <span class='Number'>8</span><span class='Parentheses'>)</span><span class='Delimiter'>; 
</span>        <a href="../../../../include/port.h.html#LN173"><span class='Ref_to_Macro'>printf</span></a><span class='Parentheses'>(</span><span class='String'>"name[%d]=%8.8s\tamount[%d]=%d\tletter[%d]=%c\n"</span><span class='Delimiter'>, </span><a href="preproc-define.c.html#LN68"><span class='Ref_To_Local'>i</span></a><span class='Delimiter'>, </span><a href="preproc-define.c.html#LN132"><span class='Ref_To_Local'>n</span></a><span class='Delimiter'>, </span><a href="preproc-define.c.html#LN68"><span class='Ref_To_Local'>i</span></a><span class='Delimiter'>, </span><a href="preproc-define.c.html#LN138"><span class='Ref_To_Local'>a</span></a><span class='Delimiter'>, </span><a href="preproc-define.c.html#LN68"><span class='Ref_To_Local'>i</span></a><span class='Delimiter'>, </span><a href="preproc-define.c.html#LN135"><span class='Ref_To_Local'>l</span></a><span class='Parentheses'>)</span><span class='Delimiter'>; 
</span>    <span class='Delimiter'>}</span><span class='Auto_Annotations'> &laquo; end for i=0,j=sqlca.sqlerrd[2... &raquo; </span> 
 
    <span class='Delimiter'>{ </span><a href="../../include/ecpglib.h.html#LN51"><span class='Ref_to_Proto'>ECPGdo</span></a><span class='Parentheses'>(</span>__LINE__<span class='Delimiter'>, </span><span class='Number'>0</span><span class='Delimiter'>, </span><span class='Number'>1</span><span class='Delimiter'>, </span><span class='Null_Value'>NULL</span><span class='Delimiter'>, </span><span class='Number'>0</span><span class='Delimiter'>, </span><a href="../../include/ecpgtype.h.html#LN95"><span class='Ref_to_EnumConst'>ECPGst_normal</span></a><span class='Delimiter'>, </span><span class='String'>"drop table test"</span><span class='Delimiter'>, </span><a href="../../include/ecpgtype.h.html#LN61"><span class='Ref_to_EnumConst'>ECPGt_EOIT</span></a><span class='Delimiter'>, </span><a href="../../include/ecpgtype.h.html#LN62"><span class='Ref_to_EnumConst'>ECPGt_EORT</span></a><span class='Parentheses'>)</span><span class='Delimiter'>; 
</span>#line <span class='Number'>57</span> <span class='String'>"define.pgc"</span> 
 
<span class='Control'>if</span> <span class='Parentheses'>(</span><a href="../../include/sqlca.h.html#LN58"><span class='Ref_to_Const'>sqlca</span></a><span class='Operator'>.</span><a href="../../include/sqlca.h.html#LN22"><span class='Ref_to_Member'>sqlcode</span></a> <span class='Operator'>&LT; </span><span class='Number'>0</span><span class='Parentheses'>) </span><a href="../../include/ecpglib.h.html#LN64"><span class='Ref_to_Proto'>sqlprint</span></a><span class='Parentheses'>()</span><span class='Delimiter'>;} 
</span>#line <span class='Number'>57</span> <span class='String'>"define.pgc"</span> 
 
    <span class='Delimiter'>{ </span><a href="../../include/ecpglib.h.html#LN52"><span class='Ref_to_Proto'>ECPGtrans</span></a><span class='Parentheses'>(</span>__LINE__<span class='Delimiter'>, </span><span class='Null_Value'>NULL</span><span class='Delimiter'>, </span><span class='String'>"commit"</span><span class='Parentheses'>)</span><span class='Delimiter'>; 
</span>#line <span class='Number'>58</span> <span class='String'>"define.pgc"</span> 
 
<span class='Control'>if</span> <span class='Parentheses'>(</span><a href="../../include/sqlca.h.html#LN58"><span class='Ref_to_Const'>sqlca</span></a><span class='Operator'>.</span><a href="../../include/sqlca.h.html#LN22"><span class='Ref_to_Member'>sqlcode</span></a> <span class='Operator'>&LT; </span><span class='Number'>0</span><span class='Parentheses'>) </span><a href="../../include/ecpglib.h.html#LN64"><span class='Ref_to_Proto'>sqlprint</span></a><span class='Parentheses'>()</span><span class='Delimiter'>;} 
</span>#line <span class='Number'>58</span> <span class='String'>"define.pgc"</span> 
 
    <span class='Delimiter'>{ </span><a href="../../include/ecpglib.h.html#LN53"><span class='Ref_to_Proto'>ECPGdisconnect</span></a><span class='Parentheses'>(</span>__LINE__<span class='Delimiter'>, </span><span class='String'>"CURRENT"</span><span class='Parentheses'>)</span><span class='Delimiter'>; 
</span>#line <span class='Number'>59</span> <span class='String'>"define.pgc"</span> 
 
<span class='Control'>if</span> <span class='Parentheses'>(</span><a href="../../include/sqlca.h.html#LN58"><span class='Ref_to_Const'>sqlca</span></a><span class='Operator'>.</span><a href="../../include/sqlca.h.html#LN22"><span class='Ref_to_Member'>sqlcode</span></a> <span class='Operator'>&LT; </span><span class='Number'>0</span><span class='Parentheses'>) </span><a href="../../include/ecpglib.h.html#LN64"><span class='Ref_to_Proto'>sqlprint</span></a><span class='Parentheses'>()</span><span class='Delimiter'>;} 
</span>#line <span class='Number'>59</span> <span class='String'>"define.pgc"</span> 
 
 
    <span class='Control'>return</span> <span class='Parentheses'>(</span><span class='Number'>0</span><span class='Parentheses'>)</span><span class='Delimiter'>; 
}</span><span class='Auto_Annotations'> &laquo; end main &raquo; </span> 
</pre>
<table bgcolor='#c0c0c0' width='100%'><tr><td><a href='../../../../../Contents.html'>Contents</a></td></tr>
</table><hr><p class='blurb' align='center'><a href='http://www.sourceinsight.com'>HTML Created by Source Insight Version 4.00.0084 Built on 2017-02-26</a></p>
</body></html>