<!DOCTYPE html PUBLIC "-//W3C//DTD HTML 4.01 Transitional//EN">
<html>
<head>
<meta name="generator" content="Source Insight Version 4.00.0084 Built on 2017-02-26">
<meta charset='UTF-8' />
<style type='text/css'><!--
TD {background-color: #C0C0C0; font-family: 'Verdana', 'Arial', 'Helvetica', Sans-Serif; font-size: 70%; }
.blurb {font-family: 'Verdana', 'Arial', 'Helvetica', Sans-Serif; font-size: 70%; }
.filename {font-family: 'Verdana', 'Arial', 'Helvetica', Sans-Serif; font-size: 120%; font-weight: bold; }
.dirname {font-family: 'Verdana', 'Arial', 'Helvetica', Sans-Serif; font-size: 100%; font-weight: bold; margin-top: 2.5em;}
--></style>
<title>src\interfaces\ecpg\test\expected\sql-indicators.c</title>
<LINK REL=StyleSheet HREF="../../../../../C_Cpp_Source_File.css" TYPE='text/css' MEDIA=screen>
</head>
<body bgcolor=#ffffff>
<table bgcolor='#c0c0c0' width='100%'>
<tr><td><p class='filename'><b>src\interfaces\ecpg\test\expected\sql-indicators.c</b></p></td>
<td align='right'>
Wed Jun 14 08:26:10 2017
</td></tr>
<tr><td><a href='../../../../../Contents.html'>Contents</a></td></tr>
</table>
<pre>
<span class='Comment_Multi_Line'>/* Processed by ecpg (regression mode) */ 
/* These include files are added by the preprocessor */ 
</span><span class='Keyword'>#include </span><span class='String'>&LT;ecpglib.h&GT;</span> 
<span class='Keyword'>#include </span><span class='String'>&LT;ecpgerrno.h&GT;</span> 
<span class='Keyword'>#include </span><span class='String'>&LT;sqlca.h&GT;</span> 
<span class='Comment_Multi_Line'>/* End of automatic include section */ 
</span><a name="LN6"></a><span class='Keyword'>#define </span><span class='Declare_Macro'>ECPGdebug</span><span class='Parentheses'>(</span><span class='Declare_Parameter'>X</span><span class='Delimiter'>,</span><span class='Declare_Parameter'>Y</span><span class='Parentheses'>) </span><a href="sql-indicators.c.html#LN6"><span class='Ref_to_Macro'>ECPGdebug</span></a><span class='Parentheses'>((</span><a href="sql-indicators.c.html#LN6"><span class='Ref_to_Parameter'>X</span></a><span class='Parentheses'>)</span><span class='Operator'>+</span><span class='Number'>100</span><span class='Delimiter'>,</span><span class='Parentheses'>(</span><a href="sql-indicators.c.html#LN6"><span class='Ref_to_Parameter'>Y</span></a><span class='Parentheses'>))</span> 
 
#line <span class='Number'>1</span> <span class='String'>"indicators.pgc"</span> 
<span class='Keyword'>#include </span><span class='String'>&LT;stdio.h&GT;</span> 
 
 
#line <span class='Number'>1</span> <span class='String'>"sqlca.h"</span> 
<span class='Directive'>#ifndef</span> <a href="../../include/sqlca.h.html#LN1"><span class='Ref_to_Const'>POSTGRES_SQLCA_H</span></a> 
<a name="LN14"></a><span class='Keyword'>#define </span><span class='Declare_Constant'>POSTGRES_SQLCA_H</span> 
 
<span class='Directive'>#ifndef</span> <a href="../../include/sqlca.h.html#LN5"><span class='Ref_to_Const'>PGDLLIMPORT</span></a> 
<span class='Directive'>#if</span>  defined<span class='Parentheses'>(</span><a href="../../../../include/c.h.html#LN61"><span class='Ref_to_Const'>WIN32</span></a><span class='Parentheses'>) </span><span class='Operator'>|| </span>defined<span class='Parentheses'>(</span>__CYGWIN__<span class='Parentheses'>) 
</span><a name="LN18"></a><span class='Keyword'>#define </span><span class='Declare_Constant'>PGDLLIMPORT</span> __declspec <span class='Parentheses'>(</span>dllimport<span class='Parentheses'>) 
</span><span class='Directive'>#else</span> 
<a name="LN20"></a><span class='Keyword'>#define </span><span class='Declare_Constant'>PGDLLIMPORT</span> 
<span class='Directive'>#endif</span>   <span class='Comment_Single_Line'>/* __CYGWIN__ */ 
</span><span class='Directive'>#endif</span>   <span class='Comment_Single_Line'>/* PGDLLIMPORT */ 
</span> 
<a name="LN24"></a><span class='Keyword'>#define </span><span class='Declare_Constant'>SQLERRMC_LEN</span>    <span class='Number'>150</span> 
 
<span class='Directive'>#ifdef</span> __cplusplus 
<span class='Keyword'>extern</span>      <span class='String'>"C"</span> 
<span class='Delimiter'>{ 
</span><span class='Directive'>#endif</span> 
 
<a name="LN31"></a><span class='Control'>struct</span> <span class='Declare_Struct'>sqlca_t</span> 
<span class='Delimiter'>{ 
</span><a name="LN33"></a>    <span class='Keyword'>char</span>        <span class='Declare_Member'>sqlcaid</span><span class='Delimiter'>[</span><span class='Number'>8</span><span class='Delimiter'>]; 
</span><a name="LN34"></a>    <span class='Keyword'>long</span>        <span class='Declare_Member'>sqlabc</span><span class='Delimiter'>; 
</span><a name="LN35"></a>    <span class='Keyword'>long</span>        <span class='Declare_Member'>sqlcode</span><span class='Delimiter'>; 
</span>    <span class='Control'>struct</span> 
    <span class='Delimiter'>{ 
</span><a name="LN38"></a>        <span class='Keyword'>int</span>         <span class='Declare_Member'>sqlerrml</span><span class='Delimiter'>; 
</span><a name="LN39"></a>        <span class='Keyword'>char</span>        <span class='Declare_Member'>sqlerrmc</span><span class='Delimiter'>[</span><a href="../../include/sqlca.h.html#LN11"><span class='Ref_to_Const'>SQLERRMC_LEN</span></a><span class='Delimiter'>]; 
</span><a name="LN40"></a>    <span class='Delimiter'>}</span>           <span class='Declare_Member'>sqlerrm</span><span class='Delimiter'>; 
</span><a name="LN41"></a>    <span class='Keyword'>char</span>        <span class='Declare_Member'>sqlerrp</span><span class='Delimiter'>[</span><span class='Number'>8</span><span class='Delimiter'>]; 
</span><a name="LN42"></a>    <span class='Keyword'>long</span>        <span class='Declare_Member'>sqlerrd</span><span class='Delimiter'>[</span><span class='Number'>6</span><span class='Delimiter'>]; 
</span>    <span class='Comment_Multi_Line'>/* Element 0: empty                     */ 
</span>    <span class='Comment_Multi_Line'>/* 1: OID of processed tuple if applicable          */ 
</span>    <span class='Comment_Multi_Line'>/* 2: number of rows processed              */ 
</span>    <span class='Comment_Multi_Line'>/* after an INSERT, UPDATE or               */ 
</span>    <span class='Comment_Multi_Line'>/* DELETE statement                 */ 
</span>    <span class='Comment_Multi_Line'>/* 3: empty                     */ 
</span>    <span class='Comment_Multi_Line'>/* 4: empty                     */ 
</span>    <span class='Comment_Multi_Line'>/* 5: empty                     */ 
</span><a name="LN51"></a>    <span class='Keyword'>char</span>        <span class='Declare_Member'>sqlwarn</span><span class='Delimiter'>[</span><span class='Number'>8</span><span class='Delimiter'>]; 
</span>    <span class='Comment_Multi_Line'>/* Element 0: set to 'W' if at least one other is 'W'   */ 
</span>    <span class='Comment_Multi_Line'>/* 1: if 'W' at least one character string      */ 
</span>    <span class='Comment_Multi_Line'>/* value was truncated when it was          */ 
</span>    <span class='Comment_Multi_Line'>/* stored into a host variable.             */ 
</span> 
    <span class='Comment_Multi_Line'>/* 
     * 2: if 'W' a (hopefully) non-fatal notice occurred 
     */ </span><span class='Comment_Single_Line'>/* 3: empty */ 
</span>    <span class='Comment_Multi_Line'>/* 4: empty                     */ 
</span>    <span class='Comment_Multi_Line'>/* 5: empty                     */ 
</span>    <span class='Comment_Multi_Line'>/* 6: empty                     */ 
</span>    <span class='Comment_Multi_Line'>/* 7: empty                     */ 
</span> 
<a name="LN65"></a>    <span class='Keyword'>char</span>        <span class='Declare_Member'>sqlstate</span><span class='Delimiter'>[</span><span class='Number'>5</span><span class='Delimiter'>]; 
}</span><span class='Auto_Annotations'> &laquo; end sqlca_t &raquo; </span><span class='Delimiter'>; 
</span> 
<a name="LN68"></a><span class='Control'>struct</span> <a href="sql-indicators.c.html#LN31"><span class='Ref_to_Struct'>sqlca_t</span></a> <span class='Operator'>*</span><span class='Declare_Prototype'>ECPGget_sqlca</span><span class='Parentheses'>(</span><span class='Keyword'>void</span><span class='Parentheses'>)</span><span class='Delimiter'>; 
</span> 
<span class='Directive'>#ifndef</span> <a href="../../compatlib/informix.c.html#LN2"><span class='Ref_to_Const'>POSTGRES_ECPG_INTERNAL</span></a> 
<a name="LN71"></a><span class='Keyword'>#define </span><span class='Declare_Constant'>sqlca</span> <span class='Parentheses'>(</span><span class='Operator'>*</span><a href="../../include/sqlca.h.html#LN55"><span class='Ref_to_Proto'>ECPGget_sqlca</span></a><span class='Parentheses'>())</span> 
<span class='Directive'>#endif</span> 
 
<span class='Directive'>#ifdef</span> __cplusplus 
<span class='Delimiter'>} 
</span><span class='Directive'>#endif</span> 
 
<span class='Directive'>#endif</span> 
 
#line <span class='Number'>3</span> <span class='String'>"indicators.pgc"</span> 
 
 
#line <span class='Number'>1</span> <span class='String'>"regression.h"</span> 
 
 
 
 
 
 
#line <span class='Number'>4</span> <span class='String'>"indicators.pgc"</span> 
 
 
<a name="LN93"></a><span class='Keyword'>int </span><span class='Declare_Function'>main</span><span class='Parentheses'>() 
</span><span class='Delimiter'>{ 
</span>    <span class='Comment_Multi_Line'>/* exec sql begin declare section */ 
</span>            
            
     
#line <span class='Number'>9</span> <span class='String'>"indicators.pgc"</span> 
<a name="LN100"></a> <span class='Keyword'>int </span><span class='Declare_Local'>intvar</span> <span class='Operator'>= </span><span class='Number'>5</span> <span class='Delimiter'>; 
</span>  
#line <span class='Number'>10</span> <span class='String'>"indicators.pgc"</span> 
<a name="LN103"></a> <span class='Keyword'>int </span><span class='Declare_Local'>nullind</span> <span class='Operator'>= - </span><span class='Number'>1</span> <span class='Delimiter'>; 
</span><span class='Comment_Multi_Line'>/* exec sql end declare section */ 
</span>#line <span class='Number'>11</span> <span class='String'>"indicators.pgc"</span> 
 
 
    <a href="sql-indicators.c.html#LN6"><span class='Ref_to_Macro'>ECPGdebug</span></a><span class='Parentheses'>(</span><span class='Number'>1</span><span class='Delimiter'>,</span>stderr<span class='Parentheses'>)</span><span class='Delimiter'>; 
</span> 
    <span class='Delimiter'>{ </span><a href="../../include/ecpglib.h.html#LN50"><span class='Ref_to_Proto'>ECPGconnect</span></a><span class='Parentheses'>(</span>__LINE__<span class='Delimiter'>, </span><span class='Number'>0</span><span class='Delimiter'>, </span><span class='String'>"ecpg1_regression"</span> <span class='Delimiter'>, </span><span class='Null_Value'>NULL</span><span class='Delimiter'>, </span><span class='Null_Value'>NULL </span><span class='Delimiter'>, </span><span class='Null_Value'>NULL</span><span class='Delimiter'>, </span><span class='Number'>0</span><span class='Parentheses'>)</span><span class='Delimiter'>; } 
</span>#line <span class='Number'>15</span> <span class='String'>"indicators.pgc"</span> 
 
    <span class='Delimiter'>{ </span><a href="../../include/ecpglib.h.html#LN48"><span class='Ref_to_Proto'>ECPGsetcommit</span></a><span class='Parentheses'>(</span>__LINE__<span class='Delimiter'>, </span><span class='String'>"off"</span><span class='Delimiter'>, </span><span class='Null_Value'>NULL</span><span class='Parentheses'>)</span><span class='Delimiter'>;} 
</span>#line <span class='Number'>16</span> <span class='String'>"indicators.pgc"</span> 
 
 
    <span class='Delimiter'>{ </span><a href="../../include/ecpglib.h.html#LN51"><span class='Ref_to_Proto'>ECPGdo</span></a><span class='Parentheses'>(</span>__LINE__<span class='Delimiter'>, </span><span class='Number'>0</span><span class='Delimiter'>, </span><span class='Number'>1</span><span class='Delimiter'>, </span><span class='Null_Value'>NULL</span><span class='Delimiter'>, </span><span class='Number'>0</span><span class='Delimiter'>, </span><a href="../../include/ecpgtype.h.html#LN95"><span class='Ref_to_EnumConst'>ECPGst_normal</span></a><span class='Delimiter'>, </span><span class='String'>"create table indicator_test ( \"id\" int primary key , \"str\" text not null , val int null )"</span><span class='Delimiter'>, </span><a href="../../include/ecpgtype.h.html#LN61"><span class='Ref_to_EnumConst'>ECPGt_EOIT</span></a><span class='Delimiter'>, </span><a href="../../include/ecpgtype.h.html#LN62"><span class='Ref_to_EnumConst'>ECPGt_EORT</span></a><span class='Parentheses'>)</span><span class='Delimiter'>;} 
</span>#line <span class='Number'>21</span> <span class='String'>"indicators.pgc"</span> 
 
    <span class='Delimiter'>{ </span><a href="../../include/ecpglib.h.html#LN52"><span class='Ref_to_Proto'>ECPGtrans</span></a><span class='Parentheses'>(</span>__LINE__<span class='Delimiter'>, </span><span class='Null_Value'>NULL</span><span class='Delimiter'>, </span><span class='String'>"commit work"</span><span class='Parentheses'>)</span><span class='Delimiter'>;} 
</span>#line <span class='Number'>22</span> <span class='String'>"indicators.pgc"</span> 
 
 
    <span class='Delimiter'>{ </span><a href="../../include/ecpglib.h.html#LN51"><span class='Ref_to_Proto'>ECPGdo</span></a><span class='Parentheses'>(</span>__LINE__<span class='Delimiter'>, </span><span class='Number'>0</span><span class='Delimiter'>, </span><span class='Number'>1</span><span class='Delimiter'>, </span><span class='Null_Value'>NULL</span><span class='Delimiter'>, </span><span class='Number'>0</span><span class='Delimiter'>, </span><a href="../../include/ecpgtype.h.html#LN95"><span class='Ref_to_EnumConst'>ECPGst_normal</span></a><span class='Delimiter'>, </span><span class='String'>"insert into indicator_test ( id , str , val ) values ( 1 , 'Hello' , 0 )"</span><span class='Delimiter'>, </span><a href="../../include/ecpgtype.h.html#LN61"><span class='Ref_to_EnumConst'>ECPGt_EOIT</span></a><span class='Delimiter'>, </span><a href="../../include/ecpgtype.h.html#LN62"><span class='Ref_to_EnumConst'>ECPGt_EORT</span></a><span class='Parentheses'>)</span><span class='Delimiter'>;} 
</span>#line <span class='Number'>24</span> <span class='String'>"indicators.pgc"</span> 
 
 
    <span class='Comment_Multi_Line'>/* use indicator in insert */ 
</span>    <span class='Delimiter'>{ </span><a href="../../include/ecpglib.h.html#LN51"><span class='Ref_to_Proto'>ECPGdo</span></a><span class='Parentheses'>(</span>__LINE__<span class='Delimiter'>, </span><span class='Number'>0</span><span class='Delimiter'>, </span><span class='Number'>1</span><span class='Delimiter'>, </span><span class='Null_Value'>NULL</span><span class='Delimiter'>, </span><span class='Number'>0</span><span class='Delimiter'>, </span><a href="../../include/ecpgtype.h.html#LN95"><span class='Ref_to_EnumConst'>ECPGst_normal</span></a><span class='Delimiter'>, </span><span class='String'>"insert into indicator_test ( id , str , val ) values ( 2 , 'Hi there' , $1  )"</span><span class='Delimiter'>,</span>  
    <a href="../../include/ecpgtype.h.html#LN43"><span class='Ref_to_EnumConst'>ECPGt_int</span></a><span class='Delimiter'>,</span><span class='Operator'>&</span><span class='Parentheses'>(</span><a href="sql-indicators.c.html#LN100"><span class='Ref_To_Local'>intvar</span></a><span class='Parentheses'>)</span><span class='Delimiter'>,</span><span class='Parentheses'>(</span><span class='Keyword'>long</span><span class='Parentheses'>)</span><span class='Number'>1</span><span class='Delimiter'>,</span><span class='Parentheses'>(</span><span class='Keyword'>long</span><span class='Parentheses'>)</span><span class='Number'>1</span><span class='Delimiter'>,</span><span class='Keyword'>sizeof</span><span class='Parentheses'>(</span><span class='Keyword'>int</span><span class='Parentheses'>)</span><span class='Delimiter'>,</span>  
    <a href="../../include/ecpgtype.h.html#LN43"><span class='Ref_to_EnumConst'>ECPGt_int</span></a><span class='Delimiter'>,</span><span class='Operator'>&</span><span class='Parentheses'>(</span><a href="sql-indicators.c.html#LN103"><span class='Ref_To_Local'>nullind</span></a><span class='Parentheses'>)</span><span class='Delimiter'>,</span><span class='Parentheses'>(</span><span class='Keyword'>long</span><span class='Parentheses'>)</span><span class='Number'>1</span><span class='Delimiter'>,</span><span class='Parentheses'>(</span><span class='Keyword'>long</span><span class='Parentheses'>)</span><span class='Number'>1</span><span class='Delimiter'>,</span><span class='Keyword'>sizeof</span><span class='Parentheses'>(</span><span class='Keyword'>int</span><span class='Parentheses'>)</span><span class='Delimiter'>, </span><a href="../../include/ecpgtype.h.html#LN61"><span class='Ref_to_EnumConst'>ECPGt_EOIT</span></a><span class='Delimiter'>, </span><a href="../../include/ecpgtype.h.html#LN62"><span class='Ref_to_EnumConst'>ECPGt_EORT</span></a><span class='Parentheses'>)</span><span class='Delimiter'>;} 
</span>#line <span class='Number'>27</span> <span class='String'>"indicators.pgc"</span> 
 
    <a href="sql-indicators.c.html#LN103"><span class='Ref_To_Local'>nullind</span></a> <span class='Operator'>= </span><span class='Number'>0</span><span class='Delimiter'>; 
</span>    <span class='Delimiter'>{ </span><a href="../../include/ecpglib.h.html#LN51"><span class='Ref_to_Proto'>ECPGdo</span></a><span class='Parentheses'>(</span>__LINE__<span class='Delimiter'>, </span><span class='Number'>0</span><span class='Delimiter'>, </span><span class='Number'>1</span><span class='Delimiter'>, </span><span class='Null_Value'>NULL</span><span class='Delimiter'>, </span><span class='Number'>0</span><span class='Delimiter'>, </span><a href="../../include/ecpgtype.h.html#LN95"><span class='Ref_to_EnumConst'>ECPGst_normal</span></a><span class='Delimiter'>, </span><span class='String'>"insert into indicator_test ( id , str , val ) values ( 3 , 'Good evening' , $1  )"</span><span class='Delimiter'>,</span>  
    <a href="../../include/ecpgtype.h.html#LN43"><span class='Ref_to_EnumConst'>ECPGt_int</span></a><span class='Delimiter'>,</span><span class='Operator'>&</span><span class='Parentheses'>(</span><a href="sql-indicators.c.html#LN100"><span class='Ref_To_Local'>intvar</span></a><span class='Parentheses'>)</span><span class='Delimiter'>,</span><span class='Parentheses'>(</span><span class='Keyword'>long</span><span class='Parentheses'>)</span><span class='Number'>1</span><span class='Delimiter'>,</span><span class='Parentheses'>(</span><span class='Keyword'>long</span><span class='Parentheses'>)</span><span class='Number'>1</span><span class='Delimiter'>,</span><span class='Keyword'>sizeof</span><span class='Parentheses'>(</span><span class='Keyword'>int</span><span class='Parentheses'>)</span><span class='Delimiter'>,</span>  
    <a href="../../include/ecpgtype.h.html#LN43"><span class='Ref_to_EnumConst'>ECPGt_int</span></a><span class='Delimiter'>,</span><span class='Operator'>&</span><span class='Parentheses'>(</span><a href="sql-indicators.c.html#LN103"><span class='Ref_To_Local'>nullind</span></a><span class='Parentheses'>)</span><span class='Delimiter'>,</span><span class='Parentheses'>(</span><span class='Keyword'>long</span><span class='Parentheses'>)</span><span class='Number'>1</span><span class='Delimiter'>,</span><span class='Parentheses'>(</span><span class='Keyword'>long</span><span class='Parentheses'>)</span><span class='Number'>1</span><span class='Delimiter'>,</span><span class='Keyword'>sizeof</span><span class='Parentheses'>(</span><span class='Keyword'>int</span><span class='Parentheses'>)</span><span class='Delimiter'>, </span><a href="../../include/ecpgtype.h.html#LN61"><span class='Ref_to_EnumConst'>ECPGt_EOIT</span></a><span class='Delimiter'>, </span><a href="../../include/ecpgtype.h.html#LN62"><span class='Ref_to_EnumConst'>ECPGt_EORT</span></a><span class='Parentheses'>)</span><span class='Delimiter'>;} 
</span>#line <span class='Number'>29</span> <span class='String'>"indicators.pgc"</span> 
 
    <span class='Delimiter'>{ </span><a href="../../include/ecpglib.h.html#LN52"><span class='Ref_to_Proto'>ECPGtrans</span></a><span class='Parentheses'>(</span>__LINE__<span class='Delimiter'>, </span><span class='Null_Value'>NULL</span><span class='Delimiter'>, </span><span class='String'>"commit work"</span><span class='Parentheses'>)</span><span class='Delimiter'>;} 
</span>#line <span class='Number'>30</span> <span class='String'>"indicators.pgc"</span> 
 
 
    <span class='Comment_Multi_Line'>/* use indicators to get information about selects */ 
</span>    <span class='Delimiter'>{ </span><a href="../../include/ecpglib.h.html#LN51"><span class='Ref_to_Proto'>ECPGdo</span></a><span class='Parentheses'>(</span>__LINE__<span class='Delimiter'>, </span><span class='Number'>0</span><span class='Delimiter'>, </span><span class='Number'>1</span><span class='Delimiter'>, </span><span class='Null_Value'>NULL</span><span class='Delimiter'>, </span><span class='Number'>0</span><span class='Delimiter'>, </span><a href="../../include/ecpgtype.h.html#LN95"><span class='Ref_to_EnumConst'>ECPGst_normal</span></a><span class='Delimiter'>, </span><span class='String'>"select val from indicator_test where id = 1"</span><span class='Delimiter'>, </span><a href="../../include/ecpgtype.h.html#LN61"><span class='Ref_to_EnumConst'>ECPGt_EOIT</span></a><span class='Delimiter'>,</span>  
    <a href="../../include/ecpgtype.h.html#LN43"><span class='Ref_to_EnumConst'>ECPGt_int</span></a><span class='Delimiter'>,</span><span class='Operator'>&</span><span class='Parentheses'>(</span><a href="sql-indicators.c.html#LN100"><span class='Ref_To_Local'>intvar</span></a><span class='Parentheses'>)</span><span class='Delimiter'>,</span><span class='Parentheses'>(</span><span class='Keyword'>long</span><span class='Parentheses'>)</span><span class='Number'>1</span><span class='Delimiter'>,</span><span class='Parentheses'>(</span><span class='Keyword'>long</span><span class='Parentheses'>)</span><span class='Number'>1</span><span class='Delimiter'>,</span><span class='Keyword'>sizeof</span><span class='Parentheses'>(</span><span class='Keyword'>int</span><span class='Parentheses'>)</span><span class='Delimiter'>,</span>  
    <a href="../../include/ecpgtype.h.html#LN63"><span class='Ref_to_EnumConst'>ECPGt_NO_INDICATOR</span></a><span class='Delimiter'>, </span><span class='Null_Value'>NULL </span><span class='Delimiter'>, </span><span class='Number'>0L</span><span class='Delimiter'>, </span><span class='Number'>0L</span><span class='Delimiter'>, </span><span class='Number'>0L</span><span class='Delimiter'>, </span><a href="../../include/ecpgtype.h.html#LN62"><span class='Ref_to_EnumConst'>ECPGt_EORT</span></a><span class='Parentheses'>)</span><span class='Delimiter'>;} 
</span>#line <span class='Number'>33</span> <span class='String'>"indicators.pgc"</span> 
 
    <span class='Delimiter'>{ </span><a href="../../include/ecpglib.h.html#LN51"><span class='Ref_to_Proto'>ECPGdo</span></a><span class='Parentheses'>(</span>__LINE__<span class='Delimiter'>, </span><span class='Number'>0</span><span class='Delimiter'>, </span><span class='Number'>1</span><span class='Delimiter'>, </span><span class='Null_Value'>NULL</span><span class='Delimiter'>, </span><span class='Number'>0</span><span class='Delimiter'>, </span><a href="../../include/ecpgtype.h.html#LN95"><span class='Ref_to_EnumConst'>ECPGst_normal</span></a><span class='Delimiter'>, </span><span class='String'>"select val from indicator_test where id = 2"</span><span class='Delimiter'>, </span><a href="../../include/ecpgtype.h.html#LN61"><span class='Ref_to_EnumConst'>ECPGt_EOIT</span></a><span class='Delimiter'>,</span>  
    <a href="../../include/ecpgtype.h.html#LN43"><span class='Ref_to_EnumConst'>ECPGt_int</span></a><span class='Delimiter'>,</span><span class='Operator'>&</span><span class='Parentheses'>(</span><a href="sql-indicators.c.html#LN100"><span class='Ref_To_Local'>intvar</span></a><span class='Parentheses'>)</span><span class='Delimiter'>,</span><span class='Parentheses'>(</span><span class='Keyword'>long</span><span class='Parentheses'>)</span><span class='Number'>1</span><span class='Delimiter'>,</span><span class='Parentheses'>(</span><span class='Keyword'>long</span><span class='Parentheses'>)</span><span class='Number'>1</span><span class='Delimiter'>,</span><span class='Keyword'>sizeof</span><span class='Parentheses'>(</span><span class='Keyword'>int</span><span class='Parentheses'>)</span><span class='Delimiter'>,</span>  
    <a href="../../include/ecpgtype.h.html#LN43"><span class='Ref_to_EnumConst'>ECPGt_int</span></a><span class='Delimiter'>,</span><span class='Operator'>&</span><span class='Parentheses'>(</span><a href="sql-indicators.c.html#LN103"><span class='Ref_To_Local'>nullind</span></a><span class='Parentheses'>)</span><span class='Delimiter'>,</span><span class='Parentheses'>(</span><span class='Keyword'>long</span><span class='Parentheses'>)</span><span class='Number'>1</span><span class='Delimiter'>,</span><span class='Parentheses'>(</span><span class='Keyword'>long</span><span class='Parentheses'>)</span><span class='Number'>1</span><span class='Delimiter'>,</span><span class='Keyword'>sizeof</span><span class='Parentheses'>(</span><span class='Keyword'>int</span><span class='Parentheses'>)</span><span class='Delimiter'>, </span><a href="../../include/ecpgtype.h.html#LN62"><span class='Ref_to_EnumConst'>ECPGt_EORT</span></a><span class='Parentheses'>)</span><span class='Delimiter'>;} 
</span>#line <span class='Number'>34</span> <span class='String'>"indicators.pgc"</span> 
 
    <a href="../../../../include/port.h.html#LN173"><span class='Ref_to_Macro'>printf</span></a><span class='Parentheses'>(</span><span class='String'>"intvar: %d, nullind: %d\n"</span><span class='Delimiter'>, </span><a href="sql-indicators.c.html#LN100"><span class='Ref_To_Local'>intvar</span></a><span class='Delimiter'>, </span><a href="sql-indicators.c.html#LN103"><span class='Ref_To_Local'>nullind</span></a><span class='Parentheses'>)</span><span class='Delimiter'>; 
</span>    <span class='Delimiter'>{ </span><a href="../../include/ecpglib.h.html#LN51"><span class='Ref_to_Proto'>ECPGdo</span></a><span class='Parentheses'>(</span>__LINE__<span class='Delimiter'>, </span><span class='Number'>0</span><span class='Delimiter'>, </span><span class='Number'>1</span><span class='Delimiter'>, </span><span class='Null_Value'>NULL</span><span class='Delimiter'>, </span><span class='Number'>0</span><span class='Delimiter'>, </span><a href="../../include/ecpgtype.h.html#LN95"><span class='Ref_to_EnumConst'>ECPGst_normal</span></a><span class='Delimiter'>, </span><span class='String'>"select val from indicator_test where id = 3"</span><span class='Delimiter'>, </span><a href="../../include/ecpgtype.h.html#LN61"><span class='Ref_to_EnumConst'>ECPGt_EOIT</span></a><span class='Delimiter'>,</span>  
    <a href="../../include/ecpgtype.h.html#LN43"><span class='Ref_to_EnumConst'>ECPGt_int</span></a><span class='Delimiter'>,</span><span class='Operator'>&</span><span class='Parentheses'>(</span><a href="sql-indicators.c.html#LN100"><span class='Ref_To_Local'>intvar</span></a><span class='Parentheses'>)</span><span class='Delimiter'>,</span><span class='Parentheses'>(</span><span class='Keyword'>long</span><span class='Parentheses'>)</span><span class='Number'>1</span><span class='Delimiter'>,</span><span class='Parentheses'>(</span><span class='Keyword'>long</span><span class='Parentheses'>)</span><span class='Number'>1</span><span class='Delimiter'>,</span><span class='Keyword'>sizeof</span><span class='Parentheses'>(</span><span class='Keyword'>int</span><span class='Parentheses'>)</span><span class='Delimiter'>,</span>  
    <a href="../../include/ecpgtype.h.html#LN43"><span class='Ref_to_EnumConst'>ECPGt_int</span></a><span class='Delimiter'>,</span><span class='Operator'>&</span><span class='Parentheses'>(</span><a href="sql-indicators.c.html#LN103"><span class='Ref_To_Local'>nullind</span></a><span class='Parentheses'>)</span><span class='Delimiter'>,</span><span class='Parentheses'>(</span><span class='Keyword'>long</span><span class='Parentheses'>)</span><span class='Number'>1</span><span class='Delimiter'>,</span><span class='Parentheses'>(</span><span class='Keyword'>long</span><span class='Parentheses'>)</span><span class='Number'>1</span><span class='Delimiter'>,</span><span class='Keyword'>sizeof</span><span class='Parentheses'>(</span><span class='Keyword'>int</span><span class='Parentheses'>)</span><span class='Delimiter'>, </span><a href="../../include/ecpgtype.h.html#LN62"><span class='Ref_to_EnumConst'>ECPGt_EORT</span></a><span class='Parentheses'>)</span><span class='Delimiter'>;} 
</span>#line <span class='Number'>36</span> <span class='String'>"indicators.pgc"</span> 
 
    <a href="../../../../include/port.h.html#LN173"><span class='Ref_to_Macro'>printf</span></a><span class='Parentheses'>(</span><span class='String'>"intvar: %d, nullind: %d\n"</span><span class='Delimiter'>, </span><a href="sql-indicators.c.html#LN100"><span class='Ref_To_Local'>intvar</span></a><span class='Delimiter'>, </span><a href="sql-indicators.c.html#LN103"><span class='Ref_To_Local'>nullind</span></a><span class='Parentheses'>)</span><span class='Delimiter'>; 
</span> 
    <span class='Comment_Multi_Line'>/* use indicators for update */ 
</span>    <a href="sql-indicators.c.html#LN100"><span class='Ref_To_Local'>intvar</span></a> <span class='Operator'>= </span><span class='Number'>5</span><span class='Delimiter'>; </span><a href="sql-indicators.c.html#LN103"><span class='Ref_To_Local'>nullind</span></a> <span class='Operator'>= -</span><span class='Number'>1</span><span class='Delimiter'>; 
</span>    <span class='Delimiter'>{ </span><a href="../../include/ecpglib.h.html#LN51"><span class='Ref_to_Proto'>ECPGdo</span></a><span class='Parentheses'>(</span>__LINE__<span class='Delimiter'>, </span><span class='Number'>0</span><span class='Delimiter'>, </span><span class='Number'>1</span><span class='Delimiter'>, </span><span class='Null_Value'>NULL</span><span class='Delimiter'>, </span><span class='Number'>0</span><span class='Delimiter'>, </span><a href="../../include/ecpgtype.h.html#LN95"><span class='Ref_to_EnumConst'>ECPGst_normal</span></a><span class='Delimiter'>, </span><span class='String'>"update indicator_test set val = $1  where id = 1"</span><span class='Delimiter'>,</span>  
    <a href="../../include/ecpgtype.h.html#LN43"><span class='Ref_to_EnumConst'>ECPGt_int</span></a><span class='Delimiter'>,</span><span class='Operator'>&</span><span class='Parentheses'>(</span><a href="sql-indicators.c.html#LN100"><span class='Ref_To_Local'>intvar</span></a><span class='Parentheses'>)</span><span class='Delimiter'>,</span><span class='Parentheses'>(</span><span class='Keyword'>long</span><span class='Parentheses'>)</span><span class='Number'>1</span><span class='Delimiter'>,</span><span class='Parentheses'>(</span><span class='Keyword'>long</span><span class='Parentheses'>)</span><span class='Number'>1</span><span class='Delimiter'>,</span><span class='Keyword'>sizeof</span><span class='Parentheses'>(</span><span class='Keyword'>int</span><span class='Parentheses'>)</span><span class='Delimiter'>,</span>  
    <a href="../../include/ecpgtype.h.html#LN43"><span class='Ref_to_EnumConst'>ECPGt_int</span></a><span class='Delimiter'>,</span><span class='Operator'>&</span><span class='Parentheses'>(</span><a href="sql-indicators.c.html#LN103"><span class='Ref_To_Local'>nullind</span></a><span class='Parentheses'>)</span><span class='Delimiter'>,</span><span class='Parentheses'>(</span><span class='Keyword'>long</span><span class='Parentheses'>)</span><span class='Number'>1</span><span class='Delimiter'>,</span><span class='Parentheses'>(</span><span class='Keyword'>long</span><span class='Parentheses'>)</span><span class='Number'>1</span><span class='Delimiter'>,</span><span class='Keyword'>sizeof</span><span class='Parentheses'>(</span><span class='Keyword'>int</span><span class='Parentheses'>)</span><span class='Delimiter'>, </span><a href="../../include/ecpgtype.h.html#LN61"><span class='Ref_to_EnumConst'>ECPGt_EOIT</span></a><span class='Delimiter'>, </span><a href="../../include/ecpgtype.h.html#LN62"><span class='Ref_to_EnumConst'>ECPGt_EORT</span></a><span class='Parentheses'>)</span><span class='Delimiter'>;} 
</span>#line <span class='Number'>41</span> <span class='String'>"indicators.pgc"</span> 
 
    <span class='Delimiter'>{ </span><a href="../../include/ecpglib.h.html#LN51"><span class='Ref_to_Proto'>ECPGdo</span></a><span class='Parentheses'>(</span>__LINE__<span class='Delimiter'>, </span><span class='Number'>0</span><span class='Delimiter'>, </span><span class='Number'>1</span><span class='Delimiter'>, </span><span class='Null_Value'>NULL</span><span class='Delimiter'>, </span><span class='Number'>0</span><span class='Delimiter'>, </span><a href="../../include/ecpgtype.h.html#LN95"><span class='Ref_to_EnumConst'>ECPGst_normal</span></a><span class='Delimiter'>, </span><span class='String'>"select val from indicator_test where id = 1"</span><span class='Delimiter'>, </span><a href="../../include/ecpgtype.h.html#LN61"><span class='Ref_to_EnumConst'>ECPGt_EOIT</span></a><span class='Delimiter'>,</span>  
    <a href="../../include/ecpgtype.h.html#LN43"><span class='Ref_to_EnumConst'>ECPGt_int</span></a><span class='Delimiter'>,</span><span class='Operator'>&</span><span class='Parentheses'>(</span><a href="sql-indicators.c.html#LN100"><span class='Ref_To_Local'>intvar</span></a><span class='Parentheses'>)</span><span class='Delimiter'>,</span><span class='Parentheses'>(</span><span class='Keyword'>long</span><span class='Parentheses'>)</span><span class='Number'>1</span><span class='Delimiter'>,</span><span class='Parentheses'>(</span><span class='Keyword'>long</span><span class='Parentheses'>)</span><span class='Number'>1</span><span class='Delimiter'>,</span><span class='Keyword'>sizeof</span><span class='Parentheses'>(</span><span class='Keyword'>int</span><span class='Parentheses'>)</span><span class='Delimiter'>,</span>  
    <a href="../../include/ecpgtype.h.html#LN43"><span class='Ref_to_EnumConst'>ECPGt_int</span></a><span class='Delimiter'>,</span><span class='Operator'>&</span><span class='Parentheses'>(</span><a href="sql-indicators.c.html#LN103"><span class='Ref_To_Local'>nullind</span></a><span class='Parentheses'>)</span><span class='Delimiter'>,</span><span class='Parentheses'>(</span><span class='Keyword'>long</span><span class='Parentheses'>)</span><span class='Number'>1</span><span class='Delimiter'>,</span><span class='Parentheses'>(</span><span class='Keyword'>long</span><span class='Parentheses'>)</span><span class='Number'>1</span><span class='Delimiter'>,</span><span class='Keyword'>sizeof</span><span class='Parentheses'>(</span><span class='Keyword'>int</span><span class='Parentheses'>)</span><span class='Delimiter'>, </span><a href="../../include/ecpgtype.h.html#LN62"><span class='Ref_to_EnumConst'>ECPGt_EORT</span></a><span class='Parentheses'>)</span><span class='Delimiter'>;} 
</span>#line <span class='Number'>42</span> <span class='String'>"indicators.pgc"</span> 
 
    <a href="../../../../include/port.h.html#LN173"><span class='Ref_to_Macro'>printf</span></a><span class='Parentheses'>(</span><span class='String'>"intvar: %d, nullind: %d\n"</span><span class='Delimiter'>, </span><a href="sql-indicators.c.html#LN100"><span class='Ref_To_Local'>intvar</span></a><span class='Delimiter'>, </span><a href="sql-indicators.c.html#LN103"><span class='Ref_To_Local'>nullind</span></a><span class='Parentheses'>)</span><span class='Delimiter'>; 
</span> 
    <span class='Delimiter'>{ </span><a href="../../include/ecpglib.h.html#LN51"><span class='Ref_to_Proto'>ECPGdo</span></a><span class='Parentheses'>(</span>__LINE__<span class='Delimiter'>, </span><span class='Number'>0</span><span class='Delimiter'>, </span><span class='Number'>1</span><span class='Delimiter'>, </span><span class='Null_Value'>NULL</span><span class='Delimiter'>, </span><span class='Number'>0</span><span class='Delimiter'>, </span><a href="../../include/ecpgtype.h.html#LN95"><span class='Ref_to_EnumConst'>ECPGst_normal</span></a><span class='Delimiter'>, </span><span class='String'>"drop table indicator_test"</span><span class='Delimiter'>, </span><a href="../../include/ecpgtype.h.html#LN61"><span class='Ref_to_EnumConst'>ECPGt_EOIT</span></a><span class='Delimiter'>, </span><a href="../../include/ecpgtype.h.html#LN62"><span class='Ref_to_EnumConst'>ECPGt_EORT</span></a><span class='Parentheses'>)</span><span class='Delimiter'>;} 
</span>#line <span class='Number'>45</span> <span class='String'>"indicators.pgc"</span> 
 
    <span class='Delimiter'>{ </span><a href="../../include/ecpglib.h.html#LN52"><span class='Ref_to_Proto'>ECPGtrans</span></a><span class='Parentheses'>(</span>__LINE__<span class='Delimiter'>, </span><span class='Null_Value'>NULL</span><span class='Delimiter'>, </span><span class='String'>"commit work"</span><span class='Parentheses'>)</span><span class='Delimiter'>;} 
</span>#line <span class='Number'>46</span> <span class='String'>"indicators.pgc"</span> 
 
 
    <span class='Delimiter'>{ </span><a href="../../include/ecpglib.h.html#LN53"><span class='Ref_to_Proto'>ECPGdisconnect</span></a><span class='Parentheses'>(</span>__LINE__<span class='Delimiter'>, </span><span class='String'>"CURRENT"</span><span class='Parentheses'>)</span><span class='Delimiter'>;} 
</span>#line <span class='Number'>48</span> <span class='String'>"indicators.pgc"</span> 
 
    <span class='Control'>return</span> <span class='Number'>0</span><span class='Delimiter'>; 
}</span><span class='Auto_Annotations'> &laquo; end main &raquo; </span> 
</pre>
<table bgcolor='#c0c0c0' width='100%'><tr><td><a href='../../../../../Contents.html'>Contents</a></td></tr>
</table><hr><p class='blurb' align='center'><a href='http://www.sourceinsight.com'>HTML Created by Source Insight Version 4.00.0084 Built on 2017-02-26</a></p>
</body></html>