<!DOCTYPE html PUBLIC "-//W3C//DTD HTML 4.01 Transitional//EN">
<html>
<head>
<meta name="generator" content="Source Insight Version 4.00.0084 Built on 2017-02-26">
<meta charset='UTF-8' />
<style type='text/css'><!--
TD {background-color: #C0C0C0; font-family: 'Verdana', 'Arial', 'Helvetica', Sans-Serif; font-size: 70%; }
.blurb {font-family: 'Verdana', 'Arial', 'Helvetica', Sans-Serif; font-size: 70%; }
.filename {font-family: 'Verdana', 'Arial', 'Helvetica', Sans-Serif; font-size: 120%; font-weight: bold; }
.dirname {font-family: 'Verdana', 'Arial', 'Helvetica', Sans-Serif; font-size: 100%; font-weight: bold; margin-top: 2.5em;}
--></style>
<title>src\interfaces\ecpg\test\expected\sql-define.c</title>
<LINK REL=StyleSheet HREF="../../../../../C_Cpp_Source_File.css" TYPE='text/css' MEDIA=screen>
</head>
<body bgcolor=#ffffff>
<table bgcolor='#c0c0c0' width='100%'>
<tr><td><p class='filename'><b>src\interfaces\ecpg\test\expected\sql-define.c</b></p></td>
<td align='right'>
Wed Jun 14 08:26:10 2017
</td></tr>
<tr><td><a href='../../../../../Contents.html'>Contents</a></td></tr>
</table>
<pre>
<span class='Comment_Multi_Line'>/* Processed by ecpg (regression mode) */ 
/* These include files are added by the preprocessor */ 
</span><span class='Keyword'>#include </span><span class='String'>&LT;ecpglib.h&GT;</span> 
<span class='Keyword'>#include </span><span class='String'>&LT;ecpgerrno.h&GT;</span> 
<span class='Keyword'>#include </span><span class='String'>&LT;sqlca.h&GT;</span> 
<span class='Comment_Multi_Line'>/* End of automatic include section */ 
</span><a name="LN6"></a><span class='Keyword'>#define </span><span class='Declare_Macro'>ECPGdebug</span><span class='Parentheses'>(</span><span class='Declare_Parameter'>X</span><span class='Delimiter'>,</span><span class='Declare_Parameter'>Y</span><span class='Parentheses'>) </span><a href="sql-define.c.html#LN6"><span class='Ref_to_Macro'>ECPGdebug</span></a><span class='Parentheses'>((</span><a href="sql-define.c.html#LN6"><span class='Ref_to_Parameter'>X</span></a><span class='Parentheses'>)</span><span class='Operator'>+</span><span class='Number'>100</span><span class='Delimiter'>,</span><span class='Parentheses'>(</span><a href="sql-define.c.html#LN6"><span class='Ref_to_Parameter'>Y</span></a><span class='Parentheses'>))</span> 
 
#line <span class='Number'>1</span> <span class='String'>"define.pgc"</span> 
 
#line <span class='Number'>1</span> <span class='String'>"sqlca.h"</span> 
<span class='Directive'>#ifndef</span> <a href="../../include/sqlca.h.html#LN1"><span class='Ref_to_Const'>POSTGRES_SQLCA_H</span></a> 
<a name="LN12"></a><span class='Keyword'>#define </span><span class='Declare_Constant'>POSTGRES_SQLCA_H</span> 
 
<span class='Directive'>#ifndef</span> <a href="../../include/sqlca.h.html#LN5"><span class='Ref_to_Const'>PGDLLIMPORT</span></a> 
<span class='Directive'>#if</span>  defined<span class='Parentheses'>(</span><a href="../../../../include/c.h.html#LN61"><span class='Ref_to_Const'>WIN32</span></a><span class='Parentheses'>) </span><span class='Operator'>|| </span>defined<span class='Parentheses'>(</span>__CYGWIN__<span class='Parentheses'>) 
</span><a name="LN16"></a><span class='Keyword'>#define </span><span class='Declare_Constant'>PGDLLIMPORT</span> __declspec <span class='Parentheses'>(</span>dllimport<span class='Parentheses'>) 
</span><span class='Directive'>#else</span> 
<a name="LN18"></a><span class='Keyword'>#define </span><span class='Declare_Constant'>PGDLLIMPORT</span> 
<span class='Directive'>#endif</span>   <span class='Comment_Single_Line'>/* __CYGWIN__ */ 
</span><span class='Directive'>#endif</span>   <span class='Comment_Single_Line'>/* PGDLLIMPORT */ 
</span> 
<a name="LN22"></a><span class='Keyword'>#define </span><span class='Declare_Constant'>SQLERRMC_LEN</span>    <span class='Number'>150</span> 
 
<span class='Directive'>#ifdef</span> __cplusplus 
<span class='Keyword'>extern</span>      <span class='String'>"C"</span> 
<span class='Delimiter'>{ 
</span><span class='Directive'>#endif</span> 
 
<a name="LN29"></a><span class='Control'>struct</span> <span class='Declare_Struct'>sqlca_t</span> 
<span class='Delimiter'>{ 
</span><a name="LN31"></a>    <span class='Keyword'>char</span>        <span class='Declare_Member'>sqlcaid</span><span class='Delimiter'>[</span><span class='Number'>8</span><span class='Delimiter'>]; 
</span><a name="LN32"></a>    <span class='Keyword'>long</span>        <span class='Declare_Member'>sqlabc</span><span class='Delimiter'>; 
</span><a name="LN33"></a>    <span class='Keyword'>long</span>        <span class='Declare_Member'>sqlcode</span><span class='Delimiter'>; 
</span>    <span class='Control'>struct</span> 
    <span class='Delimiter'>{ 
</span><a name="LN36"></a>        <span class='Keyword'>int</span>         <span class='Declare_Member'>sqlerrml</span><span class='Delimiter'>; 
</span><a name="LN37"></a>        <span class='Keyword'>char</span>        <span class='Declare_Member'>sqlerrmc</span><span class='Delimiter'>[</span><a href="../../include/sqlca.h.html#LN11"><span class='Ref_to_Const'>SQLERRMC_LEN</span></a><span class='Delimiter'>]; 
</span><a name="LN38"></a>    <span class='Delimiter'>}</span>           <span class='Declare_Member'>sqlerrm</span><span class='Delimiter'>; 
</span><a name="LN39"></a>    <span class='Keyword'>char</span>        <span class='Declare_Member'>sqlerrp</span><span class='Delimiter'>[</span><span class='Number'>8</span><span class='Delimiter'>]; 
</span><a name="LN40"></a>    <span class='Keyword'>long</span>        <span class='Declare_Member'>sqlerrd</span><span class='Delimiter'>[</span><span class='Number'>6</span><span class='Delimiter'>]; 
</span>    <span class='Comment_Multi_Line'>/* Element 0: empty                     */ 
</span>    <span class='Comment_Multi_Line'>/* 1: OID of processed tuple if applicable          */ 
</span>    <span class='Comment_Multi_Line'>/* 2: number of rows processed              */ 
</span>    <span class='Comment_Multi_Line'>/* after an INSERT, UPDATE or               */ 
</span>    <span class='Comment_Multi_Line'>/* DELETE statement                 */ 
</span>    <span class='Comment_Multi_Line'>/* 3: empty                     */ 
</span>    <span class='Comment_Multi_Line'>/* 4: empty                     */ 
</span>    <span class='Comment_Multi_Line'>/* 5: empty                     */ 
</span><a name="LN49"></a>    <span class='Keyword'>char</span>        <span class='Declare_Member'>sqlwarn</span><span class='Delimiter'>[</span><span class='Number'>8</span><span class='Delimiter'>]; 
</span>    <span class='Comment_Multi_Line'>/* Element 0: set to 'W' if at least one other is 'W'   */ 
</span>    <span class='Comment_Multi_Line'>/* 1: if 'W' at least one character string      */ 
</span>    <span class='Comment_Multi_Line'>/* value was truncated when it was          */ 
</span>    <span class='Comment_Multi_Line'>/* stored into a host variable.             */ 
</span> 
    <span class='Comment_Multi_Line'>/* 
     * 2: if 'W' a (hopefully) non-fatal notice occurred 
     */ </span><span class='Comment_Single_Line'>/* 3: empty */ 
</span>    <span class='Comment_Multi_Line'>/* 4: empty                     */ 
</span>    <span class='Comment_Multi_Line'>/* 5: empty                     */ 
</span>    <span class='Comment_Multi_Line'>/* 6: empty                     */ 
</span>    <span class='Comment_Multi_Line'>/* 7: empty                     */ 
</span> 
<a name="LN63"></a>    <span class='Keyword'>char</span>        <span class='Declare_Member'>sqlstate</span><span class='Delimiter'>[</span><span class='Number'>5</span><span class='Delimiter'>]; 
}</span><span class='Auto_Annotations'> &laquo; end sqlca_t &raquo; </span><span class='Delimiter'>; 
</span> 
<a name="LN66"></a><span class='Control'>struct</span> <a href="sql-define.c.html#LN29"><span class='Ref_to_Struct'>sqlca_t</span></a> <span class='Operator'>*</span><span class='Declare_Prototype'>ECPGget_sqlca</span><span class='Parentheses'>(</span><span class='Keyword'>void</span><span class='Parentheses'>)</span><span class='Delimiter'>; 
</span> 
<span class='Directive'>#ifndef</span> <a href="../../compatlib/informix.c.html#LN2"><span class='Ref_to_Const'>POSTGRES_ECPG_INTERNAL</span></a> 
<a name="LN69"></a><span class='Keyword'>#define </span><span class='Declare_Constant'>sqlca</span> <span class='Parentheses'>(</span><span class='Operator'>*</span><a href="../../include/sqlca.h.html#LN55"><span class='Ref_to_Proto'>ECPGget_sqlca</span></a><span class='Parentheses'>())</span> 
<span class='Directive'>#endif</span> 
 
<span class='Directive'>#ifdef</span> __cplusplus 
<span class='Delimiter'>} 
</span><span class='Directive'>#endif</span> 
 
<span class='Directive'>#endif</span> 
 
#line <span class='Number'>1</span> <span class='String'>"define.pgc"</span> 
 
 
#line <span class='Number'>1</span> <span class='String'>"regression.h"</span> 
 
 
 
 
 
 
#line <span class='Number'>2</span> <span class='String'>"define.pgc"</span> 
 
 
 
 
 
<a name="LN94"></a><span class='Keyword'>int </span><span class='Declare_Function'>main</span><span class='Parentheses'>(</span><span class='Keyword'>void</span><span class='Parentheses'>) 
</span><span class='Delimiter'>{ 
</span>   <span class='Comment_Multi_Line'>/* exec sql begin declare section */ 
</span>       
       
    
#line <span class='Number'>10</span> <span class='String'>"define.pgc"</span> 
<a name="LN101"></a> <span class='Keyword'>int </span><span class='Declare_Local'>i</span> <span class='Delimiter'>; 
</span>  
#line <span class='Number'>11</span> <span class='String'>"define.pgc"</span> 
<a name="LN104"></a> <span class='Keyword'>char </span><span class='Declare_Local'>s</span> <span class='Delimiter'>[ </span><span class='Number'>200</span> <span class='Delimiter'>] ; 
</span><span class='Comment_Multi_Line'>/* exec sql end declare section */ 
</span>#line <span class='Number'>12</span> <span class='String'>"define.pgc"</span> 
 
 
   <a href="sql-define.c.html#LN6"><span class='Ref_to_Macro'>ECPGdebug</span></a><span class='Parentheses'>(</span><span class='Number'>1</span><span class='Delimiter'>, </span>stderr<span class='Parentheses'>)</span><span class='Delimiter'>; 
</span> 
   <span class='Comment_Multi_Line'>/* exec sql whenever sqlerror  do sqlprint ( ) ; */ 
</span>#line <span class='Number'>16</span> <span class='String'>"define.pgc"</span> 
 
   <span class='Delimiter'>{ </span><a href="../../include/ecpglib.h.html#LN50"><span class='Ref_to_Proto'>ECPGconnect</span></a><span class='Parentheses'>(</span>__LINE__<span class='Delimiter'>, </span><span class='Number'>0</span><span class='Delimiter'>, </span><span class='String'>"ecpg1_regression"</span> <span class='Delimiter'>, </span><span class='Null_Value'>NULL</span><span class='Delimiter'>, </span><span class='Null_Value'>NULL </span><span class='Delimiter'>, </span><span class='Null_Value'>NULL</span><span class='Delimiter'>, </span><span class='Number'>0</span><span class='Parentheses'>)</span><span class='Delimiter'>;</span>  
#line <span class='Number'>17</span> <span class='String'>"define.pgc"</span> 
 
<span class='Control'>if</span> <span class='Parentheses'>(</span><a href="../../include/sqlca.h.html#LN58"><span class='Ref_to_Const'>sqlca</span></a><span class='Operator'>.</span><a href="../../include/sqlca.h.html#LN22"><span class='Ref_to_Member'>sqlcode</span></a> <span class='Operator'>&LT; </span><span class='Number'>0</span><span class='Parentheses'>) </span><a href="../../include/ecpglib.h.html#LN64"><span class='Ref_to_Proto'>sqlprint</span></a> <span class='Parentheses'>( )</span><span class='Delimiter'>;} 
</span>#line <span class='Number'>17</span> <span class='String'>"define.pgc"</span> 
 
 
   <span class='Delimiter'>{ </span><a href="../../include/ecpglib.h.html#LN51"><span class='Ref_to_Proto'>ECPGdo</span></a><span class='Parentheses'>(</span>__LINE__<span class='Delimiter'>, </span><span class='Number'>0</span><span class='Delimiter'>, </span><span class='Number'>1</span><span class='Delimiter'>, </span><span class='Null_Value'>NULL</span><span class='Delimiter'>, </span><span class='Number'>0</span><span class='Delimiter'>, </span><a href="../../include/ecpgtype.h.html#LN95"><span class='Ref_to_EnumConst'>ECPGst_normal</span></a><span class='Delimiter'>, </span><span class='String'>"create table test ( a int , b text )"</span><span class='Delimiter'>, </span><a href="../../include/ecpgtype.h.html#LN61"><span class='Ref_to_EnumConst'>ECPGt_EOIT</span></a><span class='Delimiter'>, </span><a href="../../include/ecpgtype.h.html#LN62"><span class='Ref_to_EnumConst'>ECPGt_EORT</span></a><span class='Parentheses'>)</span><span class='Delimiter'>; 
</span>#line <span class='Number'>19</span> <span class='String'>"define.pgc"</span> 
 
<span class='Control'>if</span> <span class='Parentheses'>(</span><a href="../../include/sqlca.h.html#LN58"><span class='Ref_to_Const'>sqlca</span></a><span class='Operator'>.</span><a href="../../include/sqlca.h.html#LN22"><span class='Ref_to_Member'>sqlcode</span></a> <span class='Operator'>&LT; </span><span class='Number'>0</span><span class='Parentheses'>) </span><a href="../../include/ecpglib.h.html#LN64"><span class='Ref_to_Proto'>sqlprint</span></a> <span class='Parentheses'>( )</span><span class='Delimiter'>;} 
</span>#line <span class='Number'>19</span> <span class='String'>"define.pgc"</span> 
 
   <span class='Delimiter'>{ </span><a href="../../include/ecpglib.h.html#LN51"><span class='Ref_to_Proto'>ECPGdo</span></a><span class='Parentheses'>(</span>__LINE__<span class='Delimiter'>, </span><span class='Number'>0</span><span class='Delimiter'>, </span><span class='Number'>1</span><span class='Delimiter'>, </span><span class='Null_Value'>NULL</span><span class='Delimiter'>, </span><span class='Number'>0</span><span class='Delimiter'>, </span><a href="../../include/ecpgtype.h.html#LN95"><span class='Ref_to_EnumConst'>ECPGst_normal</span></a><span class='Delimiter'>, </span><span class='String'>"insert into test values ( 29 , 'abcdef' )"</span><span class='Delimiter'>, </span><a href="../../include/ecpgtype.h.html#LN61"><span class='Ref_to_EnumConst'>ECPGt_EOIT</span></a><span class='Delimiter'>, </span><a href="../../include/ecpgtype.h.html#LN62"><span class='Ref_to_EnumConst'>ECPGt_EORT</span></a><span class='Parentheses'>)</span><span class='Delimiter'>; 
</span>#line <span class='Number'>20</span> <span class='String'>"define.pgc"</span> 
 
<span class='Control'>if</span> <span class='Parentheses'>(</span><a href="../../include/sqlca.h.html#LN58"><span class='Ref_to_Const'>sqlca</span></a><span class='Operator'>.</span><a href="../../include/sqlca.h.html#LN22"><span class='Ref_to_Member'>sqlcode</span></a> <span class='Operator'>&LT; </span><span class='Number'>0</span><span class='Parentheses'>) </span><a href="../../include/ecpglib.h.html#LN64"><span class='Ref_to_Proto'>sqlprint</span></a> <span class='Parentheses'>( )</span><span class='Delimiter'>;} 
</span>#line <span class='Number'>20</span> <span class='String'>"define.pgc"</span> 
 
 
    
   <span class='Delimiter'>{ </span><a href="../../include/ecpglib.h.html#LN51"><span class='Ref_to_Proto'>ECPGdo</span></a><span class='Parentheses'>(</span>__LINE__<span class='Delimiter'>, </span><span class='Number'>0</span><span class='Delimiter'>, </span><span class='Number'>1</span><span class='Delimiter'>, </span><span class='Null_Value'>NULL</span><span class='Delimiter'>, </span><span class='Number'>0</span><span class='Delimiter'>, </span><a href="../../include/ecpgtype.h.html#LN95"><span class='Ref_to_EnumConst'>ECPGst_normal</span></a><span class='Delimiter'>, </span><span class='String'>"insert into test values ( null , 'defined' )"</span><span class='Delimiter'>, </span><a href="../../include/ecpgtype.h.html#LN61"><span class='Ref_to_EnumConst'>ECPGt_EOIT</span></a><span class='Delimiter'>, </span><a href="../../include/ecpgtype.h.html#LN62"><span class='Ref_to_EnumConst'>ECPGt_EORT</span></a><span class='Parentheses'>)</span><span class='Delimiter'>; 
</span>#line <span class='Number'>23</span> <span class='String'>"define.pgc"</span> 
 
<span class='Control'>if</span> <span class='Parentheses'>(</span><a href="../../include/sqlca.h.html#LN58"><span class='Ref_to_Const'>sqlca</span></a><span class='Operator'>.</span><a href="../../include/sqlca.h.html#LN22"><span class='Ref_to_Member'>sqlcode</span></a> <span class='Operator'>&LT; </span><span class='Number'>0</span><span class='Parentheses'>) </span><a href="../../include/ecpglib.h.html#LN64"><span class='Ref_to_Proto'>sqlprint</span></a> <span class='Parentheses'>( )</span><span class='Delimiter'>;} 
</span>#line <span class='Number'>23</span> <span class='String'>"define.pgc"</span> 
 
    
 
    
            
    
            
    
   <span class='Delimiter'>{ </span><a href="../../include/ecpglib.h.html#LN51"><span class='Ref_to_Proto'>ECPGdo</span></a><span class='Parentheses'>(</span>__LINE__<span class='Delimiter'>, </span><span class='Number'>0</span><span class='Delimiter'>, </span><span class='Number'>1</span><span class='Delimiter'>, </span><span class='Null_Value'>NULL</span><span class='Delimiter'>, </span><span class='Number'>0</span><span class='Delimiter'>, </span><a href="../../include/ecpgtype.h.html#LN95"><span class='Ref_to_EnumConst'>ECPGst_normal</span></a><span class='Delimiter'>, </span><span class='String'>"insert into test values ( null , 'someothervar not defined' )"</span><span class='Delimiter'>, </span><a href="../../include/ecpgtype.h.html#LN61"><span class='Ref_to_EnumConst'>ECPGt_EOIT</span></a><span class='Delimiter'>, </span><a href="../../include/ecpgtype.h.html#LN62"><span class='Ref_to_EnumConst'>ECPGt_EORT</span></a><span class='Parentheses'>)</span><span class='Delimiter'>; 
</span>#line <span class='Number'>31</span> <span class='String'>"define.pgc"</span> 
 
<span class='Control'>if</span> <span class='Parentheses'>(</span><a href="../../include/sqlca.h.html#LN58"><span class='Ref_to_Const'>sqlca</span></a><span class='Operator'>.</span><a href="../../include/sqlca.h.html#LN22"><span class='Ref_to_Member'>sqlcode</span></a> <span class='Operator'>&LT; </span><span class='Number'>0</span><span class='Parentheses'>) </span><a href="../../include/ecpglib.h.html#LN64"><span class='Ref_to_Proto'>sqlprint</span></a> <span class='Parentheses'>( )</span><span class='Delimiter'>;} 
</span>#line <span class='Number'>31</span> <span class='String'>"define.pgc"</span> 
 
    
 
    
 
   <span class='Delimiter'>{ </span><a href="../../include/ecpglib.h.html#LN51"><span class='Ref_to_Proto'>ECPGdo</span></a><span class='Parentheses'>(</span>__LINE__<span class='Delimiter'>, </span><span class='Number'>0</span><span class='Delimiter'>, </span><span class='Number'>1</span><span class='Delimiter'>, </span><span class='Null_Value'>NULL</span><span class='Delimiter'>, </span><span class='Number'>0</span><span class='Delimiter'>, </span><a href="../../include/ecpgtype.h.html#LN95"><span class='Ref_to_EnumConst'>ECPGst_normal</span></a><span class='Delimiter'>, </span><span class='String'>"select 1 , 29 :: text || '-' || 'abcdef'"</span><span class='Delimiter'>, </span><a href="../../include/ecpgtype.h.html#LN61"><span class='Ref_to_EnumConst'>ECPGt_EOIT</span></a><span class='Delimiter'>,</span>  
    <a href="../../include/ecpgtype.h.html#LN43"><span class='Ref_to_EnumConst'>ECPGt_int</span></a><span class='Delimiter'>,</span><span class='Operator'>&</span><span class='Parentheses'>(</span><a href="sql-define.c.html#LN101"><span class='Ref_To_Local'>i</span></a><span class='Parentheses'>)</span><span class='Delimiter'>,</span><span class='Parentheses'>(</span><span class='Keyword'>long</span><span class='Parentheses'>)</span><span class='Number'>1</span><span class='Delimiter'>,</span><span class='Parentheses'>(</span><span class='Keyword'>long</span><span class='Parentheses'>)</span><span class='Number'>1</span><span class='Delimiter'>,</span><span class='Keyword'>sizeof</span><span class='Parentheses'>(</span><span class='Keyword'>int</span><span class='Parentheses'>)</span><span class='Delimiter'>,</span>  
    <a href="../../include/ecpgtype.h.html#LN63"><span class='Ref_to_EnumConst'>ECPGt_NO_INDICATOR</span></a><span class='Delimiter'>, </span><span class='Null_Value'>NULL </span><span class='Delimiter'>, </span><span class='Number'>0L</span><span class='Delimiter'>, </span><span class='Number'>0L</span><span class='Delimiter'>, </span><span class='Number'>0L</span><span class='Delimiter'>,</span>  
    <a href="../../include/ecpgtype.h.html#LN42"><span class='Ref_to_EnumConst'>ECPGt_char</span></a><span class='Delimiter'>,</span><span class='Parentheses'>(</span><a href="sql-define.c.html#LN104"><span class='Ref_To_Local'>s</span></a><span class='Parentheses'>)</span><span class='Delimiter'>,</span><span class='Parentheses'>(</span><span class='Keyword'>long</span><span class='Parentheses'>)</span><span class='Number'>200</span><span class='Delimiter'>,</span><span class='Parentheses'>(</span><span class='Keyword'>long</span><span class='Parentheses'>)</span><span class='Number'>1</span><span class='Delimiter'>,</span><span class='Parentheses'>(</span><span class='Number'>200</span><span class='Parentheses'>)</span><span class='Operator'>*</span><span class='Keyword'>sizeof</span><span class='Parentheses'>(</span><span class='Keyword'>char</span><span class='Parentheses'>)</span><span class='Delimiter'>,</span>  
    <a href="../../include/ecpgtype.h.html#LN63"><span class='Ref_to_EnumConst'>ECPGt_NO_INDICATOR</span></a><span class='Delimiter'>, </span><span class='Null_Value'>NULL </span><span class='Delimiter'>, </span><span class='Number'>0L</span><span class='Delimiter'>, </span><span class='Number'>0L</span><span class='Delimiter'>, </span><span class='Number'>0L</span><span class='Delimiter'>, </span><a href="../../include/ecpgtype.h.html#LN62"><span class='Ref_to_EnumConst'>ECPGt_EORT</span></a><span class='Parentheses'>)</span><span class='Delimiter'>; 
</span>#line <span class='Number'>36</span> <span class='String'>"define.pgc"</span> 
 
<span class='Control'>if</span> <span class='Parentheses'>(</span><a href="../../include/sqlca.h.html#LN58"><span class='Ref_to_Const'>sqlca</span></a><span class='Operator'>.</span><a href="../../include/sqlca.h.html#LN22"><span class='Ref_to_Member'>sqlcode</span></a> <span class='Operator'>&LT; </span><span class='Number'>0</span><span class='Parentheses'>) </span><a href="../../include/ecpglib.h.html#LN64"><span class='Ref_to_Proto'>sqlprint</span></a> <span class='Parentheses'>( )</span><span class='Delimiter'>;} 
</span>#line <span class='Number'>36</span> <span class='String'>"define.pgc"</span> 
 
 
   <a href="../../../../include/port.h.html#LN173"><span class='Ref_to_Macro'>printf</span></a><span class='Parentheses'>(</span><span class='String'>"i: %d, s: %s\n"</span><span class='Delimiter'>, </span><a href="sql-define.c.html#LN101"><span class='Ref_To_Local'>i</span></a><span class='Delimiter'>, </span><a href="sql-define.c.html#LN104"><span class='Ref_To_Local'>s</span></a><span class='Parentheses'>)</span><span class='Delimiter'>; 
</span> 
    
    
   <span class='Delimiter'>{ </span><a href="../../include/ecpglib.h.html#LN51"><span class='Ref_to_Proto'>ECPGdo</span></a><span class='Parentheses'>(</span>__LINE__<span class='Delimiter'>, </span><span class='Number'>0</span><span class='Delimiter'>, </span><span class='Number'>1</span><span class='Delimiter'>, </span><span class='Null_Value'>NULL</span><span class='Delimiter'>, </span><span class='Number'>0</span><span class='Delimiter'>, </span><a href="../../include/ecpgtype.h.html#LN95"><span class='Ref_to_EnumConst'>ECPGst_normal</span></a><span class='Delimiter'>, </span><span class='String'>"insert into test values ( 29 , 'no string' )"</span><span class='Delimiter'>, </span><a href="../../include/ecpgtype.h.html#LN61"><span class='Ref_to_EnumConst'>ECPGt_EOIT</span></a><span class='Delimiter'>, </span><a href="../../include/ecpgtype.h.html#LN62"><span class='Ref_to_EnumConst'>ECPGt_EORT</span></a><span class='Parentheses'>)</span><span class='Delimiter'>; 
</span>#line <span class='Number'>42</span> <span class='String'>"define.pgc"</span> 
 
<span class='Control'>if</span> <span class='Parentheses'>(</span><a href="../../include/sqlca.h.html#LN58"><span class='Ref_to_Const'>sqlca</span></a><span class='Operator'>.</span><a href="../../include/sqlca.h.html#LN22"><span class='Ref_to_Member'>sqlcode</span></a> <span class='Operator'>&LT; </span><span class='Number'>0</span><span class='Parentheses'>) </span><a href="../../include/ecpglib.h.html#LN64"><span class='Ref_to_Proto'>sqlprint</span></a> <span class='Parentheses'>( )</span><span class='Delimiter'>;} 
</span>#line <span class='Number'>42</span> <span class='String'>"define.pgc"</span> 
 
    
 
     <span class='Comment_Multi_Line'>/* no value */ 
</span>    
 
    
         
    
         
    
   <span class='Delimiter'>{ </span><a href="../../include/ecpglib.h.html#LN51"><span class='Ref_to_Proto'>ECPGdo</span></a><span class='Parentheses'>(</span>__LINE__<span class='Delimiter'>, </span><span class='Number'>0</span><span class='Delimiter'>, </span><span class='Number'>1</span><span class='Delimiter'>, </span><span class='Null_Value'>NULL</span><span class='Delimiter'>, </span><span class='Number'>0</span><span class='Delimiter'>, </span><a href="../../include/ecpgtype.h.html#LN95"><span class='Ref_to_EnumConst'>ECPGst_normal</span></a><span class='Delimiter'>, </span><span class='String'>"set TIMEZONE to 'UTC'"</span><span class='Delimiter'>, </span><a href="../../include/ecpgtype.h.html#LN61"><span class='Ref_to_EnumConst'>ECPGt_EOIT</span></a><span class='Delimiter'>, </span><a href="../../include/ecpgtype.h.html#LN62"><span class='Ref_to_EnumConst'>ECPGt_EORT</span></a><span class='Parentheses'>)</span><span class='Delimiter'>; 
</span>#line <span class='Number'>53</span> <span class='String'>"define.pgc"</span> 
 
<span class='Control'>if</span> <span class='Parentheses'>(</span><a href="../../include/sqlca.h.html#LN58"><span class='Ref_to_Const'>sqlca</span></a><span class='Operator'>.</span><a href="../../include/sqlca.h.html#LN22"><span class='Ref_to_Member'>sqlcode</span></a> <span class='Operator'>&LT; </span><span class='Number'>0</span><span class='Parentheses'>) </span><a href="../../include/ecpglib.h.html#LN64"><span class='Ref_to_Proto'>sqlprint</span></a> <span class='Parentheses'>( )</span><span class='Delimiter'>;} 
</span>#line <span class='Number'>53</span> <span class='String'>"define.pgc"</span> 
 
    
 
   <span class='Delimiter'>{ </span><a href="../../include/ecpglib.h.html#LN53"><span class='Ref_to_Proto'>ECPGdisconnect</span></a><span class='Parentheses'>(</span>__LINE__<span class='Delimiter'>, </span><span class='String'>"CURRENT"</span><span class='Parentheses'>)</span><span class='Delimiter'>; 
</span>#line <span class='Number'>56</span> <span class='String'>"define.pgc"</span> 
 
<span class='Control'>if</span> <span class='Parentheses'>(</span><a href="../../include/sqlca.h.html#LN58"><span class='Ref_to_Const'>sqlca</span></a><span class='Operator'>.</span><a href="../../include/sqlca.h.html#LN22"><span class='Ref_to_Member'>sqlcode</span></a> <span class='Operator'>&LT; </span><span class='Number'>0</span><span class='Parentheses'>) </span><a href="../../include/ecpglib.h.html#LN64"><span class='Ref_to_Proto'>sqlprint</span></a> <span class='Parentheses'>( )</span><span class='Delimiter'>;} 
</span>#line <span class='Number'>56</span> <span class='String'>"define.pgc"</span> 
 
   <span class='Control'>return</span> <span class='Number'>0</span><span class='Delimiter'>; 
}</span><span class='Auto_Annotations'> &laquo; end main &raquo; </span> 
</pre>
<table bgcolor='#c0c0c0' width='100%'><tr><td><a href='../../../../../Contents.html'>Contents</a></td></tr>
</table><hr><p class='blurb' align='center'><a href='http://www.sourceinsight.com'>HTML Created by Source Insight Version 4.00.0084 Built on 2017-02-26</a></p>
</body></html>