<!DOCTYPE html PUBLIC "-//W3C//DTD HTML 4.01 Transitional//EN">
<html>
<head>
<meta name="generator" content="Source Insight Version 4.00.0084 Built on 2017-02-26">
<meta charset='UTF-8' />
<style type='text/css'><!--
TD {background-color: #C0C0C0; font-family: 'Verdana', 'Arial', 'Helvetica', Sans-Serif; font-size: 70%; }
.blurb {font-family: 'Verdana', 'Arial', 'Helvetica', Sans-Serif; font-size: 70%; }
.filename {font-family: 'Verdana', 'Arial', 'Helvetica', Sans-Serif; font-size: 120%; font-weight: bold; }
.dirname {font-family: 'Verdana', 'Arial', 'Helvetica', Sans-Serif; font-size: 100%; font-weight: bold; margin-top: 2.5em;}
--></style>
<title>src\interfaces\ecpg\test\expected\sql-parser.c</title>
<LINK REL=StyleSheet HREF="../../../../../C_Cpp_Source_File.css" TYPE='text/css' MEDIA=screen>
</head>
<body bgcolor=#ffffff>
<table bgcolor='#c0c0c0' width='100%'>
<tr><td><p class='filename'><b>src\interfaces\ecpg\test\expected\sql-parser.c</b></p></td>
<td align='right'>
Wed Jun 14 08:26:10 2017
</td></tr>
<tr><td><a href='../../../../../Contents.html'>Contents</a></td></tr>
</table>
<pre>
<span class='Comment_Multi_Line'>/* Processed by ecpg (regression mode) */ 
/* These include files are added by the preprocessor */ 
</span><span class='Keyword'>#include </span><span class='String'>&LT;ecpglib.h&GT;</span> 
<span class='Keyword'>#include </span><span class='String'>&LT;ecpgerrno.h&GT;</span> 
<span class='Keyword'>#include </span><span class='String'>&LT;sqlca.h&GT;</span> 
<span class='Comment_Multi_Line'>/* End of automatic include section */ 
</span><a name="LN6"></a><span class='Keyword'>#define </span><span class='Declare_Macro'>ECPGdebug</span><span class='Parentheses'>(</span><span class='Declare_Parameter'>X</span><span class='Delimiter'>,</span><span class='Declare_Parameter'>Y</span><span class='Parentheses'>) </span><a href="sql-parser.c.html#LN6"><span class='Ref_to_Macro'>ECPGdebug</span></a><span class='Parentheses'>((</span><a href="sql-parser.c.html#LN6"><span class='Ref_to_Parameter'>X</span></a><span class='Parentheses'>)</span><span class='Operator'>+</span><span class='Number'>100</span><span class='Delimiter'>,</span><span class='Parentheses'>(</span><a href="sql-parser.c.html#LN6"><span class='Ref_to_Parameter'>Y</span></a><span class='Parentheses'>))</span> 
 
#line <span class='Number'>1</span> <span class='String'>"parser.pgc"</span> 
<span class='Keyword'>#include </span><span class='String'>&LT;stdio.h&GT;</span> 
<span class='Keyword'>#include </span><span class='String'>&LT;stdlib.h&GT;</span> 
<span class='Keyword'>#include </span><span class='String'>&LT;string.h&GT;</span> 
 
<span class='Comment_Multi_Line'>/* test parser addition that merges two tokens into one */ 
</span> 
#line <span class='Number'>1</span> <span class='String'>"regression.h"</span> 
 
 
 
 
 
 
#line <span class='Number'>6</span> <span class='String'>"parser.pgc"</span> 
 
 
<a name="LN25"></a><span class='Keyword'>int </span><span class='Declare_Function'>main</span><span class='Parentheses'>() </span><span class='Delimiter'>{ 
</span>  <span class='Comment_Multi_Line'>/* exec sql begin declare section */ 
</span>        
   
#line <span class='Number'>10</span> <span class='String'>"parser.pgc"</span> 
<a name="LN30"></a> <span class='Keyword'>int </span><span class='Declare_Local'>item</span> <span class='Delimiter'>[ </span><span class='Number'>3</span> <span class='Delimiter'>] , </span><span class='Declare_Local'>ind</span> <span class='Delimiter'>[ </span><span class='Number'>3</span> <span class='Delimiter'>] , </span><span class='Declare_Local'>i</span> <span class='Delimiter'>; 
</span><span class='Comment_Multi_Line'>/* exec sql end declare section */ 
</span>#line <span class='Number'>11</span> <span class='String'>"parser.pgc"</span> 
 
 
  <a href="sql-parser.c.html#LN6"><span class='Ref_to_Macro'>ECPGdebug</span></a><span class='Parentheses'>(</span><span class='Number'>1</span><span class='Delimiter'>, </span>stderr<span class='Parentheses'>)</span><span class='Delimiter'>; 
</span>  <span class='Delimiter'>{ </span><a href="../../include/ecpglib.h.html#LN50"><span class='Ref_to_Proto'>ECPGconnect</span></a><span class='Parentheses'>(</span>__LINE__<span class='Delimiter'>, </span><span class='Number'>0</span><span class='Delimiter'>, </span><span class='String'>"ecpg1_regression"</span> <span class='Delimiter'>, </span><span class='Null_Value'>NULL</span><span class='Delimiter'>, </span><span class='Null_Value'>NULL </span><span class='Delimiter'>, </span><span class='Null_Value'>NULL</span><span class='Delimiter'>, </span><span class='Number'>0</span><span class='Parentheses'>)</span><span class='Delimiter'>; } 
</span>#line <span class='Number'>14</span> <span class='String'>"parser.pgc"</span> 
 
 
  <span class='Delimiter'>{ </span><a href="../../include/ecpglib.h.html#LN48"><span class='Ref_to_Proto'>ECPGsetcommit</span></a><span class='Parentheses'>(</span>__LINE__<span class='Delimiter'>, </span><span class='String'>"on"</span><span class='Delimiter'>, </span><span class='Null_Value'>NULL</span><span class='Parentheses'>)</span><span class='Delimiter'>;} 
</span>#line <span class='Number'>16</span> <span class='String'>"parser.pgc"</span> 
 
  <span class='Comment_Multi_Line'>/* exec sql whenever sql_warning  sqlprint ; */ 
</span>#line <span class='Number'>17</span> <span class='String'>"parser.pgc"</span> 
 
  <span class='Comment_Multi_Line'>/* exec sql whenever sqlerror  sqlprint ; */ 
</span>#line <span class='Number'>18</span> <span class='String'>"parser.pgc"</span> 
 
 
  <span class='Delimiter'>{ </span><a href="../../include/ecpglib.h.html#LN51"><span class='Ref_to_Proto'>ECPGdo</span></a><span class='Parentheses'>(</span>__LINE__<span class='Delimiter'>, </span><span class='Number'>0</span><span class='Delimiter'>, </span><span class='Number'>1</span><span class='Delimiter'>, </span><span class='Null_Value'>NULL</span><span class='Delimiter'>, </span><span class='Number'>0</span><span class='Delimiter'>, </span><a href="../../include/ecpgtype.h.html#LN95"><span class='Ref_to_EnumConst'>ECPGst_normal</span></a><span class='Delimiter'>, </span><span class='String'>"create table T ( Item1 int , Item2 int )"</span><span class='Delimiter'>, </span><a href="../../include/ecpgtype.h.html#LN61"><span class='Ref_to_EnumConst'>ECPGt_EOIT</span></a><span class='Delimiter'>, </span><a href="../../include/ecpgtype.h.html#LN62"><span class='Ref_to_EnumConst'>ECPGt_EORT</span></a><span class='Parentheses'>)</span><span class='Delimiter'>; 
</span>#line <span class='Number'>20</span> <span class='String'>"parser.pgc"</span> 
 
<span class='Control'>if</span> <span class='Parentheses'>(</span><a href="../../include/sqlca.h.html#LN58"><span class='Ref_to_Const'>sqlca</span></a><span class='Operator'>.</span><a href="../../include/sqlca.h.html#LN38"><span class='Ref_to_Member'>sqlwarn</span></a><span class='Delimiter'>[</span><span class='Number'>0</span><span class='Delimiter'>] </span><span class='Operator'>== </span><span class='String'>'W'</span><span class='Parentheses'>) </span><a href="../../include/ecpglib.h.html#LN64"><span class='Ref_to_Proto'>sqlprint</span></a><span class='Parentheses'>()</span><span class='Delimiter'>; 
</span>#line <span class='Number'>20</span> <span class='String'>"parser.pgc"</span> 
 
<span class='Control'>if</span> <span class='Parentheses'>(</span><a href="../../include/sqlca.h.html#LN58"><span class='Ref_to_Const'>sqlca</span></a><span class='Operator'>.</span><a href="../../include/sqlca.h.html#LN22"><span class='Ref_to_Member'>sqlcode</span></a> <span class='Operator'>&LT; </span><span class='Number'>0</span><span class='Parentheses'>) </span><a href="../../include/ecpglib.h.html#LN64"><span class='Ref_to_Proto'>sqlprint</span></a><span class='Parentheses'>()</span><span class='Delimiter'>;} 
</span>#line <span class='Number'>20</span> <span class='String'>"parser.pgc"</span> 
 
 
  <span class='Delimiter'>{ </span><a href="../../include/ecpglib.h.html#LN51"><span class='Ref_to_Proto'>ECPGdo</span></a><span class='Parentheses'>(</span>__LINE__<span class='Delimiter'>, </span><span class='Number'>0</span><span class='Delimiter'>, </span><span class='Number'>1</span><span class='Delimiter'>, </span><span class='Null_Value'>NULL</span><span class='Delimiter'>, </span><span class='Number'>0</span><span class='Delimiter'>, </span><a href="../../include/ecpgtype.h.html#LN95"><span class='Ref_to_EnumConst'>ECPGst_normal</span></a><span class='Delimiter'>, </span><span class='String'>"insert into t select 1 , nullif ( y - 1 , 0 ) from generate_series ( 1 , 3 ) with ordinality as series ( x , y )"</span><span class='Delimiter'>, </span><a href="../../include/ecpgtype.h.html#LN61"><span class='Ref_to_EnumConst'>ECPGt_EOIT</span></a><span class='Delimiter'>, </span><a href="../../include/ecpgtype.h.html#LN62"><span class='Ref_to_EnumConst'>ECPGt_EORT</span></a><span class='Parentheses'>)</span><span class='Delimiter'>; 
</span>#line <span class='Number'>24</span> <span class='String'>"parser.pgc"</span> 
 
<span class='Control'>if</span> <span class='Parentheses'>(</span><a href="../../include/sqlca.h.html#LN58"><span class='Ref_to_Const'>sqlca</span></a><span class='Operator'>.</span><a href="../../include/sqlca.h.html#LN38"><span class='Ref_to_Member'>sqlwarn</span></a><span class='Delimiter'>[</span><span class='Number'>0</span><span class='Delimiter'>] </span><span class='Operator'>== </span><span class='String'>'W'</span><span class='Parentheses'>) </span><a href="../../include/ecpglib.h.html#LN64"><span class='Ref_to_Proto'>sqlprint</span></a><span class='Parentheses'>()</span><span class='Delimiter'>; 
</span>#line <span class='Number'>24</span> <span class='String'>"parser.pgc"</span> 
 
<span class='Control'>if</span> <span class='Parentheses'>(</span><a href="../../include/sqlca.h.html#LN58"><span class='Ref_to_Const'>sqlca</span></a><span class='Operator'>.</span><a href="../../include/sqlca.h.html#LN22"><span class='Ref_to_Member'>sqlcode</span></a> <span class='Operator'>&LT; </span><span class='Number'>0</span><span class='Parentheses'>) </span><a href="../../include/ecpglib.h.html#LN64"><span class='Ref_to_Proto'>sqlprint</span></a><span class='Parentheses'>()</span><span class='Delimiter'>;} 
</span>#line <span class='Number'>24</span> <span class='String'>"parser.pgc"</span> 
 
 
  <span class='Delimiter'>{ </span><a href="../../include/ecpglib.h.html#LN51"><span class='Ref_to_Proto'>ECPGdo</span></a><span class='Parentheses'>(</span>__LINE__<span class='Delimiter'>, </span><span class='Number'>0</span><span class='Delimiter'>, </span><span class='Number'>1</span><span class='Delimiter'>, </span><span class='Null_Value'>NULL</span><span class='Delimiter'>, </span><span class='Number'>0</span><span class='Delimiter'>, </span><a href="../../include/ecpgtype.h.html#LN95"><span class='Ref_to_EnumConst'>ECPGst_normal</span></a><span class='Delimiter'>, </span><span class='String'>"select Item2 from T order by Item2 nulls last"</span><span class='Delimiter'>, </span><a href="../../include/ecpgtype.h.html#LN61"><span class='Ref_to_EnumConst'>ECPGt_EOIT</span></a><span class='Delimiter'>,</span>  
    <a href="../../include/ecpgtype.h.html#LN43"><span class='Ref_to_EnumConst'>ECPGt_int</span></a><span class='Delimiter'>,</span><span class='Parentheses'>(</span><a href="sql-parser.c.html#LN30"><span class='Ref_To_Local'>item</span></a><span class='Parentheses'>)</span><span class='Delimiter'>,</span><span class='Parentheses'>(</span><span class='Keyword'>long</span><span class='Parentheses'>)</span><span class='Number'>1</span><span class='Delimiter'>,</span><span class='Parentheses'>(</span><span class='Keyword'>long</span><span class='Parentheses'>)</span><span class='Number'>3</span><span class='Delimiter'>,</span><span class='Keyword'>sizeof</span><span class='Parentheses'>(</span><span class='Keyword'>int</span><span class='Parentheses'>)</span><span class='Delimiter'>,</span>  
    <a href="../../include/ecpgtype.h.html#LN43"><span class='Ref_to_EnumConst'>ECPGt_int</span></a><span class='Delimiter'>,</span><span class='Parentheses'>(</span><a href="sql-parser.c.html#LN30"><span class='Ref_To_Local'>ind</span></a><span class='Parentheses'>)</span><span class='Delimiter'>,</span><span class='Parentheses'>(</span><span class='Keyword'>long</span><span class='Parentheses'>)</span><span class='Number'>1</span><span class='Delimiter'>,</span><span class='Parentheses'>(</span><span class='Keyword'>long</span><span class='Parentheses'>)</span><span class='Number'>3</span><span class='Delimiter'>,</span><span class='Keyword'>sizeof</span><span class='Parentheses'>(</span><span class='Keyword'>int</span><span class='Parentheses'>)</span><span class='Delimiter'>, </span><a href="../../include/ecpgtype.h.html#LN62"><span class='Ref_to_EnumConst'>ECPGt_EORT</span></a><span class='Parentheses'>)</span><span class='Delimiter'>; 
</span>#line <span class='Number'>26</span> <span class='String'>"parser.pgc"</span> 
 
<span class='Control'>if</span> <span class='Parentheses'>(</span><a href="../../include/sqlca.h.html#LN58"><span class='Ref_to_Const'>sqlca</span></a><span class='Operator'>.</span><a href="../../include/sqlca.h.html#LN38"><span class='Ref_to_Member'>sqlwarn</span></a><span class='Delimiter'>[</span><span class='Number'>0</span><span class='Delimiter'>] </span><span class='Operator'>== </span><span class='String'>'W'</span><span class='Parentheses'>) </span><a href="../../include/ecpglib.h.html#LN64"><span class='Ref_to_Proto'>sqlprint</span></a><span class='Parentheses'>()</span><span class='Delimiter'>; 
</span>#line <span class='Number'>26</span> <span class='String'>"parser.pgc"</span> 
 
<span class='Control'>if</span> <span class='Parentheses'>(</span><a href="../../include/sqlca.h.html#LN58"><span class='Ref_to_Const'>sqlca</span></a><span class='Operator'>.</span><a href="../../include/sqlca.h.html#LN22"><span class='Ref_to_Member'>sqlcode</span></a> <span class='Operator'>&LT; </span><span class='Number'>0</span><span class='Parentheses'>) </span><a href="../../include/ecpglib.h.html#LN64"><span class='Ref_to_Proto'>sqlprint</span></a><span class='Parentheses'>()</span><span class='Delimiter'>;} 
</span>#line <span class='Number'>26</span> <span class='String'>"parser.pgc"</span> 
 
 
  <span class='Control'>for</span> <span class='Parentheses'>(</span><a href="sql-parser.c.html#LN30"><span class='Ref_To_Local'>i</span></a><span class='Operator'>=</span><span class='Number'>0</span><span class='Delimiter'>; </span><a href="sql-parser.c.html#LN30"><span class='Ref_To_Local'>i</span></a><span class='Operator'>&LT;</span><span class='Number'>3</span><span class='Delimiter'>; </span><a href="sql-parser.c.html#LN30"><span class='Ref_To_Local'>i</span></a><span class='Operator'>++</span><span class='Parentheses'>) 
</span>    <a href="../../../../include/port.h.html#LN173"><span class='Ref_to_Macro'>printf</span></a><span class='Parentheses'>(</span><span class='String'>"item[%d] = %d\n"</span><span class='Delimiter'>, </span><a href="sql-parser.c.html#LN30"><span class='Ref_To_Local'>i</span></a><span class='Delimiter'>, </span><a href="sql-parser.c.html#LN30"><span class='Ref_To_Local'>ind</span></a><span class='Delimiter'>[</span><a href="sql-parser.c.html#LN30"><span class='Ref_To_Local'>i</span></a><span class='Delimiter'>] </span><span class='Operator'>? -</span><span class='Number'>1</span> <span class='Operator'>: </span><a href="sql-parser.c.html#LN30"><span class='Ref_To_Local'>item</span></a><span class='Delimiter'>[</span><a href="sql-parser.c.html#LN30"><span class='Ref_To_Local'>i</span></a><span class='Delimiter'>]</span><span class='Parentheses'>)</span><span class='Delimiter'>; 
</span> 
  <span class='Delimiter'>{ </span><a href="../../include/ecpglib.h.html#LN51"><span class='Ref_to_Proto'>ECPGdo</span></a><span class='Parentheses'>(</span>__LINE__<span class='Delimiter'>, </span><span class='Number'>0</span><span class='Delimiter'>, </span><span class='Number'>1</span><span class='Delimiter'>, </span><span class='Null_Value'>NULL</span><span class='Delimiter'>, </span><span class='Number'>0</span><span class='Delimiter'>, </span><a href="../../include/ecpgtype.h.html#LN95"><span class='Ref_to_EnumConst'>ECPGst_normal</span></a><span class='Delimiter'>, </span><span class='String'>"alter table T alter Item1 type bigint"</span><span class='Delimiter'>, </span><a href="../../include/ecpgtype.h.html#LN61"><span class='Ref_to_EnumConst'>ECPGt_EOIT</span></a><span class='Delimiter'>, </span><a href="../../include/ecpgtype.h.html#LN62"><span class='Ref_to_EnumConst'>ECPGt_EORT</span></a><span class='Parentheses'>)</span><span class='Delimiter'>; 
</span>#line <span class='Number'>31</span> <span class='String'>"parser.pgc"</span> 
 
<span class='Control'>if</span> <span class='Parentheses'>(</span><a href="../../include/sqlca.h.html#LN58"><span class='Ref_to_Const'>sqlca</span></a><span class='Operator'>.</span><a href="../../include/sqlca.h.html#LN38"><span class='Ref_to_Member'>sqlwarn</span></a><span class='Delimiter'>[</span><span class='Number'>0</span><span class='Delimiter'>] </span><span class='Operator'>== </span><span class='String'>'W'</span><span class='Parentheses'>) </span><a href="../../include/ecpglib.h.html#LN64"><span class='Ref_to_Proto'>sqlprint</span></a><span class='Parentheses'>()</span><span class='Delimiter'>; 
</span>#line <span class='Number'>31</span> <span class='String'>"parser.pgc"</span> 
 
<span class='Control'>if</span> <span class='Parentheses'>(</span><a href="../../include/sqlca.h.html#LN58"><span class='Ref_to_Const'>sqlca</span></a><span class='Operator'>.</span><a href="../../include/sqlca.h.html#LN22"><span class='Ref_to_Member'>sqlcode</span></a> <span class='Operator'>&LT; </span><span class='Number'>0</span><span class='Parentheses'>) </span><a href="../../include/ecpglib.h.html#LN64"><span class='Ref_to_Proto'>sqlprint</span></a><span class='Parentheses'>()</span><span class='Delimiter'>;} 
</span>#line <span class='Number'>31</span> <span class='String'>"parser.pgc"</span> 
 
  <span class='Delimiter'>{ </span><a href="../../include/ecpglib.h.html#LN51"><span class='Ref_to_Proto'>ECPGdo</span></a><span class='Parentheses'>(</span>__LINE__<span class='Delimiter'>, </span><span class='Number'>0</span><span class='Delimiter'>, </span><span class='Number'>1</span><span class='Delimiter'>, </span><span class='Null_Value'>NULL</span><span class='Delimiter'>, </span><span class='Number'>0</span><span class='Delimiter'>, </span><a href="../../include/ecpgtype.h.html#LN95"><span class='Ref_to_EnumConst'>ECPGst_normal</span></a><span class='Delimiter'>, </span><span class='String'>"alter table T alter column Item2 set data type smallint"</span><span class='Delimiter'>, </span><a href="../../include/ecpgtype.h.html#LN61"><span class='Ref_to_EnumConst'>ECPGt_EOIT</span></a><span class='Delimiter'>, </span><a href="../../include/ecpgtype.h.html#LN62"><span class='Ref_to_EnumConst'>ECPGt_EORT</span></a><span class='Parentheses'>)</span><span class='Delimiter'>; 
</span>#line <span class='Number'>32</span> <span class='String'>"parser.pgc"</span> 
 
<span class='Control'>if</span> <span class='Parentheses'>(</span><a href="../../include/sqlca.h.html#LN58"><span class='Ref_to_Const'>sqlca</span></a><span class='Operator'>.</span><a href="../../include/sqlca.h.html#LN38"><span class='Ref_to_Member'>sqlwarn</span></a><span class='Delimiter'>[</span><span class='Number'>0</span><span class='Delimiter'>] </span><span class='Operator'>== </span><span class='String'>'W'</span><span class='Parentheses'>) </span><a href="../../include/ecpglib.h.html#LN64"><span class='Ref_to_Proto'>sqlprint</span></a><span class='Parentheses'>()</span><span class='Delimiter'>; 
</span>#line <span class='Number'>32</span> <span class='String'>"parser.pgc"</span> 
 
<span class='Control'>if</span> <span class='Parentheses'>(</span><a href="../../include/sqlca.h.html#LN58"><span class='Ref_to_Const'>sqlca</span></a><span class='Operator'>.</span><a href="../../include/sqlca.h.html#LN22"><span class='Ref_to_Member'>sqlcode</span></a> <span class='Operator'>&LT; </span><span class='Number'>0</span><span class='Parentheses'>) </span><a href="../../include/ecpglib.h.html#LN64"><span class='Ref_to_Proto'>sqlprint</span></a><span class='Parentheses'>()</span><span class='Delimiter'>;} 
</span>#line <span class='Number'>32</span> <span class='String'>"parser.pgc"</span> 
 
 
  <span class='Delimiter'>{ </span><a href="../../include/ecpglib.h.html#LN51"><span class='Ref_to_Proto'>ECPGdo</span></a><span class='Parentheses'>(</span>__LINE__<span class='Delimiter'>, </span><span class='Number'>0</span><span class='Delimiter'>, </span><span class='Number'>1</span><span class='Delimiter'>, </span><span class='Null_Value'>NULL</span><span class='Delimiter'>, </span><span class='Number'>0</span><span class='Delimiter'>, </span><a href="../../include/ecpgtype.h.html#LN95"><span class='Ref_to_EnumConst'>ECPGst_normal</span></a><span class='Delimiter'>, </span><span class='String'>"drop table T"</span><span class='Delimiter'>, </span><a href="../../include/ecpgtype.h.html#LN61"><span class='Ref_to_EnumConst'>ECPGt_EOIT</span></a><span class='Delimiter'>, </span><a href="../../include/ecpgtype.h.html#LN62"><span class='Ref_to_EnumConst'>ECPGt_EORT</span></a><span class='Parentheses'>)</span><span class='Delimiter'>; 
</span>#line <span class='Number'>34</span> <span class='String'>"parser.pgc"</span> 
 
<span class='Control'>if</span> <span class='Parentheses'>(</span><a href="../../include/sqlca.h.html#LN58"><span class='Ref_to_Const'>sqlca</span></a><span class='Operator'>.</span><a href="../../include/sqlca.h.html#LN38"><span class='Ref_to_Member'>sqlwarn</span></a><span class='Delimiter'>[</span><span class='Number'>0</span><span class='Delimiter'>] </span><span class='Operator'>== </span><span class='String'>'W'</span><span class='Parentheses'>) </span><a href="../../include/ecpglib.h.html#LN64"><span class='Ref_to_Proto'>sqlprint</span></a><span class='Parentheses'>()</span><span class='Delimiter'>; 
</span>#line <span class='Number'>34</span> <span class='String'>"parser.pgc"</span> 
 
<span class='Control'>if</span> <span class='Parentheses'>(</span><a href="../../include/sqlca.h.html#LN58"><span class='Ref_to_Const'>sqlca</span></a><span class='Operator'>.</span><a href="../../include/sqlca.h.html#LN22"><span class='Ref_to_Member'>sqlcode</span></a> <span class='Operator'>&LT; </span><span class='Number'>0</span><span class='Parentheses'>) </span><a href="../../include/ecpglib.h.html#LN64"><span class='Ref_to_Proto'>sqlprint</span></a><span class='Parentheses'>()</span><span class='Delimiter'>;} 
</span>#line <span class='Number'>34</span> <span class='String'>"parser.pgc"</span> 
 
 
  <span class='Delimiter'>{ </span><a href="../../include/ecpglib.h.html#LN53"><span class='Ref_to_Proto'>ECPGdisconnect</span></a><span class='Parentheses'>(</span>__LINE__<span class='Delimiter'>, </span><span class='String'>"ALL"</span><span class='Parentheses'>)</span><span class='Delimiter'>; 
</span>#line <span class='Number'>36</span> <span class='String'>"parser.pgc"</span> 
 
<span class='Control'>if</span> <span class='Parentheses'>(</span><a href="../../include/sqlca.h.html#LN58"><span class='Ref_to_Const'>sqlca</span></a><span class='Operator'>.</span><a href="../../include/sqlca.h.html#LN38"><span class='Ref_to_Member'>sqlwarn</span></a><span class='Delimiter'>[</span><span class='Number'>0</span><span class='Delimiter'>] </span><span class='Operator'>== </span><span class='String'>'W'</span><span class='Parentheses'>) </span><a href="../../include/ecpglib.h.html#LN64"><span class='Ref_to_Proto'>sqlprint</span></a><span class='Parentheses'>()</span><span class='Delimiter'>; 
</span>#line <span class='Number'>36</span> <span class='String'>"parser.pgc"</span> 
 
<span class='Control'>if</span> <span class='Parentheses'>(</span><a href="../../include/sqlca.h.html#LN58"><span class='Ref_to_Const'>sqlca</span></a><span class='Operator'>.</span><a href="../../include/sqlca.h.html#LN22"><span class='Ref_to_Member'>sqlcode</span></a> <span class='Operator'>&LT; </span><span class='Number'>0</span><span class='Parentheses'>) </span><a href="../../include/ecpglib.h.html#LN64"><span class='Ref_to_Proto'>sqlprint</span></a><span class='Parentheses'>()</span><span class='Delimiter'>;} 
</span>#line <span class='Number'>36</span> <span class='String'>"parser.pgc"</span> 
 
 
  <span class='Control'>return</span> <span class='Number'>0</span><span class='Delimiter'>; 
}</span><span class='Auto_Annotations'> &laquo; end main &raquo; </span> 
</pre>
<table bgcolor='#c0c0c0' width='100%'><tr><td><a href='../../../../../Contents.html'>Contents</a></td></tr>
</table><hr><p class='blurb' align='center'><a href='http://www.sourceinsight.com'>HTML Created by Source Insight Version 4.00.0084 Built on 2017-02-26</a></p>
</body></html>