<!DOCTYPE html PUBLIC "-//W3C//DTD HTML 4.01 Transitional//EN">
<html>
<head>
<meta name="generator" content="Source Insight Version 4.00.0084 Built on 2017-02-26">
<meta charset='UTF-8' />
<style type='text/css'><!--
TD {background-color: #C0C0C0; font-family: 'Verdana', 'Arial', 'Helvetica', Sans-Serif; font-size: 70%; }
.blurb {font-family: 'Verdana', 'Arial', 'Helvetica', Sans-Serif; font-size: 70%; }
.filename {font-family: 'Verdana', 'Arial', 'Helvetica', Sans-Serif; font-size: 120%; font-weight: bold; }
.dirname {font-family: 'Verdana', 'Arial', 'Helvetica', Sans-Serif; font-size: 100%; font-weight: bold; margin-top: 2.5em;}
--></style>
<title>src\interfaces\ecpg\test\expected\thread-descriptor.c</title>
<LINK REL=StyleSheet HREF="../../../../../C_Cpp_Source_File.css" TYPE='text/css' MEDIA=screen>
</head>
<body bgcolor=#ffffff>
<table bgcolor='#c0c0c0' width='100%'>
<tr><td><p class='filename'><b>src\interfaces\ecpg\test\expected\thread-descriptor.c</b></p></td>
<td align='right'>
Wed Jun 14 08:26:10 2017
</td></tr>
<tr><td><a href='../../../../../Contents.html'>Contents</a></td></tr>
</table>
<pre>
<span class='Comment_Multi_Line'>/* Processed by ecpg (regression mode) */ 
/* These include files are added by the preprocessor */ 
</span><span class='Keyword'>#include </span><span class='String'>&LT;ecpglib.h&GT;</span> 
<span class='Keyword'>#include </span><span class='String'>&LT;ecpgerrno.h&GT;</span> 
<span class='Keyword'>#include </span><span class='String'>&LT;sqlca.h&GT;</span> 
<span class='Comment_Multi_Line'>/* End of automatic include section */ 
</span><a name="LN6"></a><span class='Keyword'>#define </span><span class='Declare_Macro'>ECPGdebug</span><span class='Parentheses'>(</span><span class='Declare_Parameter'>X</span><span class='Delimiter'>,</span><span class='Declare_Parameter'>Y</span><span class='Parentheses'>) </span><a href="thread-descriptor.c.html#LN6"><span class='Ref_to_Macro'>ECPGdebug</span></a><span class='Parentheses'>((</span><a href="thread-descriptor.c.html#LN6"><span class='Ref_to_Parameter'>X</span></a><span class='Parentheses'>)</span><span class='Operator'>+</span><span class='Number'>100</span><span class='Delimiter'>,</span><span class='Parentheses'>(</span><a href="thread-descriptor.c.html#LN6"><span class='Ref_to_Parameter'>Y</span></a><span class='Parentheses'>))</span> 
 
#line <span class='Number'>1</span> <span class='String'>"descriptor.pgc"</span> 
<span class='Directive'>#ifdef</span> ENABLE_THREAD_SAFETY 
<span class='Directive'>#ifdef</span> <a href="../../../../include/c.h.html#LN61"><span class='Ref_to_Const'>WIN32</span></a> 
<a name="LN11"></a><span class='Keyword'>#define </span><span class='Declare_Constant'>WIN32_LEAN_AND_MEAN</span> 
<span class='Keyword'>#include </span><span class='String'>&LT;windows.h&GT;</span> 
<span class='Keyword'>#include </span><span class='String'>&LT;process.h&GT;</span> 
<span class='Directive'>#else</span> 
<span class='Keyword'>#include </span><span class='String'>&LT;pthread.h&GT;</span> 
<span class='Directive'>#endif</span> 
<span class='Directive'>#endif</span> 
<span class='Keyword'>#include </span><span class='String'>&LT;stdio.h&GT;</span> 
 
<a name="LN20"></a><span class='Keyword'>#define </span><span class='Declare_Constant'>THREADS</span>     <span class='Number'>16</span> 
<a name="LN21"></a><span class='Keyword'>#define </span><span class='Declare_Constant'>REPEATS</span>     <span class='Number'>50000</span> 
 
 
#line <span class='Number'>1</span> <span class='String'>"sqlca.h"</span> 
<span class='Directive'>#ifndef</span> <a href="../../include/sqlca.h.html#LN1"><span class='Ref_to_Const'>POSTGRES_SQLCA_H</span></a> 
<a name="LN26"></a><span class='Keyword'>#define </span><span class='Declare_Constant'>POSTGRES_SQLCA_H</span> 
 
<span class='Directive'>#ifndef</span> <a href="../../include/sqlca.h.html#LN5"><span class='Ref_to_Const'>PGDLLIMPORT</span></a> 
<span class='Directive'>#if</span>  defined<span class='Parentheses'>(</span><a href="../../../../include/c.h.html#LN61"><span class='Ref_to_Const'>WIN32</span></a><span class='Parentheses'>) </span><span class='Operator'>|| </span>defined<span class='Parentheses'>(</span>__CYGWIN__<span class='Parentheses'>) 
</span><a name="LN30"></a><span class='Keyword'>#define </span><span class='Declare_Constant'>PGDLLIMPORT</span> __declspec <span class='Parentheses'>(</span>dllimport<span class='Parentheses'>) 
</span><span class='Directive'>#else</span> 
<a name="LN32"></a><span class='Keyword'>#define </span><span class='Declare_Constant'>PGDLLIMPORT</span> 
<span class='Directive'>#endif</span>   <span class='Comment_Single_Line'>/* __CYGWIN__ */ 
</span><span class='Directive'>#endif</span>   <span class='Comment_Single_Line'>/* PGDLLIMPORT */ 
</span> 
<a name="LN36"></a><span class='Keyword'>#define </span><span class='Declare_Constant'>SQLERRMC_LEN</span>    <span class='Number'>150</span> 
 
<span class='Directive'>#ifdef</span> __cplusplus 
<span class='Keyword'>extern</span>      <span class='String'>"C"</span> 
<span class='Delimiter'>{ 
</span><span class='Directive'>#endif</span> 
 
<a name="LN43"></a><span class='Control'>struct</span> <span class='Declare_Struct'>sqlca_t</span> 
<span class='Delimiter'>{ 
</span><a name="LN45"></a>    <span class='Keyword'>char</span>        <span class='Declare_Member'>sqlcaid</span><span class='Delimiter'>[</span><span class='Number'>8</span><span class='Delimiter'>]; 
</span><a name="LN46"></a>    <span class='Keyword'>long</span>        <span class='Declare_Member'>sqlabc</span><span class='Delimiter'>; 
</span><a name="LN47"></a>    <span class='Keyword'>long</span>        <span class='Declare_Member'>sqlcode</span><span class='Delimiter'>; 
</span>    <span class='Control'>struct</span> 
    <span class='Delimiter'>{ 
</span><a name="LN50"></a>        <span class='Keyword'>int</span>         <span class='Declare_Member'>sqlerrml</span><span class='Delimiter'>; 
</span><a name="LN51"></a>        <span class='Keyword'>char</span>        <span class='Declare_Member'>sqlerrmc</span><span class='Delimiter'>[</span><a href="../../include/sqlca.h.html#LN11"><span class='Ref_to_Const'>SQLERRMC_LEN</span></a><span class='Delimiter'>]; 
</span><a name="LN52"></a>    <span class='Delimiter'>}</span>           <span class='Declare_Member'>sqlerrm</span><span class='Delimiter'>; 
</span><a name="LN53"></a>    <span class='Keyword'>char</span>        <span class='Declare_Member'>sqlerrp</span><span class='Delimiter'>[</span><span class='Number'>8</span><span class='Delimiter'>]; 
</span><a name="LN54"></a>    <span class='Keyword'>long</span>        <span class='Declare_Member'>sqlerrd</span><span class='Delimiter'>[</span><span class='Number'>6</span><span class='Delimiter'>]; 
</span>    <span class='Comment_Multi_Line'>/* Element 0: empty                     */ 
</span>    <span class='Comment_Multi_Line'>/* 1: OID of processed tuple if applicable          */ 
</span>    <span class='Comment_Multi_Line'>/* 2: number of rows processed              */ 
</span>    <span class='Comment_Multi_Line'>/* after an INSERT, UPDATE or               */ 
</span>    <span class='Comment_Multi_Line'>/* DELETE statement                 */ 
</span>    <span class='Comment_Multi_Line'>/* 3: empty                     */ 
</span>    <span class='Comment_Multi_Line'>/* 4: empty                     */ 
</span>    <span class='Comment_Multi_Line'>/* 5: empty                     */ 
</span><a name="LN63"></a>    <span class='Keyword'>char</span>        <span class='Declare_Member'>sqlwarn</span><span class='Delimiter'>[</span><span class='Number'>8</span><span class='Delimiter'>]; 
</span>    <span class='Comment_Multi_Line'>/* Element 0: set to 'W' if at least one other is 'W'   */ 
</span>    <span class='Comment_Multi_Line'>/* 1: if 'W' at least one character string      */ 
</span>    <span class='Comment_Multi_Line'>/* value was truncated when it was          */ 
</span>    <span class='Comment_Multi_Line'>/* stored into a host variable.             */ 
</span> 
    <span class='Comment_Multi_Line'>/* 
     * 2: if 'W' a (hopefully) non-fatal notice occurred 
     */ </span><span class='Comment_Single_Line'>/* 3: empty */ 
</span>    <span class='Comment_Multi_Line'>/* 4: empty                     */ 
</span>    <span class='Comment_Multi_Line'>/* 5: empty                     */ 
</span>    <span class='Comment_Multi_Line'>/* 6: empty                     */ 
</span>    <span class='Comment_Multi_Line'>/* 7: empty                     */ 
</span> 
<a name="LN77"></a>    <span class='Keyword'>char</span>        <span class='Declare_Member'>sqlstate</span><span class='Delimiter'>[</span><span class='Number'>5</span><span class='Delimiter'>]; 
}</span><span class='Auto_Annotations'> &laquo; end sqlca_t &raquo; </span><span class='Delimiter'>; 
</span> 
<a name="LN80"></a><span class='Control'>struct</span> <a href="thread-descriptor.c.html#LN43"><span class='Ref_to_Struct'>sqlca_t</span></a> <span class='Operator'>*</span><span class='Declare_Prototype'>ECPGget_sqlca</span><span class='Parentheses'>(</span><span class='Keyword'>void</span><span class='Parentheses'>)</span><span class='Delimiter'>; 
</span> 
<span class='Directive'>#ifndef</span> <a href="../../compatlib/informix.c.html#LN2"><span class='Ref_to_Const'>POSTGRES_ECPG_INTERNAL</span></a> 
<a name="LN83"></a><span class='Keyword'>#define </span><span class='Declare_Constant'>sqlca</span> <span class='Parentheses'>(</span><span class='Operator'>*</span><a href="../../include/sqlca.h.html#LN55"><span class='Ref_to_Proto'>ECPGget_sqlca</span></a><span class='Parentheses'>())</span> 
<span class='Directive'>#endif</span> 
 
<span class='Directive'>#ifdef</span> __cplusplus 
<span class='Delimiter'>} 
</span><span class='Directive'>#endif</span> 
 
<span class='Directive'>#endif</span> 
 
#line <span class='Number'>15</span> <span class='String'>"descriptor.pgc"</span> 
 
<span class='Comment_Multi_Line'>/* exec sql whenever sqlerror  sqlprint ; */ 
</span>#line <span class='Number'>16</span> <span class='String'>"descriptor.pgc"</span> 
 
<span class='Comment_Multi_Line'>/* exec sql whenever not found  sqlprint ; */ 
</span>#line <span class='Number'>17</span> <span class='String'>"descriptor.pgc"</span> 
 
 
<span class='Directive'>#if</span> defined<span class='Parentheses'>(</span>ENABLE_THREAD_SAFETY<span class='Parentheses'>) </span><span class='Operator'>&& </span>defined<span class='Parentheses'>(</span><a href="../../../../include/c.h.html#LN61"><span class='Ref_to_Const'>WIN32</span></a><span class='Parentheses'>) 
</span><a name="LN102"></a><span class='Keyword'>static unsigned </span>__stdcall <span class='Declare_Function'>fn</span><span class='Parentheses'>(</span><span class='Keyword'>void</span><span class='Operator'>* </span><span class='Declare_Parameter'>arg</span><span class='Parentheses'>) 
</span><span class='Directive'>#else</span> 
<span class='Keyword'>static void</span><span class='Operator'>* </span><a href="thread-descriptor.c.html#LN102"><span class='Ref_to_Func'>fn</span></a><span class='Parentheses'>(</span><span class='Keyword'>void</span><span class='Operator'>* </span><a href="thread-descriptor.c.html#LN102"><span class='Ref_to_Parameter'>arg</span></a><span class='Parentheses'>) 
</span><span class='Directive'>#endif</span> 
<span class='Delimiter'>{ 
</span><a name="LN107"></a>    <span class='Keyword'>int </span><span class='Declare_Local'>i</span><span class='Delimiter'>; 
</span> 
    <span class='Control'>for</span> <span class='Parentheses'>(</span><a href="thread-descriptor.c.html#LN107"><span class='Ref_To_Local'>i</span></a> <span class='Operator'>= </span><span class='Number'>1</span><span class='Delimiter'>; </span><a href="thread-descriptor.c.html#LN107"><span class='Ref_To_Local'>i</span></a> <span class='Operator'>&LT;= </span><a href="thread-descriptor.c.html#LN21"><span class='Ref_to_Const'>REPEATS</span></a><span class='Delimiter'>; </span><span class='Operator'>++</span><a href="thread-descriptor.c.html#LN107"><span class='Ref_To_Local'>i</span></a><span class='Parentheses'>) 
</span>    <span class='Delimiter'>{ 
</span>        <a href="../../include/ecpglib.h.html#LN75"><span class='Ref_to_Proto'>ECPGallocate_desc</span></a><span class='Parentheses'>(</span>__LINE__<span class='Delimiter'>, </span><span class='String'>"mydesc"</span><span class='Parentheses'>)</span><span class='Delimiter'>; 
</span>#line <span class='Number'>29</span> <span class='String'>"descriptor.pgc"</span> 
 
<span class='Control'>if</span> <span class='Parentheses'>(</span><a href="../../include/sqlca.h.html#LN58"><span class='Ref_to_Const'>sqlca</span></a><span class='Operator'>.</span><a href="../../include/sqlca.h.html#LN22"><span class='Ref_to_Member'>sqlcode</span></a> <span class='Operator'>&LT; </span><span class='Number'>0</span><span class='Parentheses'>) </span><a href="../../include/ecpglib.h.html#LN64"><span class='Ref_to_Proto'>sqlprint</span></a><span class='Parentheses'>()</span><span class='Delimiter'>; 
</span>#line <span class='Number'>29</span> <span class='String'>"descriptor.pgc"</span> 
 
        <a href="../../include/ecpglib.h.html#LN74"><span class='Ref_to_Proto'>ECPGdeallocate_desc</span></a><span class='Parentheses'>(</span>__LINE__<span class='Delimiter'>, </span><span class='String'>"mydesc"</span><span class='Parentheses'>)</span><span class='Delimiter'>; 
</span>#line <span class='Number'>30</span> <span class='String'>"descriptor.pgc"</span> 
 
<span class='Control'>if</span> <span class='Parentheses'>(</span><a href="../../include/sqlca.h.html#LN58"><span class='Ref_to_Const'>sqlca</span></a><span class='Operator'>.</span><a href="../../include/sqlca.h.html#LN22"><span class='Ref_to_Member'>sqlcode</span></a> <span class='Operator'>&LT; </span><span class='Number'>0</span><span class='Parentheses'>) </span><a href="../../include/ecpglib.h.html#LN64"><span class='Ref_to_Proto'>sqlprint</span></a><span class='Parentheses'>()</span><span class='Delimiter'>; 
</span>#line <span class='Number'>30</span> <span class='String'>"descriptor.pgc"</span> 
 
    <span class='Delimiter'>} 
</span> 
    <span class='Control'>return</span> <span class='Number'>0</span><span class='Delimiter'>; 
}</span><span class='Auto_Annotations'> &laquo; end fn &raquo; </span> 
 
<a name="LN128"></a><span class='Keyword'>int </span><span class='Declare_Function'>main </span><span class='Parentheses'>() 
</span><span class='Delimiter'>{ 
</span><span class='Directive'>#ifdef</span> ENABLE_THREAD_SAFETY 
<a name="LN131"></a>    <span class='Keyword'>int </span><span class='Declare_Local'>i</span><span class='Delimiter'>; 
</span><span class='Directive'>#ifdef</span> <a href="../../../../include/c.h.html#LN61"><span class='Ref_to_Const'>WIN32</span></a> 
<a name="LN133"></a>    HANDLE <span class='Declare_Local'>threads</span><span class='Delimiter'>[</span><a href="thread-descriptor.c.html#LN20"><span class='Ref_to_Const'>THREADS</span></a><span class='Delimiter'>]; 
</span><span class='Directive'>#else</span> 
<a name="LN135"></a>    <a href="../../../../bin/pgbench/pgbench.c.html#LN68"><span class='Ref_to_Typedef'>pthread_t</span></a> <span class='Declare_Local'>threads</span><span class='Delimiter'>[</span><a href="thread-descriptor.c.html#LN20"><span class='Ref_to_Const'>THREADS</span></a><span class='Delimiter'>]; 
</span><span class='Directive'>#endif</span> 
 
<span class='Directive'>#ifdef</span> <a href="../../../../include/c.h.html#LN61"><span class='Ref_to_Const'>WIN32</span></a> 
    <span class='Control'>for</span> <span class='Parentheses'>(</span><a href="thread-descriptor.c.html#LN131"><span class='Ref_To_Local'>i</span></a> <span class='Operator'>= </span><span class='Number'>0</span><span class='Delimiter'>; </span><a href="thread-descriptor.c.html#LN131"><span class='Ref_To_Local'>i</span></a> <span class='Operator'>&LT; </span><a href="thread-descriptor.c.html#LN20"><span class='Ref_to_Const'>THREADS</span></a><span class='Delimiter'>; </span><span class='Operator'>++</span><a href="thread-descriptor.c.html#LN131"><span class='Ref_To_Local'>i</span></a><span class='Parentheses'>) 
</span>    <span class='Delimiter'>{ 
</span><a name="LN141"></a>        <span class='Keyword'>unsigned </span><span class='Declare_Local'>id</span><span class='Delimiter'>; 
</span>        <a href="thread-descriptor.c.html#LN133"><span class='Ref_To_Local'>threads</span></a><span class='Delimiter'>[</span><a href="thread-descriptor.c.html#LN131"><span class='Ref_To_Local'>i</span></a><span class='Delimiter'>] </span><span class='Operator'>= </span><span class='Parentheses'>(</span>HANDLE<span class='Parentheses'>)</span>_beginthreadex<span class='Parentheses'>(</span><span class='Null_Value'>NULL</span><span class='Delimiter'>, </span><span class='Number'>0</span><span class='Delimiter'>, </span><a href="thread-descriptor.c.html#LN102"><span class='Ref_to_Func'>fn</span></a><span class='Delimiter'>, </span><span class='Null_Value'>NULL</span><span class='Delimiter'>, </span><span class='Number'>0</span><span class='Delimiter'>, </span><span class='Operator'>&</span><a href="thread-descriptor.c.html#LN141"><span class='Ref_To_Local'>id</span></a><span class='Parentheses'>)</span><span class='Delimiter'>; 
</span>    <span class='Delimiter'>} 
</span> 
    WaitForMultipleObjects<span class='Parentheses'>(</span><a href="thread-descriptor.c.html#LN20"><span class='Ref_to_Const'>THREADS</span></a><span class='Delimiter'>, </span><a href="thread-descriptor.c.html#LN133"><span class='Ref_To_Local'>threads</span></a><span class='Delimiter'>, </span><span class='Boolean'>TRUE</span><span class='Delimiter'>, </span>INFINITE<span class='Parentheses'>)</span><span class='Delimiter'>; 
</span>    <span class='Control'>for</span> <span class='Parentheses'>(</span><a href="thread-descriptor.c.html#LN131"><span class='Ref_To_Local'>i</span></a> <span class='Operator'>= </span><span class='Number'>0</span><span class='Delimiter'>; </span><a href="thread-descriptor.c.html#LN131"><span class='Ref_To_Local'>i</span></a> <span class='Operator'>&LT; </span><a href="thread-descriptor.c.html#LN20"><span class='Ref_to_Const'>THREADS</span></a><span class='Delimiter'>; </span><span class='Operator'>++</span><a href="thread-descriptor.c.html#LN131"><span class='Ref_To_Local'>i</span></a><span class='Parentheses'>) 
</span>        CloseHandle<span class='Parentheses'>(</span><a href="thread-descriptor.c.html#LN133"><span class='Ref_To_Local'>threads</span></a><span class='Delimiter'>[</span><a href="thread-descriptor.c.html#LN131"><span class='Ref_To_Local'>i</span></a><span class='Delimiter'>]</span><span class='Parentheses'>)</span><span class='Delimiter'>; 
</span><span class='Directive'>#else</span> 
    <span class='Control'>for</span> <span class='Parentheses'>(</span><a href="thread-descriptor.c.html#LN131"><span class='Ref_To_Local'>i</span></a> <span class='Operator'>= </span><span class='Number'>0</span><span class='Delimiter'>; </span><a href="thread-descriptor.c.html#LN131"><span class='Ref_To_Local'>i</span></a> <span class='Operator'>&LT; </span><a href="thread-descriptor.c.html#LN20"><span class='Ref_to_Const'>THREADS</span></a><span class='Delimiter'>; </span><span class='Operator'>++</span><a href="thread-descriptor.c.html#LN131"><span class='Ref_To_Local'>i</span></a><span class='Parentheses'>) 
</span>        <a href="../../../../bin/pgbench/pgbench.c.html#LN71"><span class='Ref_to_Proto'>pthread_create</span></a><span class='Parentheses'>(</span><span class='Operator'>&</span><a href="thread-descriptor.c.html#LN133"><span class='Ref_To_Local'>threads</span></a><span class='Delimiter'>[</span><a href="thread-descriptor.c.html#LN131"><span class='Ref_To_Local'>i</span></a><span class='Delimiter'>], </span><span class='Null_Value'>NULL</span><span class='Delimiter'>, </span><a href="thread-descriptor.c.html#LN102"><span class='Ref_to_Func'>fn</span></a><span class='Delimiter'>, </span><span class='Null_Value'>NULL</span><span class='Parentheses'>)</span><span class='Delimiter'>; 
</span>    <span class='Control'>for</span> <span class='Parentheses'>(</span><a href="thread-descriptor.c.html#LN131"><span class='Ref_To_Local'>i</span></a> <span class='Operator'>= </span><span class='Number'>0</span><span class='Delimiter'>; </span><a href="thread-descriptor.c.html#LN131"><span class='Ref_To_Local'>i</span></a> <span class='Operator'>&LT; </span><a href="thread-descriptor.c.html#LN20"><span class='Ref_to_Const'>THREADS</span></a><span class='Delimiter'>; </span><span class='Operator'>++</span><a href="thread-descriptor.c.html#LN131"><span class='Ref_To_Local'>i</span></a><span class='Parentheses'>) 
</span>        <a href="../../../../bin/pgbench/pgbench.c.html#LN72"><span class='Ref_to_Proto'>pthread_join</span></a><span class='Parentheses'>(</span><a href="thread-descriptor.c.html#LN133"><span class='Ref_To_Local'>threads</span></a><span class='Delimiter'>[</span><a href="thread-descriptor.c.html#LN131"><span class='Ref_To_Local'>i</span></a><span class='Delimiter'>], </span><span class='Null_Value'>NULL</span><span class='Parentheses'>)</span><span class='Delimiter'>; 
</span><span class='Directive'>#endif</span> 
<span class='Directive'>#else</span> 
    <a href="thread-descriptor.c.html#LN102"><span class='Ref_to_Func'>fn</span></a><span class='Parentheses'>(</span><span class='Null_Value'>NULL</span><span class='Parentheses'>)</span><span class='Delimiter'>; 
</span><span class='Directive'>#endif</span> 
 
    <span class='Control'>return</span> <span class='Number'>0</span><span class='Delimiter'>; 
}</span><span class='Auto_Annotations'> &laquo; end main &raquo; </span> 
</pre>
<table bgcolor='#c0c0c0' width='100%'><tr><td><a href='../../../../../Contents.html'>Contents</a></td></tr>
</table><hr><p class='blurb' align='center'><a href='http://www.sourceinsight.com'>HTML Created by Source Insight Version 4.00.0084 Built on 2017-02-26</a></p>
</body></html>