<!DOCTYPE html PUBLIC "-//W3C//DTD HTML 4.01 Transitional//EN">
<html>
<head>
<meta name="generator" content="Source Insight Version 4.00.0084 Built on 2017-02-26">
<meta charset='UTF-8' />
<style type='text/css'><!--
TD {background-color: #C0C0C0; font-family: 'Verdana', 'Arial', 'Helvetica', Sans-Serif; font-size: 70%; }
.blurb {font-family: 'Verdana', 'Arial', 'Helvetica', Sans-Serif; font-size: 70%; }
.filename {font-family: 'Verdana', 'Arial', 'Helvetica', Sans-Serif; font-size: 120%; font-weight: bold; }
.dirname {font-family: 'Verdana', 'Arial', 'Helvetica', Sans-Serif; font-size: 100%; font-weight: bold; margin-top: 2.5em;}
--></style>
<title>src\interfaces\ecpg\test\expected\thread-prep.c</title>
<LINK REL=StyleSheet HREF="../../../../../C_Cpp_Source_File.css" TYPE='text/css' MEDIA=screen>
</head>
<body bgcolor=#ffffff>
<table bgcolor='#c0c0c0' width='100%'>
<tr><td><p class='filename'><b>src\interfaces\ecpg\test\expected\thread-prep.c</b></p></td>
<td align='right'>
Wed Jun 14 08:26:10 2017
</td></tr>
<tr><td><a href='../../../../../Contents.html'>Contents</a></td></tr>
</table>
<pre>
<span class='Comment_Multi_Line'>/* Processed by ecpg (regression mode) */ 
/* These include files are added by the preprocessor */ 
</span><span class='Keyword'>#include </span><span class='String'>&LT;ecpglib.h&GT;</span> 
<span class='Keyword'>#include </span><span class='String'>&LT;ecpgerrno.h&GT;</span> 
<span class='Keyword'>#include </span><span class='String'>&LT;sqlca.h&GT;</span> 
<span class='Comment_Multi_Line'>/* End of automatic include section */ 
</span><a name="LN6"></a><span class='Keyword'>#define </span><span class='Declare_Macro'>ECPGdebug</span><span class='Parentheses'>(</span><span class='Declare_Parameter'>X</span><span class='Delimiter'>,</span><span class='Declare_Parameter'>Y</span><span class='Parentheses'>) </span><a href="thread-prep.c.html#LN6"><span class='Ref_to_Macro'>ECPGdebug</span></a><span class='Parentheses'>((</span><a href="thread-prep.c.html#LN6"><span class='Ref_to_Parameter'>X</span></a><span class='Parentheses'>)</span><span class='Operator'>+</span><span class='Number'>100</span><span class='Delimiter'>,</span><span class='Parentheses'>(</span><a href="thread-prep.c.html#LN6"><span class='Ref_to_Parameter'>Y</span></a><span class='Parentheses'>))</span> 
 
#line <span class='Number'>1</span> <span class='String'>"prep.pgc"</span> 
<span class='Keyword'>#include </span><span class='String'>&LT;stdlib.h&GT;</span> 
<span class='Keyword'>#include </span><span class='String'>"ecpg_config.h"</span> 
 
<span class='Directive'>#ifndef</span> ENABLE_THREAD_SAFETY 
<span class='Keyword'>int 
</span><a name="LN14"></a><span class='Declare_Function'>main</span><span class='Parentheses'>(</span><span class='Keyword'>void</span><span class='Parentheses'>) 
</span><span class='Delimiter'>{ 
</span>    <a href="../../../../include/port.h.html#LN173"><span class='Ref_to_Macro'>printf</span></a><span class='Parentheses'>(</span><span class='String'>"No threading enabled.\n"</span><span class='Parentheses'>)</span><span class='Delimiter'>; 
</span>    <span class='Control'>return</span> <span class='Number'>0</span><span class='Delimiter'>; 
} 
</span><span class='Directive'>#else</span> 
<span class='Directive'>#ifdef</span> <a href="../../../../include/c.h.html#LN61"><span class='Ref_to_Const'>WIN32</span></a> 
<a name="LN21"></a><span class='Keyword'>#define </span><span class='Declare_Constant'>WIN32_LEAN_AND_MEAN</span> 
<span class='Keyword'>#include </span><span class='String'>&LT;windows.h&GT;</span> 
<span class='Keyword'>#include </span><span class='String'>&LT;process.h&GT;</span> 
<span class='Directive'>#else</span> 
<span class='Keyword'>#include </span><span class='String'>&LT;pthread.h&GT;</span> 
<span class='Directive'>#endif</span> 
<span class='Keyword'>#include </span><span class='String'>&LT;stdio.h&GT;</span> 
 
<a name="LN29"></a><span class='Keyword'>#define </span><span class='Declare_Constant'>THREADS</span>     <span class='Number'>16</span> 
<a name="LN30"></a><span class='Keyword'>#define </span><span class='Declare_Constant'>REPEATS</span>     <span class='Number'>50</span> 
 
 
#line <span class='Number'>1</span> <span class='String'>"sqlca.h"</span> 
<span class='Directive'>#ifndef</span> <a href="../../include/sqlca.h.html#LN1"><span class='Ref_to_Const'>POSTGRES_SQLCA_H</span></a> 
<a name="LN35"></a><span class='Keyword'>#define </span><span class='Declare_Constant'>POSTGRES_SQLCA_H</span> 
 
<span class='Directive'>#ifndef</span> <a href="../../include/sqlca.h.html#LN5"><span class='Ref_to_Const'>PGDLLIMPORT</span></a> 
<span class='Directive'>#if</span>  defined<span class='Parentheses'>(</span><a href="../../../../include/c.h.html#LN61"><span class='Ref_to_Const'>WIN32</span></a><span class='Parentheses'>) </span><span class='Operator'>|| </span>defined<span class='Parentheses'>(</span>__CYGWIN__<span class='Parentheses'>) 
</span><a name="LN39"></a><span class='Keyword'>#define </span><span class='Declare_Constant'>PGDLLIMPORT</span> __declspec <span class='Parentheses'>(</span>dllimport<span class='Parentheses'>) 
</span><span class='Directive'>#else</span> 
<a name="LN41"></a><span class='Keyword'>#define </span><span class='Declare_Constant'>PGDLLIMPORT</span> 
<span class='Directive'>#endif</span>   <span class='Comment_Single_Line'>/* __CYGWIN__ */ 
</span><span class='Directive'>#endif</span>   <span class='Comment_Single_Line'>/* PGDLLIMPORT */ 
</span> 
<a name="LN45"></a><span class='Keyword'>#define </span><span class='Declare_Constant'>SQLERRMC_LEN</span>    <span class='Number'>150</span> 
 
<span class='Directive'>#ifdef</span> __cplusplus 
<span class='Keyword'>extern</span>      <span class='String'>"C"</span> 
<span class='Delimiter'>{ 
</span><span class='Directive'>#endif</span> 
 
<a name="LN52"></a><span class='Control'>struct</span> <span class='Declare_Struct'>sqlca_t</span> 
<span class='Delimiter'>{ 
</span><a name="LN54"></a>    <span class='Keyword'>char</span>        <span class='Declare_Member'>sqlcaid</span><span class='Delimiter'>[</span><span class='Number'>8</span><span class='Delimiter'>]; 
</span><a name="LN55"></a>    <span class='Keyword'>long</span>        <span class='Declare_Member'>sqlabc</span><span class='Delimiter'>; 
</span><a name="LN56"></a>    <span class='Keyword'>long</span>        <span class='Declare_Member'>sqlcode</span><span class='Delimiter'>; 
</span>    <span class='Control'>struct</span> 
    <span class='Delimiter'>{ 
</span><a name="LN59"></a>        <span class='Keyword'>int</span>         <span class='Declare_Member'>sqlerrml</span><span class='Delimiter'>; 
</span><a name="LN60"></a>        <span class='Keyword'>char</span>        <span class='Declare_Member'>sqlerrmc</span><span class='Delimiter'>[</span><a href="../../include/sqlca.h.html#LN11"><span class='Ref_to_Const'>SQLERRMC_LEN</span></a><span class='Delimiter'>]; 
</span><a name="LN61"></a>    <span class='Delimiter'>}</span>           <span class='Declare_Member'>sqlerrm</span><span class='Delimiter'>; 
</span><a name="LN62"></a>    <span class='Keyword'>char</span>        <span class='Declare_Member'>sqlerrp</span><span class='Delimiter'>[</span><span class='Number'>8</span><span class='Delimiter'>]; 
</span><a name="LN63"></a>    <span class='Keyword'>long</span>        <span class='Declare_Member'>sqlerrd</span><span class='Delimiter'>[</span><span class='Number'>6</span><span class='Delimiter'>]; 
</span>    <span class='Comment_Multi_Line'>/* Element 0: empty                     */ 
</span>    <span class='Comment_Multi_Line'>/* 1: OID of processed tuple if applicable          */ 
</span>    <span class='Comment_Multi_Line'>/* 2: number of rows processed              */ 
</span>    <span class='Comment_Multi_Line'>/* after an INSERT, UPDATE or               */ 
</span>    <span class='Comment_Multi_Line'>/* DELETE statement                 */ 
</span>    <span class='Comment_Multi_Line'>/* 3: empty                     */ 
</span>    <span class='Comment_Multi_Line'>/* 4: empty                     */ 
</span>    <span class='Comment_Multi_Line'>/* 5: empty                     */ 
</span><a name="LN72"></a>    <span class='Keyword'>char</span>        <span class='Declare_Member'>sqlwarn</span><span class='Delimiter'>[</span><span class='Number'>8</span><span class='Delimiter'>]; 
</span>    <span class='Comment_Multi_Line'>/* Element 0: set to 'W' if at least one other is 'W'   */ 
</span>    <span class='Comment_Multi_Line'>/* 1: if 'W' at least one character string      */ 
</span>    <span class='Comment_Multi_Line'>/* value was truncated when it was          */ 
</span>    <span class='Comment_Multi_Line'>/* stored into a host variable.             */ 
</span> 
    <span class='Comment_Multi_Line'>/* 
     * 2: if 'W' a (hopefully) non-fatal notice occurred 
     */ </span><span class='Comment_Single_Line'>/* 3: empty */ 
</span>    <span class='Comment_Multi_Line'>/* 4: empty                     */ 
</span>    <span class='Comment_Multi_Line'>/* 5: empty                     */ 
</span>    <span class='Comment_Multi_Line'>/* 6: empty                     */ 
</span>    <span class='Comment_Multi_Line'>/* 7: empty                     */ 
</span> 
<a name="LN86"></a>    <span class='Keyword'>char</span>        <span class='Declare_Member'>sqlstate</span><span class='Delimiter'>[</span><span class='Number'>5</span><span class='Delimiter'>]; 
}</span><span class='Auto_Annotations'> &laquo; end sqlca_t &raquo; </span><span class='Delimiter'>; 
</span> 
<a name="LN89"></a><span class='Control'>struct</span> <a href="thread-prep.c.html#LN52"><span class='Ref_to_Struct'>sqlca_t</span></a> <span class='Operator'>*</span><span class='Declare_Prototype'>ECPGget_sqlca</span><span class='Parentheses'>(</span><span class='Keyword'>void</span><span class='Parentheses'>)</span><span class='Delimiter'>; 
</span> 
<span class='Directive'>#ifndef</span> <a href="../../compatlib/informix.c.html#LN2"><span class='Ref_to_Const'>POSTGRES_ECPG_INTERNAL</span></a> 
<a name="LN92"></a><span class='Keyword'>#define </span><span class='Declare_Constant'>sqlca</span> <span class='Parentheses'>(</span><span class='Operator'>*</span><a href="../../include/sqlca.h.html#LN55"><span class='Ref_to_Proto'>ECPGget_sqlca</span></a><span class='Parentheses'>())</span> 
<span class='Directive'>#endif</span> 
 
<span class='Directive'>#ifdef</span> __cplusplus 
<span class='Delimiter'>} 
</span><span class='Directive'>#endif</span> 
 
<span class='Directive'>#endif</span> 
 
#line <span class='Number'>24</span> <span class='String'>"prep.pgc"</span> 
 
 
#line <span class='Number'>1</span> <span class='String'>"regression.h"</span> 
 
 
 
 
 
 
#line <span class='Number'>25</span> <span class='String'>"prep.pgc"</span> 
 
 
<span class='Comment_Multi_Line'>/* exec sql whenever sqlerror  sqlprint ; */ 
</span>#line <span class='Number'>27</span> <span class='String'>"prep.pgc"</span> 
 
<span class='Comment_Multi_Line'>/* exec sql whenever not found  sqlprint ; */ 
</span>#line <span class='Number'>28</span> <span class='String'>"prep.pgc"</span> 
 
 
<span class='Directive'>#ifdef</span> <a href="../../../../include/c.h.html#LN61"><span class='Ref_to_Const'>WIN32</span></a> 
<a name="LN122"></a><span class='Keyword'>static unsigned </span>__stdcall <span class='Declare_Function'>fn</span><span class='Parentheses'>(</span><span class='Keyword'>void</span><span class='Operator'>* </span><span class='Declare_Parameter'>arg</span><span class='Parentheses'>) 
</span><span class='Directive'>#else</span> 
<span class='Keyword'>static void</span><span class='Operator'>* </span><a href="thread-descriptor.c.html#LN102"><span class='Ref_to_Func'>fn</span></a><span class='Parentheses'>(</span><span class='Keyword'>void</span><span class='Operator'>* </span><a href="thread-prep.c.html#LN122"><span class='Ref_to_Parameter'>arg</span></a><span class='Parentheses'>) 
</span><span class='Directive'>#endif</span> 
<span class='Delimiter'>{ 
</span><a name="LN127"></a>    <span class='Keyword'>int </span><span class='Declare_Local'>i</span><span class='Delimiter'>; 
</span> 
    <span class='Comment_Multi_Line'>/* exec sql begin declare section */ 
</span>       
      
        
     
#line <span class='Number'>39</span> <span class='String'>"prep.pgc"</span> 
<a name="LN135"></a> <span class='Keyword'>int </span><span class='Declare_Local'>value</span> <span class='Delimiter'>; 
</span>  
#line <span class='Number'>40</span> <span class='String'>"prep.pgc"</span> 
<a name="LN138"></a> <span class='Keyword'>char </span><span class='Declare_Local'>name</span> <span class='Delimiter'>[ </span><span class='Number'>100</span> <span class='Delimiter'>] ; 
</span>  
#line <span class='Number'>41</span> <span class='String'>"prep.pgc"</span> 
<a name="LN141"></a> <span class='Keyword'>char </span><span class='Declare_Local'>query</span> <span class='Delimiter'>[ </span><span class='Number'>256</span> <span class='Delimiter'>] </span><span class='Operator'>= </span><span class='String'>"INSERT INTO T VALUES ( ? )"</span> <span class='Delimiter'>; 
</span><span class='Comment_Multi_Line'>/* exec sql end declare section */ 
</span>#line <span class='Number'>42</span> <span class='String'>"prep.pgc"</span> 
 
 
    <span class='Keyword'>value </span><span class='Operator'>= </span><span class='Parentheses'>(</span><span class='Keyword'>long</span><span class='Parentheses'>)</span><a href="thread-prep.c.html#LN122"><span class='Ref_to_Parameter'>arg</span></a><span class='Delimiter'>; 
</span>    <a href="../../../../include/port.h.html#LN170"><span class='Ref_to_Macro'>sprintf</span></a><span class='Parentheses'>(</span><a href="thread-prep.c.html#LN138"><span class='Ref_To_Local'>name</span></a><span class='Delimiter'>, </span><span class='String'>"Connection: %d"</span><span class='Delimiter'>, </span><span class='Keyword'>value</span><span class='Parentheses'>)</span><span class='Delimiter'>; 
</span> 
    <span class='Delimiter'>{ </span><a href="../../include/ecpglib.h.html#LN50"><span class='Ref_to_Proto'>ECPGconnect</span></a><span class='Parentheses'>(</span>__LINE__<span class='Delimiter'>, </span><span class='Number'>0</span><span class='Delimiter'>, </span><span class='String'>"ecpg1_regression"</span> <span class='Delimiter'>, </span><span class='Null_Value'>NULL</span><span class='Delimiter'>, </span><span class='Null_Value'>NULL </span><span class='Delimiter'>, </span><a href="thread-prep.c.html#LN138"><span class='Ref_To_Local'>name</span></a><span class='Delimiter'>, </span><span class='Number'>0</span><span class='Parentheses'>)</span><span class='Delimiter'>;</span>  
#line <span class='Number'>47</span> <span class='String'>"prep.pgc"</span> 
 
<span class='Control'>if</span> <span class='Parentheses'>(</span><a href="../../include/sqlca.h.html#LN58"><span class='Ref_to_Const'>sqlca</span></a><span class='Operator'>.</span><a href="../../include/sqlca.h.html#LN22"><span class='Ref_to_Member'>sqlcode</span></a> <span class='Operator'>&LT; </span><span class='Number'>0</span><span class='Parentheses'>) </span><a href="../../include/ecpglib.h.html#LN64"><span class='Ref_to_Proto'>sqlprint</span></a><span class='Parentheses'>()</span><span class='Delimiter'>;} 
</span>#line <span class='Number'>47</span> <span class='String'>"prep.pgc"</span> 
 
    <span class='Delimiter'>{ </span><a href="../../include/ecpglib.h.html#LN48"><span class='Ref_to_Proto'>ECPGsetcommit</span></a><span class='Parentheses'>(</span>__LINE__<span class='Delimiter'>, </span><span class='String'>"on"</span><span class='Delimiter'>, </span><span class='Null_Value'>NULL</span><span class='Parentheses'>)</span><span class='Delimiter'>; 
</span>#line <span class='Number'>48</span> <span class='String'>"prep.pgc"</span> 
 
<span class='Control'>if</span> <span class='Parentheses'>(</span><a href="../../include/sqlca.h.html#LN58"><span class='Ref_to_Const'>sqlca</span></a><span class='Operator'>.</span><a href="../../include/sqlca.h.html#LN22"><span class='Ref_to_Member'>sqlcode</span></a> <span class='Operator'>&LT; </span><span class='Number'>0</span><span class='Parentheses'>) </span><a href="../../include/ecpglib.h.html#LN64"><span class='Ref_to_Proto'>sqlprint</span></a><span class='Parentheses'>()</span><span class='Delimiter'>;} 
</span>#line <span class='Number'>48</span> <span class='String'>"prep.pgc"</span> 
 
    <span class='Control'>for</span> <span class='Parentheses'>(</span><a href="thread-prep.c.html#LN127"><span class='Ref_To_Local'>i</span></a> <span class='Operator'>= </span><span class='Number'>1</span><span class='Delimiter'>; </span><a href="thread-prep.c.html#LN127"><span class='Ref_To_Local'>i</span></a> <span class='Operator'>&LT;= </span><a href="thread-descriptor.c.html#LN21"><span class='Ref_to_Const'>REPEATS</span></a><span class='Delimiter'>; </span><span class='Operator'>++</span><a href="thread-prep.c.html#LN127"><span class='Ref_To_Local'>i</span></a><span class='Parentheses'>) 
</span>    <span class='Delimiter'>{ 
</span>        <span class='Delimiter'>{ </span><a href="../../include/ecpglib.h.html#LN54"><span class='Ref_to_Proto'>ECPGprepare</span></a><span class='Parentheses'>(</span>__LINE__<span class='Delimiter'>, </span><span class='Null_Value'>NULL</span><span class='Delimiter'>, </span><span class='Number'>0</span><span class='Delimiter'>, </span><span class='String'>"i"</span><span class='Delimiter'>, </span><a href="thread-prep.c.html#LN141"><span class='Ref_To_Local'>query</span></a><span class='Parentheses'>)</span><span class='Delimiter'>; 
</span>#line <span class='Number'>51</span> <span class='String'>"prep.pgc"</span> 
 
<span class='Control'>if</span> <span class='Parentheses'>(</span><a href="../../include/sqlca.h.html#LN58"><span class='Ref_to_Const'>sqlca</span></a><span class='Operator'>.</span><a href="../../include/sqlca.h.html#LN22"><span class='Ref_to_Member'>sqlcode</span></a> <span class='Operator'>&LT; </span><span class='Number'>0</span><span class='Parentheses'>) </span><a href="../../include/ecpglib.h.html#LN64"><span class='Ref_to_Proto'>sqlprint</span></a><span class='Parentheses'>()</span><span class='Delimiter'>;} 
</span>#line <span class='Number'>51</span> <span class='String'>"prep.pgc"</span> 
 
        <span class='Delimiter'>{ </span><a href="../../include/ecpglib.h.html#LN51"><span class='Ref_to_Proto'>ECPGdo</span></a><span class='Parentheses'>(</span>__LINE__<span class='Delimiter'>, </span><span class='Number'>0</span><span class='Delimiter'>, </span><span class='Number'>1</span><span class='Delimiter'>, </span><span class='Null_Value'>NULL</span><span class='Delimiter'>, </span><span class='Number'>0</span><span class='Delimiter'>, </span><a href="../../include/ecpgtype.h.html#LN96"><span class='Ref_to_EnumConst'>ECPGst_execute</span></a><span class='Delimiter'>, </span><span class='String'>"i"</span><span class='Delimiter'>,</span>  
    <a href="../../include/ecpgtype.h.html#LN43"><span class='Ref_to_EnumConst'>ECPGt_int</span></a><span class='Delimiter'>,</span><span class='Operator'>&</span><span class='Parentheses'>(</span><span class='Keyword'>value</span><span class='Parentheses'>)</span><span class='Delimiter'>,</span><span class='Parentheses'>(</span><span class='Keyword'>long</span><span class='Parentheses'>)</span><span class='Number'>1</span><span class='Delimiter'>,</span><span class='Parentheses'>(</span><span class='Keyword'>long</span><span class='Parentheses'>)</span><span class='Number'>1</span><span class='Delimiter'>,</span><span class='Keyword'>sizeof</span><span class='Parentheses'>(</span><span class='Keyword'>int</span><span class='Parentheses'>)</span><span class='Delimiter'>,</span>  
    <a href="../../include/ecpgtype.h.html#LN63"><span class='Ref_to_EnumConst'>ECPGt_NO_INDICATOR</span></a><span class='Delimiter'>, </span><span class='Null_Value'>NULL </span><span class='Delimiter'>, </span><span class='Number'>0L</span><span class='Delimiter'>, </span><span class='Number'>0L</span><span class='Delimiter'>, </span><span class='Number'>0L</span><span class='Delimiter'>, </span><a href="../../include/ecpgtype.h.html#LN61"><span class='Ref_to_EnumConst'>ECPGt_EOIT</span></a><span class='Delimiter'>, </span><a href="../../include/ecpgtype.h.html#LN62"><span class='Ref_to_EnumConst'>ECPGt_EORT</span></a><span class='Parentheses'>)</span><span class='Delimiter'>; 
</span>#line <span class='Number'>52</span> <span class='String'>"prep.pgc"</span> 
 
<span class='Control'>if</span> <span class='Parentheses'>(</span><a href="../../include/sqlca.h.html#LN58"><span class='Ref_to_Const'>sqlca</span></a><span class='Operator'>.</span><a href="../../include/sqlca.h.html#LN22"><span class='Ref_to_Member'>sqlcode</span></a> <span class='Operator'>== </span><a href="../../include/ecpgerrno.h.html#LN9"><span class='Ref_to_Const'>ECPG_NOT_FOUND</span></a><span class='Parentheses'>) </span><a href="../../include/ecpglib.h.html#LN64"><span class='Ref_to_Proto'>sqlprint</span></a><span class='Parentheses'>()</span><span class='Delimiter'>; 
</span>#line <span class='Number'>52</span> <span class='String'>"prep.pgc"</span> 
 
<span class='Control'>if</span> <span class='Parentheses'>(</span><a href="../../include/sqlca.h.html#LN58"><span class='Ref_to_Const'>sqlca</span></a><span class='Operator'>.</span><a href="../../include/sqlca.h.html#LN22"><span class='Ref_to_Member'>sqlcode</span></a> <span class='Operator'>&LT; </span><span class='Number'>0</span><span class='Parentheses'>) </span><a href="../../include/ecpglib.h.html#LN64"><span class='Ref_to_Proto'>sqlprint</span></a><span class='Parentheses'>()</span><span class='Delimiter'>;} 
</span>#line <span class='Number'>52</span> <span class='String'>"prep.pgc"</span> 
 
    <span class='Delimiter'>}</span><span class='Auto_Annotations'> &laquo; end for i=1;i&LT;=REPEATS;++i &raquo; </span> 
    <span class='Delimiter'>{ </span><a href="../../include/ecpglib.h.html#LN55"><span class='Ref_to_Proto'>ECPGdeallocate</span></a><span class='Parentheses'>(</span>__LINE__<span class='Delimiter'>, </span><span class='Number'>0</span><span class='Delimiter'>, </span><span class='Null_Value'>NULL</span><span class='Delimiter'>, </span><span class='String'>"i"</span><span class='Parentheses'>)</span><span class='Delimiter'>; 
</span>#line <span class='Number'>54</span> <span class='String'>"prep.pgc"</span> 
 
<span class='Control'>if</span> <span class='Parentheses'>(</span><a href="../../include/sqlca.h.html#LN58"><span class='Ref_to_Const'>sqlca</span></a><span class='Operator'>.</span><a href="../../include/sqlca.h.html#LN22"><span class='Ref_to_Member'>sqlcode</span></a> <span class='Operator'>&LT; </span><span class='Number'>0</span><span class='Parentheses'>) </span><a href="../../include/ecpglib.h.html#LN64"><span class='Ref_to_Proto'>sqlprint</span></a><span class='Parentheses'>()</span><span class='Delimiter'>;} 
</span>#line <span class='Number'>54</span> <span class='String'>"prep.pgc"</span> 
 
    <span class='Delimiter'>{ </span><a href="../../include/ecpglib.h.html#LN53"><span class='Ref_to_Proto'>ECPGdisconnect</span></a><span class='Parentheses'>(</span>__LINE__<span class='Delimiter'>, </span><a href="thread-prep.c.html#LN138"><span class='Ref_To_Local'>name</span></a><span class='Parentheses'>)</span><span class='Delimiter'>; 
</span>#line <span class='Number'>55</span> <span class='String'>"prep.pgc"</span> 
 
<span class='Control'>if</span> <span class='Parentheses'>(</span><a href="../../include/sqlca.h.html#LN58"><span class='Ref_to_Const'>sqlca</span></a><span class='Operator'>.</span><a href="../../include/sqlca.h.html#LN22"><span class='Ref_to_Member'>sqlcode</span></a> <span class='Operator'>&LT; </span><span class='Number'>0</span><span class='Parentheses'>) </span><a href="../../include/ecpglib.h.html#LN64"><span class='Ref_to_Proto'>sqlprint</span></a><span class='Parentheses'>()</span><span class='Delimiter'>;} 
</span>#line <span class='Number'>55</span> <span class='String'>"prep.pgc"</span> 
 
 
    <span class='Control'>return</span> <span class='Number'>0</span><span class='Delimiter'>; 
}</span><span class='Auto_Annotations'> &laquo; end fn &raquo; </span> 
 
<a name="LN197"></a><span class='Keyword'>int </span><span class='Declare_Function'>main </span><span class='Parentheses'>() 
</span><span class='Delimiter'>{ 
</span><a name="LN199"></a>    <span class='Keyword'>int </span><span class='Declare_Local'>i</span><span class='Delimiter'>; 
</span><span class='Directive'>#ifdef</span> <a href="../../../../include/c.h.html#LN61"><span class='Ref_to_Const'>WIN32</span></a> 
<a name="LN201"></a>    HANDLE <span class='Declare_Local'>threads</span><span class='Delimiter'>[</span><a href="thread-descriptor.c.html#LN20"><span class='Ref_to_Const'>THREADS</span></a><span class='Delimiter'>]; 
</span><span class='Directive'>#else</span> 
<a name="LN203"></a>    <a href="../../../../bin/pgbench/pgbench.c.html#LN68"><span class='Ref_to_Typedef'>pthread_t</span></a> <span class='Declare_Local'>threads</span><span class='Delimiter'>[</span><a href="thread-descriptor.c.html#LN20"><span class='Ref_to_Const'>THREADS</span></a><span class='Delimiter'>]; 
</span><span class='Directive'>#endif</span> 
 
    <span class='Delimiter'>{ </span><a href="../../include/ecpglib.h.html#LN50"><span class='Ref_to_Proto'>ECPGconnect</span></a><span class='Parentheses'>(</span>__LINE__<span class='Delimiter'>, </span><span class='Number'>0</span><span class='Delimiter'>, </span><span class='String'>"ecpg1_regression"</span> <span class='Delimiter'>, </span><span class='Null_Value'>NULL</span><span class='Delimiter'>, </span><span class='Null_Value'>NULL </span><span class='Delimiter'>, </span><span class='Null_Value'>NULL</span><span class='Delimiter'>, </span><span class='Number'>0</span><span class='Parentheses'>)</span><span class='Delimiter'>;</span>  
#line <span class='Number'>69</span> <span class='String'>"prep.pgc"</span> 
 
<span class='Control'>if</span> <span class='Parentheses'>(</span><a href="../../include/sqlca.h.html#LN58"><span class='Ref_to_Const'>sqlca</span></a><span class='Operator'>.</span><a href="../../include/sqlca.h.html#LN22"><span class='Ref_to_Member'>sqlcode</span></a> <span class='Operator'>&LT; </span><span class='Number'>0</span><span class='Parentheses'>) </span><a href="../../include/ecpglib.h.html#LN64"><span class='Ref_to_Proto'>sqlprint</span></a><span class='Parentheses'>()</span><span class='Delimiter'>;} 
</span>#line <span class='Number'>69</span> <span class='String'>"prep.pgc"</span> 
 
    <span class='Delimiter'>{ </span><a href="../../include/ecpglib.h.html#LN48"><span class='Ref_to_Proto'>ECPGsetcommit</span></a><span class='Parentheses'>(</span>__LINE__<span class='Delimiter'>, </span><span class='String'>"on"</span><span class='Delimiter'>, </span><span class='Null_Value'>NULL</span><span class='Parentheses'>)</span><span class='Delimiter'>; 
</span>#line <span class='Number'>70</span> <span class='String'>"prep.pgc"</span> 
 
<span class='Control'>if</span> <span class='Parentheses'>(</span><a href="../../include/sqlca.h.html#LN58"><span class='Ref_to_Const'>sqlca</span></a><span class='Operator'>.</span><a href="../../include/sqlca.h.html#LN22"><span class='Ref_to_Member'>sqlcode</span></a> <span class='Operator'>&LT; </span><span class='Number'>0</span><span class='Parentheses'>) </span><a href="../../include/ecpglib.h.html#LN64"><span class='Ref_to_Proto'>sqlprint</span></a><span class='Parentheses'>()</span><span class='Delimiter'>;} 
</span>#line <span class='Number'>70</span> <span class='String'>"prep.pgc"</span> 
 
    <span class='Delimiter'>{ </span><a href="../../include/ecpglib.h.html#LN51"><span class='Ref_to_Proto'>ECPGdo</span></a><span class='Parentheses'>(</span>__LINE__<span class='Delimiter'>, </span><span class='Number'>0</span><span class='Delimiter'>, </span><span class='Number'>1</span><span class='Delimiter'>, </span><span class='Null_Value'>NULL</span><span class='Delimiter'>, </span><span class='Number'>0</span><span class='Delimiter'>, </span><a href="../../include/ecpgtype.h.html#LN95"><span class='Ref_to_EnumConst'>ECPGst_normal</span></a><span class='Delimiter'>, </span><span class='String'>"drop table if exists T"</span><span class='Delimiter'>, </span><a href="../../include/ecpgtype.h.html#LN61"><span class='Ref_to_EnumConst'>ECPGt_EOIT</span></a><span class='Delimiter'>, </span><a href="../../include/ecpgtype.h.html#LN62"><span class='Ref_to_EnumConst'>ECPGt_EORT</span></a><span class='Parentheses'>)</span><span class='Delimiter'>; 
</span>#line <span class='Number'>71</span> <span class='String'>"prep.pgc"</span> 
 
<span class='Control'>if</span> <span class='Parentheses'>(</span><a href="../../include/sqlca.h.html#LN58"><span class='Ref_to_Const'>sqlca</span></a><span class='Operator'>.</span><a href="../../include/sqlca.h.html#LN22"><span class='Ref_to_Member'>sqlcode</span></a> <span class='Operator'>&LT; </span><span class='Number'>0</span><span class='Parentheses'>) </span><a href="../../include/ecpglib.h.html#LN64"><span class='Ref_to_Proto'>sqlprint</span></a><span class='Parentheses'>()</span><span class='Delimiter'>;} 
</span>#line <span class='Number'>71</span> <span class='String'>"prep.pgc"</span> 
 
    <span class='Delimiter'>{ </span><a href="../../include/ecpglib.h.html#LN51"><span class='Ref_to_Proto'>ECPGdo</span></a><span class='Parentheses'>(</span>__LINE__<span class='Delimiter'>, </span><span class='Number'>0</span><span class='Delimiter'>, </span><span class='Number'>1</span><span class='Delimiter'>, </span><span class='Null_Value'>NULL</span><span class='Delimiter'>, </span><span class='Number'>0</span><span class='Delimiter'>, </span><a href="../../include/ecpgtype.h.html#LN95"><span class='Ref_to_EnumConst'>ECPGst_normal</span></a><span class='Delimiter'>, </span><span class='String'>"create table T ( i int )"</span><span class='Delimiter'>, </span><a href="../../include/ecpgtype.h.html#LN61"><span class='Ref_to_EnumConst'>ECPGt_EOIT</span></a><span class='Delimiter'>, </span><a href="../../include/ecpgtype.h.html#LN62"><span class='Ref_to_EnumConst'>ECPGt_EORT</span></a><span class='Parentheses'>)</span><span class='Delimiter'>; 
</span>#line <span class='Number'>72</span> <span class='String'>"prep.pgc"</span> 
 
<span class='Control'>if</span> <span class='Parentheses'>(</span><a href="../../include/sqlca.h.html#LN58"><span class='Ref_to_Const'>sqlca</span></a><span class='Operator'>.</span><a href="../../include/sqlca.h.html#LN22"><span class='Ref_to_Member'>sqlcode</span></a> <span class='Operator'>&LT; </span><span class='Number'>0</span><span class='Parentheses'>) </span><a href="../../include/ecpglib.h.html#LN64"><span class='Ref_to_Proto'>sqlprint</span></a><span class='Parentheses'>()</span><span class='Delimiter'>;} 
</span>#line <span class='Number'>72</span> <span class='String'>"prep.pgc"</span> 
 
    <span class='Delimiter'>{ </span><a href="../../include/ecpglib.h.html#LN53"><span class='Ref_to_Proto'>ECPGdisconnect</span></a><span class='Parentheses'>(</span>__LINE__<span class='Delimiter'>, </span><span class='String'>"CURRENT"</span><span class='Parentheses'>)</span><span class='Delimiter'>; 
</span>#line <span class='Number'>73</span> <span class='String'>"prep.pgc"</span> 
 
<span class='Control'>if</span> <span class='Parentheses'>(</span><a href="../../include/sqlca.h.html#LN58"><span class='Ref_to_Const'>sqlca</span></a><span class='Operator'>.</span><a href="../../include/sqlca.h.html#LN22"><span class='Ref_to_Member'>sqlcode</span></a> <span class='Operator'>&LT; </span><span class='Number'>0</span><span class='Parentheses'>) </span><a href="../../include/ecpglib.h.html#LN64"><span class='Ref_to_Proto'>sqlprint</span></a><span class='Parentheses'>()</span><span class='Delimiter'>;} 
</span>#line <span class='Number'>73</span> <span class='String'>"prep.pgc"</span> 
 
 
<span class='Directive'>#ifdef</span> <a href="../../../../include/c.h.html#LN61"><span class='Ref_to_Const'>WIN32</span></a> 
    <span class='Control'>for</span> <span class='Parentheses'>(</span><a href="thread-prep.c.html#LN199"><span class='Ref_To_Local'>i</span></a> <span class='Operator'>= </span><span class='Number'>0</span><span class='Delimiter'>; </span><a href="thread-prep.c.html#LN199"><span class='Ref_To_Local'>i</span></a> <span class='Operator'>&LT; </span><a href="thread-descriptor.c.html#LN20"><span class='Ref_to_Const'>THREADS</span></a><span class='Delimiter'>; </span><span class='Operator'>++</span><a href="thread-prep.c.html#LN199"><span class='Ref_To_Local'>i</span></a><span class='Parentheses'>) 
</span>    <span class='Delimiter'>{ 
</span><a name="LN240"></a>        <span class='Keyword'>unsigned </span><span class='Declare_Local'>id</span><span class='Delimiter'>; 
</span>        <a href="thread-prep.c.html#LN201"><span class='Ref_To_Local'>threads</span></a><span class='Delimiter'>[</span><a href="thread-prep.c.html#LN199"><span class='Ref_To_Local'>i</span></a><span class='Delimiter'>] </span><span class='Operator'>= </span><span class='Parentheses'>(</span>HANDLE<span class='Parentheses'>)</span>_beginthreadex<span class='Parentheses'>(</span><span class='Null_Value'>NULL</span><span class='Delimiter'>, </span><span class='Number'>0</span><span class='Delimiter'>, </span><a href="thread-descriptor.c.html#LN102"><span class='Ref_to_Func'>fn</span></a><span class='Delimiter'>, </span><span class='Parentheses'>(</span><span class='Keyword'>void</span><span class='Operator'>*</span><span class='Parentheses'>)</span><a href="thread-prep.c.html#LN199"><span class='Ref_To_Local'>i</span></a><span class='Delimiter'>, </span><span class='Number'>0</span><span class='Delimiter'>, </span><span class='Operator'>&</span><a href="thread-prep.c.html#LN240"><span class='Ref_To_Local'>id</span></a><span class='Parentheses'>)</span><span class='Delimiter'>; 
</span>    <span class='Delimiter'>} 
</span> 
    WaitForMultipleObjects<span class='Parentheses'>(</span><a href="thread-descriptor.c.html#LN20"><span class='Ref_to_Const'>THREADS</span></a><span class='Delimiter'>, </span><a href="thread-prep.c.html#LN201"><span class='Ref_To_Local'>threads</span></a><span class='Delimiter'>, </span><span class='Boolean'>TRUE</span><span class='Delimiter'>, </span>INFINITE<span class='Parentheses'>)</span><span class='Delimiter'>; 
</span>    <span class='Control'>for</span> <span class='Parentheses'>(</span><a href="thread-prep.c.html#LN199"><span class='Ref_To_Local'>i</span></a> <span class='Operator'>= </span><span class='Number'>0</span><span class='Delimiter'>; </span><a href="thread-prep.c.html#LN199"><span class='Ref_To_Local'>i</span></a> <span class='Operator'>&LT; </span><a href="thread-descriptor.c.html#LN20"><span class='Ref_to_Const'>THREADS</span></a><span class='Delimiter'>; </span><span class='Operator'>++</span><a href="thread-prep.c.html#LN199"><span class='Ref_To_Local'>i</span></a><span class='Parentheses'>) 
</span>        CloseHandle<span class='Parentheses'>(</span><a href="thread-prep.c.html#LN201"><span class='Ref_To_Local'>threads</span></a><span class='Delimiter'>[</span><a href="thread-prep.c.html#LN199"><span class='Ref_To_Local'>i</span></a><span class='Delimiter'>]</span><span class='Parentheses'>)</span><span class='Delimiter'>; 
</span><span class='Directive'>#else</span> 
    <span class='Control'>for</span> <span class='Parentheses'>(</span><a href="thread-prep.c.html#LN199"><span class='Ref_To_Local'>i</span></a> <span class='Operator'>= </span><span class='Number'>0</span><span class='Delimiter'>; </span><a href="thread-prep.c.html#LN199"><span class='Ref_To_Local'>i</span></a> <span class='Operator'>&LT; </span><a href="thread-descriptor.c.html#LN20"><span class='Ref_to_Const'>THREADS</span></a><span class='Delimiter'>; </span><span class='Operator'>++</span><a href="thread-prep.c.html#LN199"><span class='Ref_To_Local'>i</span></a><span class='Parentheses'>) 
</span>        <a href="../../../../bin/pgbench/pgbench.c.html#LN71"><span class='Ref_to_Proto'>pthread_create</span></a><span class='Parentheses'>(</span><span class='Operator'>&</span><a href="thread-prep.c.html#LN201"><span class='Ref_To_Local'>threads</span></a><span class='Delimiter'>[</span><a href="thread-prep.c.html#LN199"><span class='Ref_To_Local'>i</span></a><span class='Delimiter'>], </span><span class='Null_Value'>NULL</span><span class='Delimiter'>, </span><a href="thread-descriptor.c.html#LN102"><span class='Ref_to_Func'>fn</span></a><span class='Delimiter'>, </span><span class='Parentheses'>(</span><span class='Keyword'>void </span><span class='Operator'>*</span><span class='Parentheses'>) (</span><span class='Keyword'>long</span><span class='Parentheses'>) </span><a href="thread-prep.c.html#LN199"><span class='Ref_To_Local'>i</span></a><span class='Parentheses'>)</span><span class='Delimiter'>; 
</span>    <span class='Control'>for</span> <span class='Parentheses'>(</span><a href="thread-prep.c.html#LN199"><span class='Ref_To_Local'>i</span></a> <span class='Operator'>= </span><span class='Number'>0</span><span class='Delimiter'>; </span><a href="thread-prep.c.html#LN199"><span class='Ref_To_Local'>i</span></a> <span class='Operator'>&LT; </span><a href="thread-descriptor.c.html#LN20"><span class='Ref_to_Const'>THREADS</span></a><span class='Delimiter'>; </span><span class='Operator'>++</span><a href="thread-prep.c.html#LN199"><span class='Ref_To_Local'>i</span></a><span class='Parentheses'>) 
</span>        <a href="../../../../bin/pgbench/pgbench.c.html#LN72"><span class='Ref_to_Proto'>pthread_join</span></a><span class='Parentheses'>(</span><a href="thread-prep.c.html#LN201"><span class='Ref_To_Local'>threads</span></a><span class='Delimiter'>[</span><a href="thread-prep.c.html#LN199"><span class='Ref_To_Local'>i</span></a><span class='Delimiter'>], </span><span class='Null_Value'>NULL</span><span class='Parentheses'>)</span><span class='Delimiter'>; 
</span><span class='Directive'>#endif</span> 
 
    <span class='Control'>return</span> <span class='Number'>0</span><span class='Delimiter'>; 
}</span><span class='Auto_Annotations'> &laquo; end main &raquo; </span> 
<span class='Directive'>#endif</span> 
</pre>
<table bgcolor='#c0c0c0' width='100%'><tr><td><a href='../../../../../Contents.html'>Contents</a></td></tr>
</table><hr><p class='blurb' align='center'><a href='http://www.sourceinsight.com'>HTML Created by Source Insight Version 4.00.0084 Built on 2017-02-26</a></p>
</body></html>