<!DOCTYPE html PUBLIC "-//W3C//DTD HTML 4.01 Transitional//EN">
<html>
<head>
<meta name="generator" content="Source Insight Version 4.00.0084 Built on 2017-02-26">
<meta charset='UTF-8' />
<style type='text/css'><!--
TD {background-color: #C0C0C0; font-family: 'Verdana', 'Arial', 'Helvetica', Sans-Serif; font-size: 70%; }
.blurb {font-family: 'Verdana', 'Arial', 'Helvetica', Sans-Serif; font-size: 70%; }
.filename {font-family: 'Verdana', 'Arial', 'Helvetica', Sans-Serif; font-size: 120%; font-weight: bold; }
.dirname {font-family: 'Verdana', 'Arial', 'Helvetica', Sans-Serif; font-size: 100%; font-weight: bold; margin-top: 2.5em;}
--></style>
<title>src\interfaces\ecpg\test\expected\thread-thread_implicit.c</title>
<LINK REL=StyleSheet HREF="../../../../../C_Cpp_Source_File.css" TYPE='text/css' MEDIA=screen>
</head>
<body bgcolor=#ffffff>
<table bgcolor='#c0c0c0' width='100%'>
<tr><td><p class='filename'><b>src\interfaces\ecpg\test\expected\thread-thread_implicit.c</b></p></td>
<td align='right'>
Wed Jun 14 08:26:10 2017
</td></tr>
<tr><td><a href='../../../../../Contents.html'>Contents</a></td></tr>
</table>
<pre>
</span><span class='Comment_Multi_Line'>/* Processed by ecpg (regression mode) */ 
/* These include files are added by the preprocessor */ 
</span><span class='Keyword'>#include </span><span class='String'>&LT;ecpglib.h&GT;</span> 
<span class='Keyword'>#include </span><span class='String'>&LT;ecpgerrno.h&GT;</span> 
<span class='Keyword'>#include </span><span class='String'>&LT;sqlca.h&GT;</span> 
<span class='Comment_Multi_Line'>/* End of automatic include section */ 
</span><a name="LN6"></a><span class='Keyword'>#define </span><span class='Declare_Macro'>ECPGdebug</span><span class='Parentheses'>(</span><span class='Declare_Parameter'>X</span><span class='Delimiter'>,</span><span class='Declare_Parameter'>Y</span><span class='Parentheses'>) </span><a href="thread-thread_implicit.c.html#LN6"><span class='Ref_to_Macro'>ECPGdebug</span></a><span class='Parentheses'>((</span><a href="thread-thread_implicit.c.html#LN6"><span class='Ref_to_Parameter'>X</span></a><span class='Parentheses'>)</span><span class='Operator'>+</span><span class='Number'>100</span><span class='Delimiter'>,</span><span class='Parentheses'>(</span><a href="thread-thread_implicit.c.html#LN6"><span class='Ref_to_Parameter'>Y</span></a><span class='Parentheses'>))</span> 
 
#line <span class='Number'>1</span> <span class='String'>"thread_implicit.pgc"</span> 
<span class='Comment_Multi_Line'>/* 
 *  Thread test program 
 *  by Lee Kindness. 
 */ 
</span> 
<span class='Keyword'>#include </span><span class='String'>&LT;stdlib.h&GT;</span> 
<span class='Keyword'>#include </span><span class='String'>"ecpg_config.h"</span> 
 
<span class='Directive'>#ifndef</span> ENABLE_THREAD_SAFETY 
<span class='Keyword'>int 
</span><a name="LN19"></a><span class='Declare_Function'>main</span><span class='Parentheses'>(</span><span class='Keyword'>void</span><span class='Parentheses'>) 
</span><span class='Delimiter'>{ 
</span>    <a href="../../../../include/port.h.html#LN173"><span class='Ref_to_Macro'>printf</span></a><span class='Parentheses'>(</span><span class='String'>"No threading enabled.\n"</span><span class='Parentheses'>)</span><span class='Delimiter'>; 
</span>    <span class='Control'>return</span> <span class='Number'>0</span><span class='Delimiter'>; 
} 
</span><span class='Directive'>#else</span> 
<span class='Directive'>#ifndef</span> <a href="../../../../include/c.h.html#LN61"><span class='Ref_to_Const'>WIN32</span></a> 
<span class='Keyword'>#include </span><span class='String'>&LT;pthread.h&GT;</span> 
<span class='Directive'>#else</span> 
<span class='Keyword'>#include </span><span class='String'>&LT;windows.h&GT;</span> 
<span class='Directive'>#endif</span> 
 
 
#line <span class='Number'>1</span> <span class='String'>"regression.h"</span> 
 
 
 
 
 
 
#line <span class='Number'>23</span> <span class='String'>"thread_implicit.pgc"</span> 
 
 
<a name="LN42"></a><span class='Keyword'>void </span><span class='Operator'>*</span><span class='Declare_Prototype'>test_thread</span><span class='Parentheses'>(</span><span class='Keyword'>void </span><span class='Operator'>*</span><span class='Declare_Parameter'>arg</span><span class='Parentheses'>)</span><span class='Delimiter'>; 
</span> 
<a name="LN44"></a><span class='Keyword'>int </span><span class='Declare_Var'>nthreads</span>   <span class='Operator'>= </span><span class='Number'>10</span><span class='Delimiter'>; 
</span><a name="LN45"></a><span class='Keyword'>int </span><span class='Declare_Var'>iterations</span> <span class='Operator'>= </span><span class='Number'>20</span><span class='Delimiter'>; 
</span> 
<a name="LN47"></a><span class='Keyword'>int </span><span class='Declare_Function'>main</span><span class='Parentheses'>() 
</span><span class='Delimiter'>{ 
</span><span class='Directive'>#ifndef</span> <a href="../../../../include/c.h.html#LN61"><span class='Ref_to_Const'>WIN32</span></a> 
<a name="LN50"></a>  <a href="../../../../bin/pgbench/pgbench.c.html#LN68"><span class='Ref_to_Typedef'>pthread_t</span></a> <span class='Operator'>*</span><span class='Declare_Local'>threads</span><span class='Delimiter'>; 
</span><span class='Directive'>#else</span> 
<a name="LN52"></a>  HANDLE <span class='Operator'>*</span><span class='Declare_Local'>threads</span><span class='Delimiter'>; 
</span><span class='Directive'>#endif</span> 
<a name="LN54"></a>  <span class='Keyword'>int </span><span class='Declare_Local'>n</span><span class='Delimiter'>; 
</span>  <span class='Comment_Multi_Line'>/* exec sql begin declare section */ 
</span>    
   
#line <span class='Number'>39</span> <span class='String'>"thread_implicit.pgc"</span> 
<a name="LN59"></a> <span class='Keyword'>int </span><span class='Declare_Local'>l_rows</span> <span class='Delimiter'>; 
</span><span class='Comment_Multi_Line'>/* exec sql end declare section */ 
</span>#line <span class='Number'>40</span> <span class='String'>"thread_implicit.pgc"</span> 
 
 
 <span class='Comment_Multi_Line'>/* Do not switch on debug output for regression tests. The threads get executed in 
  * more or less random order */ 
</span> <span class='Comment_Multi_Line'>/* ECPGdebug(1, stderr); */ 
</span> 
  <span class='Comment_Multi_Line'>/* setup test_thread table */ 
</span>  <span class='Delimiter'>{ </span><a href="../../include/ecpglib.h.html#LN50"><span class='Ref_to_Proto'>ECPGconnect</span></a><span class='Parentheses'>(</span>__LINE__<span class='Delimiter'>, </span><span class='Number'>0</span><span class='Delimiter'>, </span><span class='String'>"ecpg1_regression"</span> <span class='Delimiter'>, </span><span class='Null_Value'>NULL</span><span class='Delimiter'>, </span><span class='Null_Value'>NULL </span><span class='Delimiter'>, </span><span class='Null_Value'>NULL</span><span class='Delimiter'>, </span><span class='Number'>0</span><span class='Parentheses'>)</span><span class='Delimiter'>; } 
</span>#line <span class='Number'>47</span> <span class='String'>"thread_implicit.pgc"</span> 
 
  <span class='Delimiter'>{ </span><a href="../../include/ecpglib.h.html#LN51"><span class='Ref_to_Proto'>ECPGdo</span></a><span class='Parentheses'>(</span>__LINE__<span class='Delimiter'>, </span><span class='Number'>0</span><span class='Delimiter'>, </span><span class='Number'>1</span><span class='Delimiter'>, </span><span class='Null_Value'>NULL</span><span class='Delimiter'>, </span><span class='Number'>0</span><span class='Delimiter'>, </span><a href="../../include/ecpgtype.h.html#LN95"><span class='Ref_to_EnumConst'>ECPGst_normal</span></a><span class='Delimiter'>, </span><span class='String'>"drop table test_thread"</span><span class='Delimiter'>, </span><a href="../../include/ecpgtype.h.html#LN61"><span class='Ref_to_EnumConst'>ECPGt_EOIT</span></a><span class='Delimiter'>, </span><a href="../../include/ecpgtype.h.html#LN62"><span class='Ref_to_EnumConst'>ECPGt_EORT</span></a><span class='Parentheses'>)</span><span class='Delimiter'>;} 
</span>#line <span class='Number'>48</span> <span class='String'>"thread_implicit.pgc"</span> 
 <span class='Comment_Multi_Line'>/* DROP might fail */ 
</span>  <span class='Delimiter'>{ </span><a href="../../include/ecpglib.h.html#LN52"><span class='Ref_to_Proto'>ECPGtrans</span></a><span class='Parentheses'>(</span>__LINE__<span class='Delimiter'>, </span><span class='Null_Value'>NULL</span><span class='Delimiter'>, </span><span class='String'>"commit"</span><span class='Parentheses'>)</span><span class='Delimiter'>;} 
</span>#line <span class='Number'>49</span> <span class='String'>"thread_implicit.pgc"</span> 
 
  <span class='Delimiter'>{ </span><a href="../../include/ecpglib.h.html#LN51"><span class='Ref_to_Proto'>ECPGdo</span></a><span class='Parentheses'>(</span>__LINE__<span class='Delimiter'>, </span><span class='Number'>0</span><span class='Delimiter'>, </span><span class='Number'>1</span><span class='Delimiter'>, </span><span class='Null_Value'>NULL</span><span class='Delimiter'>, </span><span class='Number'>0</span><span class='Delimiter'>, </span><a href="../../include/ecpgtype.h.html#LN95"><span class='Ref_to_EnumConst'>ECPGst_normal</span></a><span class='Delimiter'>, </span><span class='String'>"create table test_thread ( tstamp timestamp not null default cast ( timeofday ( ) as timestamp ) , thread text not null , iteration integer not null , primary key ( thread , iteration ) )"</span><span class='Delimiter'>, </span><a href="../../include/ecpgtype.h.html#LN61"><span class='Ref_to_EnumConst'>ECPGt_EOIT</span></a><span class='Delimiter'>, </span><a href="../../include/ecpgtype.h.html#LN62"><span class='Ref_to_EnumConst'>ECPGt_EORT</span></a><span class='Parentheses'>)</span><span class='Delimiter'>;} 
</span>#line <span class='Number'>54</span> <span class='String'>"thread_implicit.pgc"</span> 
 
  <span class='Delimiter'>{ </span><a href="../../include/ecpglib.h.html#LN52"><span class='Ref_to_Proto'>ECPGtrans</span></a><span class='Parentheses'>(</span>__LINE__<span class='Delimiter'>, </span><span class='Null_Value'>NULL</span><span class='Delimiter'>, </span><span class='String'>"commit"</span><span class='Parentheses'>)</span><span class='Delimiter'>;} 
</span>#line <span class='Number'>55</span> <span class='String'>"thread_implicit.pgc"</span> 
 
  <span class='Delimiter'>{ </span><a href="../../include/ecpglib.h.html#LN53"><span class='Ref_to_Proto'>ECPGdisconnect</span></a><span class='Parentheses'>(</span>__LINE__<span class='Delimiter'>, </span><span class='String'>"CURRENT"</span><span class='Parentheses'>)</span><span class='Delimiter'>;} 
</span>#line <span class='Number'>56</span> <span class='String'>"thread_implicit.pgc"</span> 
 
 
  <span class='Comment_Multi_Line'>/* create, and start, threads */ 
</span>  <a href="thread-thread_implicit.c.html#LN50"><span class='Ref_To_Local'>threads</span></a> <span class='Operator'>= </span><a href="../../../../include/snowball/header.h.html#LN54"><span class='Ref_to_Macro'>calloc</span></a><span class='Parentheses'>(</span><a href="thread-thread.c.html#LN43"><span class='Ref_to_Global_Var'>nthreads</span></a><span class='Delimiter'>, </span><span class='Keyword'>sizeof</span><span class='Parentheses'>(</span><a href="thread-thread_implicit.c.html#LN50"><span class='Ref_To_Local'>threads</span></a><span class='Delimiter'>[</span><span class='Number'>0</span><span class='Delimiter'>]</span><span class='Parentheses'>))</span><span class='Delimiter'>; 
</span>  <span class='Control'>if</span><span class='Parentheses'>( </span><a href="thread-thread_implicit.c.html#LN50"><span class='Ref_To_Local'>threads</span></a> <span class='Operator'>== </span><span class='Null_Value'>NULL </span><span class='Parentheses'>) 
</span>    <span class='Delimiter'>{ 
</span>      <a href="../../../../../contrib/seg/segscan.l.html#LN10"><span class='Ref_to_Macro'>fprintf</span></a><span class='Parentheses'>(</span>stderr<span class='Delimiter'>, </span><span class='String'>"Cannot alloc memory\n"</span><span class='Parentheses'>)</span><span class='Delimiter'>; 
</span>      <span class='Control'>return</span><span class='Parentheses'>( </span><span class='Number'>1</span> <span class='Parentheses'>)</span><span class='Delimiter'>; 
</span>    <span class='Delimiter'>} 
</span>  <span class='Control'>for</span><span class='Parentheses'>( </span><a href="thread-thread_implicit.c.html#LN54"><span class='Ref_To_Local'>n</span></a> <span class='Operator'>= </span><span class='Number'>0</span><span class='Delimiter'>; </span><a href="thread-thread_implicit.c.html#LN54"><span class='Ref_To_Local'>n</span></a> <span class='Operator'>&LT; </span><a href="thread-thread.c.html#LN43"><span class='Ref_to_Global_Var'>nthreads</span></a><span class='Delimiter'>; </span><a href="thread-thread_implicit.c.html#LN54"><span class='Ref_To_Local'>n</span></a><span class='Operator'>++ </span><span class='Parentheses'>) 
</span>    <span class='Delimiter'>{ 
</span><span class='Directive'>#ifndef</span> <a href="../../../../include/c.h.html#LN61"><span class='Ref_to_Const'>WIN32</span></a> 
      <a href="../../../../bin/pgbench/pgbench.c.html#LN71"><span class='Ref_to_Proto'>pthread_create</span></a><span class='Parentheses'>(</span><span class='Operator'>&</span><a href="thread-thread_implicit.c.html#LN50"><span class='Ref_To_Local'>threads</span></a><span class='Delimiter'>[</span><a href="thread-thread_implicit.c.html#LN54"><span class='Ref_To_Local'>n</span></a><span class='Delimiter'>], </span><span class='Null_Value'>NULL</span><span class='Delimiter'>, </span><a href="thread-thread.c.html#LN41"><span class='Ref_to_Proto'>test_thread</span></a><span class='Delimiter'>, </span><span class='Parentheses'>(</span><span class='Keyword'>void </span><span class='Operator'>*</span><span class='Parentheses'>) (</span><span class='Keyword'>long</span><span class='Parentheses'>) (</span><a href="thread-thread_implicit.c.html#LN54"><span class='Ref_To_Local'>n</span></a> <span class='Operator'>+ </span><span class='Number'>1</span><span class='Parentheses'>))</span><span class='Delimiter'>; 
</span><span class='Directive'>#else</span> 
      <a href="thread-thread_implicit.c.html#LN50"><span class='Ref_To_Local'>threads</span></a><span class='Delimiter'>[</span><a href="thread-thread_implicit.c.html#LN54"><span class='Ref_To_Local'>n</span></a><span class='Delimiter'>] </span><span class='Operator'>= </span>CreateThread<span class='Parentheses'>(</span><span class='Null_Value'>NULL</span><span class='Delimiter'>, </span><span class='Number'>0</span><span class='Delimiter'>, </span><span class='Parentheses'>(</span>LPTHREAD_START_ROUTINE<span class='Parentheses'>) </span><a href="thread-thread.c.html#LN41"><span class='Ref_to_Proto'>test_thread</span></a><span class='Delimiter'>, </span><span class='Parentheses'>(</span><span class='Keyword'>void </span><span class='Operator'>*</span><span class='Parentheses'>) (</span><a href="thread-thread_implicit.c.html#LN54"><span class='Ref_To_Local'>n</span></a><span class='Operator'>+</span><span class='Number'>1</span><span class='Parentheses'>)</span><span class='Delimiter'>, </span><span class='Number'>0</span><span class='Delimiter'>, </span><span class='Null_Value'>NULL</span><span class='Parentheses'>)</span><span class='Delimiter'>; 
</span><span class='Directive'>#endif</span> 
    <span class='Delimiter'>} 
</span> 
  <span class='Comment_Multi_Line'>/* wait for thread completion */ 
</span><span class='Directive'>#ifndef</span> <a href="../../../../include/c.h.html#LN61"><span class='Ref_to_Const'>WIN32</span></a> 
  <span class='Control'>for</span><span class='Parentheses'>( </span><a href="thread-thread_implicit.c.html#LN54"><span class='Ref_To_Local'>n</span></a> <span class='Operator'>= </span><span class='Number'>0</span><span class='Delimiter'>; </span><a href="thread-thread_implicit.c.html#LN54"><span class='Ref_To_Local'>n</span></a> <span class='Operator'>&LT; </span><a href="thread-thread.c.html#LN43"><span class='Ref_to_Global_Var'>nthreads</span></a><span class='Delimiter'>; </span><a href="thread-thread_implicit.c.html#LN54"><span class='Ref_To_Local'>n</span></a><span class='Operator'>++ </span><span class='Parentheses'>) 
</span>    <span class='Delimiter'>{ 
</span>      <a href="../../../../bin/pgbench/pgbench.c.html#LN72"><span class='Ref_to_Proto'>pthread_join</span></a><span class='Parentheses'>(</span><a href="thread-thread_implicit.c.html#LN50"><span class='Ref_To_Local'>threads</span></a><span class='Delimiter'>[</span><a href="thread-thread_implicit.c.html#LN54"><span class='Ref_To_Local'>n</span></a><span class='Delimiter'>], </span><span class='Null_Value'>NULL</span><span class='Parentheses'>)</span><span class='Delimiter'>; 
</span>    <span class='Delimiter'>} 
</span><span class='Directive'>#else</span> 
  WaitForMultipleObjects<span class='Parentheses'>(</span><a href="thread-thread.c.html#LN43"><span class='Ref_to_Global_Var'>nthreads</span></a><span class='Delimiter'>, </span><a href="thread-thread_implicit.c.html#LN50"><span class='Ref_To_Local'>threads</span></a><span class='Delimiter'>, </span><span class='Boolean'>TRUE</span><span class='Delimiter'>, </span>INFINITE<span class='Parentheses'>)</span><span class='Delimiter'>; 
</span><span class='Directive'>#endif</span> 
  <a href="../../../../include/snowball/header.h.html#LN64"><span class='Ref_to_Macro'>free</span></a><span class='Parentheses'>(</span><a href="thread-thread_implicit.c.html#LN50"><span class='Ref_To_Local'>threads</span></a><span class='Parentheses'>)</span><span class='Delimiter'>; 
</span> 
  <span class='Comment_Multi_Line'>/* and check results */ 
</span>  <span class='Delimiter'>{ </span><a href="../../include/ecpglib.h.html#LN50"><span class='Ref_to_Proto'>ECPGconnect</span></a><span class='Parentheses'>(</span>__LINE__<span class='Delimiter'>, </span><span class='Number'>0</span><span class='Delimiter'>, </span><span class='String'>"ecpg1_regression"</span> <span class='Delimiter'>, </span><span class='Null_Value'>NULL</span><span class='Delimiter'>, </span><span class='Null_Value'>NULL </span><span class='Delimiter'>, </span><span class='Null_Value'>NULL</span><span class='Delimiter'>, </span><span class='Number'>0</span><span class='Parentheses'>)</span><span class='Delimiter'>; } 
</span>#line <span class='Number'>86</span> <span class='String'>"thread_implicit.pgc"</span> 
 
  <span class='Delimiter'>{ </span><a href="../../include/ecpglib.h.html#LN51"><span class='Ref_to_Proto'>ECPGdo</span></a><span class='Parentheses'>(</span>__LINE__<span class='Delimiter'>, </span><span class='Number'>0</span><span class='Delimiter'>, </span><span class='Number'>1</span><span class='Delimiter'>, </span><span class='Null_Value'>NULL</span><span class='Delimiter'>, </span><span class='Number'>0</span><span class='Delimiter'>, </span><a href="../../include/ecpgtype.h.html#LN95"><span class='Ref_to_EnumConst'>ECPGst_normal</span></a><span class='Delimiter'>, </span><span class='String'>"select count ( * ) from test_thread"</span><span class='Delimiter'>, </span><a href="../../include/ecpgtype.h.html#LN61"><span class='Ref_to_EnumConst'>ECPGt_EOIT</span></a><span class='Delimiter'>,</span>  
    <a href="../../include/ecpgtype.h.html#LN43"><span class='Ref_to_EnumConst'>ECPGt_int</span></a><span class='Delimiter'>,</span><span class='Operator'>&</span><span class='Parentheses'>(</span><a href="thread-thread_implicit.c.html#LN59"><span class='Ref_To_Local'>l_rows</span></a><span class='Parentheses'>)</span><span class='Delimiter'>,</span><span class='Parentheses'>(</span><span class='Keyword'>long</span><span class='Parentheses'>)</span><span class='Number'>1</span><span class='Delimiter'>,</span><span class='Parentheses'>(</span><span class='Keyword'>long</span><span class='Parentheses'>)</span><span class='Number'>1</span><span class='Delimiter'>,</span><span class='Keyword'>sizeof</span><span class='Parentheses'>(</span><span class='Keyword'>int</span><span class='Parentheses'>)</span><span class='Delimiter'>,</span>  
    <a href="../../include/ecpgtype.h.html#LN63"><span class='Ref_to_EnumConst'>ECPGt_NO_INDICATOR</span></a><span class='Delimiter'>, </span><span class='Null_Value'>NULL </span><span class='Delimiter'>, </span><span class='Number'>0L</span><span class='Delimiter'>, </span><span class='Number'>0L</span><span class='Delimiter'>, </span><span class='Number'>0L</span><span class='Delimiter'>, </span><a href="../../include/ecpgtype.h.html#LN62"><span class='Ref_to_EnumConst'>ECPGt_EORT</span></a><span class='Parentheses'>)</span><span class='Delimiter'>;} 
</span>#line <span class='Number'>87</span> <span class='String'>"thread_implicit.pgc"</span> 
 
  <span class='Delimiter'>{ </span><a href="../../include/ecpglib.h.html#LN52"><span class='Ref_to_Proto'>ECPGtrans</span></a><span class='Parentheses'>(</span>__LINE__<span class='Delimiter'>, </span><span class='Null_Value'>NULL</span><span class='Delimiter'>, </span><span class='String'>"commit"</span><span class='Parentheses'>)</span><span class='Delimiter'>;} 
</span>#line <span class='Number'>88</span> <span class='String'>"thread_implicit.pgc"</span> 
 
  <span class='Delimiter'>{ </span><a href="../../include/ecpglib.h.html#LN53"><span class='Ref_to_Proto'>ECPGdisconnect</span></a><span class='Parentheses'>(</span>__LINE__<span class='Delimiter'>, </span><span class='String'>"CURRENT"</span><span class='Parentheses'>)</span><span class='Delimiter'>;} 
</span>#line <span class='Number'>89</span> <span class='String'>"thread_implicit.pgc"</span> 
 
  <span class='Control'>if</span><span class='Parentheses'>(</span> <a href="thread-thread_implicit.c.html#LN59"><span class='Ref_To_Local'>l_rows</span></a> <span class='Operator'>== </span><span class='Parentheses'>(</span><a href="thread-thread.c.html#LN43"><span class='Ref_to_Global_Var'>nthreads</span></a> <span class='Operator'>* </span><a href="thread-thread.c.html#LN44"><span class='Ref_to_Global_Var'>iterations</span></a><span class='Parentheses'>) )</span> 
    <a href="../../../../include/port.h.html#LN173"><span class='Ref_to_Macro'>printf</span></a><span class='Parentheses'>(</span><span class='String'>"Success.\n"</span><span class='Parentheses'>)</span><span class='Delimiter'>; 
</span>  <span class='Control'>else</span> 
    <a href="../../../../include/port.h.html#LN173"><span class='Ref_to_Macro'>printf</span></a><span class='Parentheses'>(</span><span class='String'>"ERROR: Failure - expecting %d rows, got %d.\n"</span><span class='Delimiter'>, </span><a href="thread-thread.c.html#LN43"><span class='Ref_to_Global_Var'>nthreads</span></a> <span class='Operator'>* </span><a href="thread-thread.c.html#LN44"><span class='Ref_to_Global_Var'>iterations</span></a><span class='Delimiter'>, </span><a href="thread-thread_implicit.c.html#LN59"><span class='Ref_To_Local'>l_rows</span></a><span class='Parentheses'>)</span><span class='Delimiter'>; 
</span> 
  <span class='Control'>return</span><span class='Parentheses'>( </span><span class='Number'>0</span> <span class='Parentheses'>)</span><span class='Delimiter'>; 
}</span><span class='Auto_Annotations'> &laquo; end main &raquo; </span> 
 
<a name="LN138"></a><span class='Keyword'>void </span><span class='Operator'>*</span><span class='Declare_Function'>test_thread</span><span class='Parentheses'>(</span><span class='Keyword'>void </span><span class='Operator'>*</span><span class='Declare_Parameter'>arg</span><span class='Parentheses'>) 
</span><span class='Delimiter'>{ 
</span><a name="LN140"></a>  <span class='Keyword'>long </span><span class='Declare_Local'>threadnum</span> <span class='Operator'>= </span><span class='Parentheses'>(</span><span class='Keyword'>long</span><span class='Parentheses'>)</span><a href="thread-thread_implicit.c.html#LN138"><span class='Ref_to_Parameter'>arg</span></a><span class='Delimiter'>; 
</span>  <span class='Comment_Multi_Line'>/* exec sql begin declare section */ 
</span>     
    
   
#line <span class='Number'>102</span> <span class='String'>"thread_implicit.pgc"</span> 
<a name="LN146"></a> <span class='Keyword'>int </span><span class='Declare_Local'>l_i</span> <span class='Delimiter'>; 
</span>  
#line <span class='Number'>103</span> <span class='String'>"thread_implicit.pgc"</span> 
<a name="LN149"></a> <span class='Keyword'>char </span><span class='Declare_Local'>l_connection</span> <span class='Delimiter'>[ </span><span class='Number'>128</span> <span class='Delimiter'>] ; 
</span><span class='Comment_Multi_Line'>/* exec sql end declare section */ 
</span>#line <span class='Number'>104</span> <span class='String'>"thread_implicit.pgc"</span> 
 
 
  <span class='Comment_Multi_Line'>/* build up connection name, and connect to database */ 
</span><span class='Directive'>#ifndef</span> _MSC_VER 
  <a href="../../../../pl/plperl/plperl.h.html#LN60"><span class='Ref_to_Macro'>snprintf</span></a><span class='Parentheses'>(</span><a href="thread-thread_implicit.c.html#LN149"><span class='Ref_To_Local'>l_connection</span></a><span class='Delimiter'>, </span><span class='Keyword'>sizeof</span><span class='Parentheses'>(</span><a href="thread-thread_implicit.c.html#LN149"><span class='Ref_To_Local'>l_connection</span></a><span class='Parentheses'>)</span><span class='Delimiter'>, </span><span class='String'>"thread_%03ld"</span><span class='Delimiter'>, </span><a href="thread-thread_implicit.c.html#LN140"><span class='Ref_To_Local'>threadnum</span></a><span class='Parentheses'>)</span><span class='Delimiter'>; 
</span><span class='Directive'>#else</span> 
  _snprintf<span class='Parentheses'>(</span><a href="thread-thread_implicit.c.html#LN149"><span class='Ref_To_Local'>l_connection</span></a><span class='Delimiter'>, </span><span class='Keyword'>sizeof</span><span class='Parentheses'>(</span><a href="thread-thread_implicit.c.html#LN149"><span class='Ref_To_Local'>l_connection</span></a><span class='Parentheses'>)</span><span class='Delimiter'>, </span><span class='String'>"thread_%03ld"</span><span class='Delimiter'>, </span><a href="thread-thread_implicit.c.html#LN140"><span class='Ref_To_Local'>threadnum</span></a><span class='Parentheses'>)</span><span class='Delimiter'>; 
</span><span class='Directive'>#endif</span> 
  <span class='Comment_Multi_Line'>/* exec sql whenever sqlerror  sqlprint ; */ 
</span>#line <span class='Number'>112</span> <span class='String'>"thread_implicit.pgc"</span> 
 
  <span class='Delimiter'>{ </span><a href="../../include/ecpglib.h.html#LN50"><span class='Ref_to_Proto'>ECPGconnect</span></a><span class='Parentheses'>(</span>__LINE__<span class='Delimiter'>, </span><span class='Number'>0</span><span class='Delimiter'>, </span><span class='String'>"ecpg1_regression"</span> <span class='Delimiter'>, </span><span class='Null_Value'>NULL</span><span class='Delimiter'>, </span><span class='Null_Value'>NULL </span><span class='Delimiter'>, </span><a href="thread-thread_implicit.c.html#LN149"><span class='Ref_To_Local'>l_connection</span></a><span class='Delimiter'>, </span><span class='Number'>0</span><span class='Parentheses'>)</span><span class='Delimiter'>;</span>  
#line <span class='Number'>113</span> <span class='String'>"thread_implicit.pgc"</span> 
 
<span class='Control'>if</span> <span class='Parentheses'>(</span><a href="../../include/sqlca.h.html#LN58"><span class='Ref_to_Const'>sqlca</span></a><span class='Operator'>.</span><a href="../../include/sqlca.h.html#LN22"><span class='Ref_to_Member'>sqlcode</span></a> <span class='Operator'>&LT; </span><span class='Number'>0</span><span class='Parentheses'>) </span><a href="../../include/ecpglib.h.html#LN64"><span class='Ref_to_Proto'>sqlprint</span></a><span class='Parentheses'>()</span><span class='Delimiter'>;} 
</span>#line <span class='Number'>113</span> <span class='String'>"thread_implicit.pgc"</span> 
 
  <span class='Control'>if</span><span class='Parentheses'>( </span><a href="../../include/sqlca.h.html#LN58"><span class='Ref_to_Const'>sqlca</span></a><span class='Operator'>.</span><a href="../../include/sqlca.h.html#LN22"><span class='Ref_to_Member'>sqlcode</span></a> <span class='Operator'>!= </span><span class='Number'>0</span> <span class='Parentheses'>) 
</span>    <span class='Delimiter'>{ 
</span>      <a href="../../../../include/port.h.html#LN173"><span class='Ref_to_Macro'>printf</span></a><span class='Parentheses'>(</span><span class='String'>"%s: ERROR: cannot connect to database!\n"</span><span class='Delimiter'>, </span><a href="thread-thread_implicit.c.html#LN149"><span class='Ref_To_Local'>l_connection</span></a><span class='Parentheses'>)</span><span class='Delimiter'>; 
</span>      <span class='Control'>return</span><span class='Parentheses'>( </span><span class='Null_Value'>NULL </span><span class='Parentheses'>)</span><span class='Delimiter'>; 
</span>    <span class='Delimiter'>} 
</span>  <span class='Delimiter'>{ </span><a href="../../include/ecpglib.h.html#LN52"><span class='Ref_to_Proto'>ECPGtrans</span></a><span class='Parentheses'>(</span>__LINE__<span class='Delimiter'>, </span><span class='Null_Value'>NULL</span><span class='Delimiter'>, </span><span class='String'>"begin"</span><span class='Parentheses'>)</span><span class='Delimiter'>; 
</span>#line <span class='Number'>119</span> <span class='String'>"thread_implicit.pgc"</span> 
 
<span class='Control'>if</span> <span class='Parentheses'>(</span><a href="../../include/sqlca.h.html#LN58"><span class='Ref_to_Const'>sqlca</span></a><span class='Operator'>.</span><a href="../../include/sqlca.h.html#LN22"><span class='Ref_to_Member'>sqlcode</span></a> <span class='Operator'>&LT; </span><span class='Number'>0</span><span class='Parentheses'>) </span><a href="../../include/ecpglib.h.html#LN64"><span class='Ref_to_Proto'>sqlprint</span></a><span class='Parentheses'>()</span><span class='Delimiter'>;} 
</span>#line <span class='Number'>119</span> <span class='String'>"thread_implicit.pgc"</span> 
 
 
  <span class='Comment_Multi_Line'>/* insert into test_thread table */ 
</span>  <span class='Control'>for</span><span class='Parentheses'>( </span><a href="thread-thread_implicit.c.html#LN146"><span class='Ref_To_Local'>l_i</span></a> <span class='Operator'>= </span><span class='Number'>1</span><span class='Delimiter'>; </span><a href="thread-thread_implicit.c.html#LN146"><span class='Ref_To_Local'>l_i</span></a> <span class='Operator'>&LT;= </span><a href="thread-thread.c.html#LN44"><span class='Ref_to_Global_Var'>iterations</span></a><span class='Delimiter'>; </span><a href="thread-thread_implicit.c.html#LN146"><span class='Ref_To_Local'>l_i</span></a><span class='Operator'>++ </span><span class='Parentheses'>) 
</span>    <span class='Delimiter'>{ 
</span>      <span class='Delimiter'>{ </span><a href="../../include/ecpglib.h.html#LN51"><span class='Ref_to_Proto'>ECPGdo</span></a><span class='Parentheses'>(</span>__LINE__<span class='Delimiter'>, </span><span class='Number'>0</span><span class='Delimiter'>, </span><span class='Number'>1</span><span class='Delimiter'>, </span><span class='Null_Value'>NULL</span><span class='Delimiter'>, </span><span class='Number'>0</span><span class='Delimiter'>, </span><a href="../../include/ecpgtype.h.html#LN95"><span class='Ref_to_EnumConst'>ECPGst_normal</span></a><span class='Delimiter'>, </span><span class='String'>"insert into test_thread ( thread , iteration ) values ( $1  , $2  )"</span><span class='Delimiter'>,</span>  
    <a href="../../include/ecpgtype.h.html#LN42"><span class='Ref_to_EnumConst'>ECPGt_char</span></a><span class='Delimiter'>,</span><span class='Parentheses'>(</span><a href="thread-thread_implicit.c.html#LN149"><span class='Ref_To_Local'>l_connection</span></a><span class='Parentheses'>)</span><span class='Delimiter'>,</span><span class='Parentheses'>(</span><span class='Keyword'>long</span><span class='Parentheses'>)</span><span class='Number'>128</span><span class='Delimiter'>,</span><span class='Parentheses'>(</span><span class='Keyword'>long</span><span class='Parentheses'>)</span><span class='Number'>1</span><span class='Delimiter'>,</span><span class='Parentheses'>(</span><span class='Number'>128</span><span class='Parentheses'>)</span><span class='Operator'>*</span><span class='Keyword'>sizeof</span><span class='Parentheses'>(</span><span class='Keyword'>char</span><span class='Parentheses'>)</span><span class='Delimiter'>,</span>  
    <a href="../../include/ecpgtype.h.html#LN63"><span class='Ref_to_EnumConst'>ECPGt_NO_INDICATOR</span></a><span class='Delimiter'>, </span><span class='Null_Value'>NULL </span><span class='Delimiter'>, </span><span class='Number'>0L</span><span class='Delimiter'>, </span><span class='Number'>0L</span><span class='Delimiter'>, </span><span class='Number'>0L</span><span class='Delimiter'>,</span>  
    <a href="../../include/ecpgtype.h.html#LN43"><span class='Ref_to_EnumConst'>ECPGt_int</span></a><span class='Delimiter'>,</span><span class='Operator'>&</span><span class='Parentheses'>(</span><a href="thread-thread_implicit.c.html#LN146"><span class='Ref_To_Local'>l_i</span></a><span class='Parentheses'>)</span><span class='Delimiter'>,</span><span class='Parentheses'>(</span><span class='Keyword'>long</span><span class='Parentheses'>)</span><span class='Number'>1</span><span class='Delimiter'>,</span><span class='Parentheses'>(</span><span class='Keyword'>long</span><span class='Parentheses'>)</span><span class='Number'>1</span><span class='Delimiter'>,</span><span class='Keyword'>sizeof</span><span class='Parentheses'>(</span><span class='Keyword'>int</span><span class='Parentheses'>)</span><span class='Delimiter'>,</span>  
    <a href="../../include/ecpgtype.h.html#LN63"><span class='Ref_to_EnumConst'>ECPGt_NO_INDICATOR</span></a><span class='Delimiter'>, </span><span class='Null_Value'>NULL </span><span class='Delimiter'>, </span><span class='Number'>0L</span><span class='Delimiter'>, </span><span class='Number'>0L</span><span class='Delimiter'>, </span><span class='Number'>0L</span><span class='Delimiter'>, </span><a href="../../include/ecpgtype.h.html#LN61"><span class='Ref_to_EnumConst'>ECPGt_EOIT</span></a><span class='Delimiter'>, </span><a href="../../include/ecpgtype.h.html#LN62"><span class='Ref_to_EnumConst'>ECPGt_EORT</span></a><span class='Parentheses'>)</span><span class='Delimiter'>; 
</span>#line <span class='Number'>124</span> <span class='String'>"thread_implicit.pgc"</span> 
 
<span class='Control'>if</span> <span class='Parentheses'>(</span><a href="../../include/sqlca.h.html#LN58"><span class='Ref_to_Const'>sqlca</span></a><span class='Operator'>.</span><a href="../../include/sqlca.h.html#LN22"><span class='Ref_to_Member'>sqlcode</span></a> <span class='Operator'>&LT; </span><span class='Number'>0</span><span class='Parentheses'>) </span><a href="../../include/ecpglib.h.html#LN64"><span class='Ref_to_Proto'>sqlprint</span></a><span class='Parentheses'>()</span><span class='Delimiter'>;} 
</span>#line <span class='Number'>124</span> <span class='String'>"thread_implicit.pgc"</span> 
 
      <span class='Control'>if</span><span class='Parentheses'>( </span><a href="../../include/sqlca.h.html#LN58"><span class='Ref_to_Const'>sqlca</span></a><span class='Operator'>.</span><a href="../../include/sqlca.h.html#LN22"><span class='Ref_to_Member'>sqlcode</span></a> <span class='Operator'>!= </span><span class='Number'>0</span> <span class='Parentheses'>) 
</span>    <a href="../../../../include/port.h.html#LN173"><span class='Ref_to_Macro'>printf</span></a><span class='Parentheses'>(</span><span class='String'>"%s: ERROR: insert failed!\n"</span><span class='Delimiter'>, </span><a href="thread-thread_implicit.c.html#LN149"><span class='Ref_To_Local'>l_connection</span></a><span class='Parentheses'>)</span><span class='Delimiter'>; 
</span>    <span class='Delimiter'>} 
</span> 
  <span class='Comment_Multi_Line'>/* all done */ 
</span>  <span class='Delimiter'>{ </span><a href="../../include/ecpglib.h.html#LN52"><span class='Ref_to_Proto'>ECPGtrans</span></a><span class='Parentheses'>(</span>__LINE__<span class='Delimiter'>, </span><span class='Null_Value'>NULL</span><span class='Delimiter'>, </span><span class='String'>"commit"</span><span class='Parentheses'>)</span><span class='Delimiter'>; 
</span>#line <span class='Number'>130</span> <span class='String'>"thread_implicit.pgc"</span> 
 
<span class='Control'>if</span> <span class='Parentheses'>(</span><a href="../../include/sqlca.h.html#LN58"><span class='Ref_to_Const'>sqlca</span></a><span class='Operator'>.</span><a href="../../include/sqlca.h.html#LN22"><span class='Ref_to_Member'>sqlcode</span></a> <span class='Operator'>&LT; </span><span class='Number'>0</span><span class='Parentheses'>) </span><a href="../../include/ecpglib.h.html#LN64"><span class='Ref_to_Proto'>sqlprint</span></a><span class='Parentheses'>()</span><span class='Delimiter'>;} 
</span>#line <span class='Number'>130</span> <span class='String'>"thread_implicit.pgc"</span> 
 
  <span class='Delimiter'>{ </span><a href="../../include/ecpglib.h.html#LN53"><span class='Ref_to_Proto'>ECPGdisconnect</span></a><span class='Parentheses'>(</span>__LINE__<span class='Delimiter'>, </span><a href="thread-thread_implicit.c.html#LN149"><span class='Ref_To_Local'>l_connection</span></a><span class='Parentheses'>)</span><span class='Delimiter'>; 
</span>#line <span class='Number'>131</span> <span class='String'>"thread_implicit.pgc"</span> 
 
<span class='Control'>if</span> <span class='Parentheses'>(</span><a href="../../include/sqlca.h.html#LN58"><span class='Ref_to_Const'>sqlca</span></a><span class='Operator'>.</span><a href="../../include/sqlca.h.html#LN22"><span class='Ref_to_Member'>sqlcode</span></a> <span class='Operator'>&LT; </span><span class='Number'>0</span><span class='Parentheses'>) </span><a href="../../include/ecpglib.h.html#LN64"><span class='Ref_to_Proto'>sqlprint</span></a><span class='Parentheses'>()</span><span class='Delimiter'>;} 
</span>#line <span class='Number'>131</span> <span class='String'>"thread_implicit.pgc"</span> 
 
  <span class='Control'>return</span><span class='Parentheses'>( </span><span class='Null_Value'>NULL </span><span class='Parentheses'>)</span><span class='Delimiter'>; 
}</span><span class='Auto_Annotations'> &laquo; end test_thread &raquo; </span> 
<span class='Directive'>#endif</span> <span class='Comment_Single_Line'>/* ENABLE_THREAD_SAFETY */ 
</span></pre>
<table bgcolor='#c0c0c0' width='100%'><tr><td><a href='../../../../../Contents.html'>Contents</a></td></tr>
</table><hr><p class='blurb' align='center'><a href='http://www.sourceinsight.com'>HTML Created by Source Insight Version 4.00.0084 Built on 2017-02-26</a></p>
</body></html>